ARM Linker, 5.03 [Build 76] [MDK-ARM Professional]

==============================================================================

Section Cross References

    startup.o(STACK) refers (Special) to heapauxi.o(.text) for __use_two_region_memory
    startup.o(HEAP) refers (Special) to heapauxi.o(.text) for __use_two_region_memory
    startup.o(RESET) refers (Special) to heapauxi.o(.text) for __use_two_region_memory
    startup.o(RESET) refers to startup.o(STACK) for StackMem
    startup.o(RESET) refers to timer1.o(i.Timer1A_Handler) for Timer1A_Handler
    startup.o(RESET) refers to timer2.o(i.Timer2A_Handler) for Timer2A_Handler
    startup.o(RESET) refers to __main.o(!!!main) for __main
    startup.o(.text) refers (Special) to heapauxi.o(.text) for __use_two_region_memory
    startup.o(.text) refers to startup.o(HEAP) for HeapMem
    startup.o(.text) refers to startup.o(STACK) for StackMem
    st7735.o(i.Output_Clear) refers to st7735.o(i.ST7735_FillScreen) for ST7735_FillScreen
    st7735.o(i.Output_Color) refers to st7735.o(i.ST7735_SetTextColor) for ST7735_SetTextColor
    st7735.o(i.Output_Init) refers to st7735.o(i.ST7735_InitR) for ST7735_InitR
    st7735.o(i.Output_Init) refers to st7735.o(i.ST7735_FillScreen) for ST7735_FillScreen
    st7735.o(i.Output_Off) refers to st7735.o(i.Output_Clear) for Output_Clear
    st7735.o(i.Output_On) refers to st7735.o(i.Output_Init) for Output_Init
    st7735.o(i.ST7735_DrawBitmap) refers to st7735.o(i.setAddrWindow) for setAddrWindow
    st7735.o(i.ST7735_DrawBitmap) refers to st7735.o(i.writedata) for writedata
    st7735.o(i.ST7735_DrawBitmap) refers to st7735.o(.data) for _width
    st7735.o(i.ST7735_DrawChar) refers to st7735.o(i.setAddrWindow) for setAddrWindow
    st7735.o(i.ST7735_DrawChar) refers to st7735.o(i.pushColor) for pushColor
    st7735.o(i.ST7735_DrawChar) refers to st7735.o(.data) for _width
    st7735.o(i.ST7735_DrawChar) refers to st7735.o(.constdata) for Font
    st7735.o(i.ST7735_DrawCharS) refers to st7735.o(i.ST7735_DrawPixel) for ST7735_DrawPixel
    st7735.o(i.ST7735_DrawCharS) refers to st7735.o(i.ST7735_FillRect) for ST7735_FillRect
    st7735.o(i.ST7735_DrawCharS) refers to st7735.o(.data) for _width
    st7735.o(i.ST7735_DrawCharS) refers to st7735.o(.constdata) for Font
    st7735.o(i.ST7735_DrawFastHLine) refers to st7735.o(i.setAddrWindow) for setAddrWindow
    st7735.o(i.ST7735_DrawFastHLine) refers to st7735.o(i.writedata) for writedata
    st7735.o(i.ST7735_DrawFastHLine) refers to st7735.o(.data) for _width
    st7735.o(i.ST7735_DrawFastVLine) refers to st7735.o(i.setAddrWindow) for setAddrWindow
    st7735.o(i.ST7735_DrawFastVLine) refers to st7735.o(i.writedata) for writedata
    st7735.o(i.ST7735_DrawFastVLine) refers to st7735.o(.data) for _width
    st7735.o(i.ST7735_DrawPixel) refers to st7735.o(i.setAddrWindow) for setAddrWindow
    st7735.o(i.ST7735_DrawPixel) refers to st7735.o(i.pushColor) for pushColor
    st7735.o(i.ST7735_DrawPixel) refers to st7735.o(.data) for _width
    st7735.o(i.ST7735_DrawString) refers to st7735.o(i.ST7735_DrawCharS) for ST7735_DrawCharS
    st7735.o(i.ST7735_FillRect) refers to st7735.o(i.setAddrWindow) for setAddrWindow
    st7735.o(i.ST7735_FillRect) refers to st7735.o(i.writedata) for writedata
    st7735.o(i.ST7735_FillRect) refers to st7735.o(.data) for _width
    st7735.o(i.ST7735_FillScreen) refers to st7735.o(i.ST7735_FillRect) for ST7735_FillRect
    st7735.o(i.ST7735_FillScreen) refers to st7735.o(.data) for _height
    st7735.o(i.ST7735_InitB) refers to st7735.o(i.commonInit) for commonInit
    st7735.o(i.ST7735_InitB) refers to st7735.o(i.ST7735_SetCursor) for ST7735_SetCursor
    st7735.o(i.ST7735_InitB) refers to st7735.o(i.ST7735_FillScreen) for ST7735_FillScreen
    st7735.o(i.ST7735_InitB) refers to st7735.o(.constdata) for Bcmd
    st7735.o(i.ST7735_InitB) refers to st7735.o(.data) for StTextColor
    st7735.o(i.ST7735_InitR) refers to st7735.o(i.commonInit) for commonInit
    st7735.o(i.ST7735_InitR) refers to st7735.o(i.commandList) for commandList
    st7735.o(i.ST7735_InitR) refers to st7735.o(i.writecommand) for writecommand
    st7735.o(i.ST7735_InitR) refers to st7735.o(i.writedata) for writedata
    st7735.o(i.ST7735_InitR) refers to st7735.o(i.ST7735_SetCursor) for ST7735_SetCursor
    st7735.o(i.ST7735_InitR) refers to st7735.o(i.ST7735_FillScreen) for ST7735_FillScreen
    st7735.o(i.ST7735_InitR) refers to st7735.o(.constdata) for Rcmd1
    st7735.o(i.ST7735_InitR) refers to st7735.o(.data) for ColStart
    st7735.o(i.ST7735_InvertDisplay) refers to st7735.o(i.writecommand) for writecommand
    st7735.o(i.ST7735_Line) refers to dflt_clz.o(x$fpl$dfltu) for __aeabi_ui2d
    st7735.o(i.ST7735_Line) refers to st7735.o(i.ST7735_DrawPixel) for ST7735_DrawPixel
    st7735.o(i.ST7735_Line) refers to dflt_clz.o(x$fpl$dflt) for __aeabi_i2d
    st7735.o(i.ST7735_Line) refers to ddiv.o(x$fpl$ddiv) for __aeabi_ddiv
[...]
    _get_argv_nomalloc.o(.text) refers (Special) to hrguard.o(.text) for __heap_region$guard
    _get_argv_nomalloc.o(.text) refers to defsig_rtmem_outer.o(.text) for __rt_SIGRTMEM
    _get_argv_nomalloc.o(.text) refers to sys_command.o(.text) for _sys_command_string
    libshutdown.o(.ARM.Collect$$libshutdown$$00000000) refers (Special) to libshutdown2.o(.ARM.Collect$$libshutdown$$00000006) for __rt_lib_shutdown_fp_trap_1
    libshutdown.o(.ARM.Collect$$libshutdown$$00000000) refers (Special) to libshutdown2.o(.ARM.Collect$$libshutdown$$0000000E) for __rt_lib_shutdown_heap_1
    libshutdown.o(.ARM.Collect$$libshutdown$$00000000) refers (Special) to libshutdown2.o(.ARM.Collect$$libshutdown$$0000000F) for __rt_lib_shutdown_return
    libshutdown.o(.ARM.Collect$$libshutdown$$00000000) refers (Special) to libshutdown2.o(.ARM.Collect$$libshutdown$$00000009) for __rt_lib_shutdown_signal_1
    libshutdown.o(.ARM.Collect$$libshutdown$$00000000) refers (Special) to libshutdown2.o(.ARM.Collect$$libshutdown$$00000003) for __rt_lib_shutdown_stdio_1
    libshutdown.o(.ARM.Collect$$libshutdown$$00000000) refers (Special) to libshutdown2.o(.ARM.Collect$$libshutdown$$0000000B) for __rt_lib_shutdown_user_alloc_1
    sys_command.o(.text) refers (Special) to use_no_semi.o(.text) for __I$use$semihosting
    sys_command.o(.text) refers (Special) to indicate_semi.o(.text) for __semihosting_library_function
    defsig_rtmem_outer.o(.text) refers to defsig_rtmem_inner.o(.text) for __rt_SIGRTMEM_inner
    defsig_rtmem_outer.o(.text) refers to defsig_exit.o(.text) for __sig_exit
    defsig_rtmem_formal.o(.text) refers to rt_raise.o(.text) for __rt_raise
    rt_raise.o(.text) refers to __raise.o(.text) for __raise
    rt_raise.o(.text) refers to sys_exit.o(.text) for _sys_exit
    defsig_exit.o(.text) refers to sys_exit.o(.text) for _sys_exit
    defsig_rtmem_inner.o(.text) refers to defsig_general.o(.text) for __default_signal_display
    __raise.o(.text) refers to defsig.o(CL$$defsig) for __default_signal_handler
    defsig_general.o(.text) refers to sys_wrch.o(.text) for _ttywrch
    sys_wrch.o(.text) refers (Special) to use_no_semi.o(.text) for __I$use$semihosting
    sys_wrch.o(.text) refers (Special) to indicate_semi.o(.text) for __semihosting_library_function
    defsig.o(CL$$defsig) refers to defsig_rtmem_inner.o(.text) for __rt_SIGRTMEM_inner
    defsig_abrt_inner.o(.text) refers to defsig_general.o(.text) for __default_signal_display
    defsig_fpe_inner.o(.text) refers to defsig_general.o(.text) for __default_signal_display
    defsig_rtred_inner.o(.text) refers to defsig_general.o(.text) for __default_signal_display
    defsig_stak_inner.o(.text) refers to defsig_general.o(.text) for __default_signal_display
    defsig_pvfn_inner.o(.text) refers to defsig_general.o(.text) for __default_signal_display
    defsig_cppl_inner.o(.text) refers to defsig_general.o(.text) for __default_signal_display
    defsig_segv_inner.o(.text) refers to defsig_general.o(.text) for __default_signal_display
    defsig_other.o(.text) refers to defsig_general.o(.text) for __default_signal_display


==============================================================================

Removing Unused input sections from the image.

    Removing st7735.o(i.Output_Clear), (10 bytes).
    Removing st7735.o(i.Output_Color), (12 bytes).
    Removing st7735.o(i.Output_Init), (16 bytes).
    Removing st7735.o(i.Output_Off), (8 bytes).
    Removing st7735.o(i.Output_On), (8 bytes).
    Removing st7735.o(i.ST7735_Color565), (24 bytes).
    Removing st7735.o(i.ST7735_DrawChar), (268 bytes).
    Removing st7735.o(i.ST7735_DrawFastHLine), (124 bytes).
    Removing st7735.o(i.ST7735_DrawFastVLine), (124 bytes).
    Removing st7735.o(i.ST7735_InitB), (40 bytes).
    Removing st7735.o(i.ST7735_InvertDisplay), (22 bytes).
    Removing st7735.o(i.ST7735_OutUDec), (140 bytes).
    Removing st7735.o(i.ST7735_PlotBar), (88 bytes).
    Removing st7735.o(i.ST7735_PlotClear), (92 bytes).
    Removing st7735.o(i.ST7735_PlotLine), (264 bytes).
    Removing st7735.o(i.ST7735_PlotNext), (32 bytes).
    Removing st7735.o(i.ST7735_PlotNextErase), (64 bytes).
    Removing st7735.o(i.ST7735_PlotPoint), (152 bytes).
    Removing st7735.o(i.ST7735_PlotPoints), (172 bytes).
    Removing st7735.o(i.ST7735_PlotdBfs), (60 bytes).
    Removing st7735.o(i.ST7735_SetTextColor), (12 bytes).
    Removing st7735.o(i.ST7735_SwapColor), (18 bytes).
    Removing st7735.o(i.ferror), (8 bytes).
    Removing st7735.o(i.fgetc), (6 bytes).
    Removing st7735.o(i.fillmessage), (72 bytes).
    Removing st7735.o(i.fputc), (16 bytes).
    Removing st7735.o(.bss), (12 bytes).
    Removing lcdinterface.o(i.LCD_Clear_Hands), (20 bytes).
    Removing lcdinterface.o(i.LCD_Print_Clock_Face), (32 bytes).

29 unused section(s) (total 1916 bytes) removed from the image.

==============================================================================

Image Symbol Table

    Local Symbols

    Symbol Name                              Value     Ov Type        Size  Object(Section)

    RESET                                    0x00000000   Section      644  startup.o(RESET)
    ../clib/angel/boardlib.s                 0x00000000   Number         0  boardinit1.o ABSOLUTE
    ../clib/angel/boardlib.s                 0x00000000   Number         0  boardshut.o ABSOLUTE
    ../clib/angel/boardlib.s                 0x00000000   Number         0  boardinit2.o ABSOLUTE
    ../clib/angel/boardlib.s                 0x00000000   Number         0  boardinit3.o ABSOLUTE
    ../clib/angel/dczerorl2.s                0x00000000   Number         0  __dczerorl2.o ABSOLUTE
    ../clib/angel/handlers.s                 0x00000000   Number         0  __scatter_zi.o ABSOLUTE
    ../clib/angel/kernel.s                   0x00000000   Number         0  rtentry2.o ABSOLUTE
    ../clib/angel/kernel.s                   0x00000000   Number         0  rtexit.o ABSOLUTE
    ../clib/angel/kernel.s                   0x00000000   Number         0  rtexit2.o ABSOLUTE
    ../clib/angel/kernel.s                   0x00000000   Number         0  rtentry.o ABSOLUTE
    ../clib/angel/kernel.s                   0x00000000   Number         0  rtentry4.o ABSOLUTE
    ../clib/angel/rt.s                       0x00000000   Number         0  rt_errno_addr.o ABSOLUTE
    ../clib/angel/rt.s                       0x00000000   Number         0  rt_errno_addr_intlibspace.o ABSOLUTE
    ../clib/angel/rt.s                       0x00000000   Number         0  rt_raise.o ABSOLUTE
    ../clib/angel/scatter.s                  0x00000000   Number         0  __scatter.o ABSOLUTE
    ../clib/angel/startup.s                  0x00000000   Number         0  __main.o ABSOLUTE
    ../clib/angel/sys.s                      0x00000000   Number         0  indicate_semi.o ABSOLUTE
    ../clib/angel/sys.s                      0x00000000   Number         0  sys_stackheap_outer.o ABSOLUTE
    ../clib/angel/sys.s                      0x00000000   Number         0  use_no_semi.o ABSOLUTE
    ../clib/angel/sys.s                      0x00000000   Number         0  libspace.o ABSOLUTE
    ../clib/angel/sysapp.c                   0x00000000   Number         0  sys_command.o ABSOLUTE
    ../clib/angel/sysapp.c                   0x00000000   Number         0  sys_exit.o ABSOLUTE
    ../clib/angel/sysapp.c                   0x00000000   Number         0  sys_wrch.o ABSOLUTE
    ../clib/armsys.c                         0x00000000   Number         0  argv_veneer.o ABSOLUTE
    ../clib/armsys.c                         0x00000000   Number         0  _get_argv_nomalloc.o ABSOLUTE
    ../clib/armsys.c                         0x00000000   Number         0  no_argv.o ABSOLUTE
    ../clib/armsys.c                         0x00000000   Number         0  argv_veneer.o ABSOLUTE
    ../clib/fenv.c                           0x00000000   Number         0  _rserrno.o ABSOLUTE
    ../clib/heapalloc.c                      0x00000000   Number         0  hrguard.o ABSOLUTE
    ../clib/heapaux.c                        0x00000000   Number         0  heapauxi.o ABSOLUTE
    ../clib/libinit.s                        0x00000000   Number         0  libinit2.o ABSOLUTE
    ../clib/libinit.s                        0x00000000   Number         0  libinit.o ABSOLUTE
    ../clib/libinit.s                        0x00000000   Number         0  libshutdown2.o ABSOLUTE
    ../clib/libinit.s                        0x00000000   Number         0  libshutdown.o ABSOLUTE
    ../clib/memcpset.s                       0x00000000   Number         0  rt_memcpy_w.o ABSOLUTE
    ../clib/signal.c                         0x00000000   Number         0  defsig_rtred_inner.o ABSOLUTE
    ../clib/signal.c                         0x00000000   Number         0  defsig_segv_inner.o ABSOLUTE
    ../clib/signal.c                         0x00000000   Number         0  defsig_fpe_inner.o ABSOLUTE
    ../clib/signal.c                         0x00000000   Number         0  defsig_abrt_inner.o ABSOLUTE
    ../clib/signal.c                         0x00000000   Number         0  defsig_rtmem_inner.o ABSOLUTE
    ../clib/signal.c                         0x00000000   Number         0  __raise.o ABSOLUTE
    ../clib/signal.c                         0x00000000   Number         0  defsig_cppl_inner.o ABSOLUTE
    ../clib/signal.c                         0x00000000   Number         0  defsig_other.o ABSOLUTE
    ../clib/signal.c                         0x00000000   Number         0  defsig_general.o ABSOLUTE
    ../clib/signal.c                         0x00000000   Number         0  defsig_rtmem_outer.o ABSOLUTE
    ../clib/signal.c                         0x00000000   Number         0  defsig_exit.o ABSOLUTE
    ../clib/signal.c                         0x00000000   Number         0  defsig_pvfn_inner.o ABSOLUTE
    ../clib/signal.c                         0x00000000   Number         0  defsig_stak_inner.o ABSOLUTE
    ../clib/signal.c                         0x00000000   Number         0  defsig_rtmem_formal.o ABSOLUTE
    ../clib/signal.s                         0x00000000   Number         0  defsig.o ABSOLUTE
    ../clib/stdlib.c                         0x00000000   Number         0  exit.o ABSOLUTE
    ../fplib/daddsub.s                       0x00000000   Number         0  daddsub_clz.o ABSOLUTE
    ../fplib/dcheck1.s                       0x00000000   Number         0  dcheck1.o ABSOLUTE
    ../fplib/dcmpi.s                         0x00000000   Number         0  dcmpi.o ABSOLUTE
    ../fplib/ddiv.s                          0x00000000   Number         0  ddiv.o ABSOLUTE
    ../fplib/dfix.s                          0x00000000   Number         0  dfix.o ABSOLUTE
    ../fplib/dfixu.s                         0x00000000   Number         0  dfixu.o ABSOLUTE
    ../fplib/dflt.s                          0x00000000   Number         0  dflt_clz.o ABSOLUTE
    ../fplib/dleqf.s                         0x00000000   Number         0  dleqf.o ABSOLUTE
    ../fplib/dmul.s                          0x00000000   Number         0  dmul.o ABSOLUTE
    ../fplib/dnaninf.s                       0x00000000   Number         0  dnaninf.o ABSOLUTE
    ../fplib/dretinf.s                       0x00000000   Number         0  dretinf.o ABSOLUTE
    ../fplib/drleqf.s                        0x00000000   Number         0  drleqf.o ABSOLUTE
    ../fplib/drnd.s                          0x00000000   Number         0  drnd.o ABSOLUTE
    ../fplib/fpinit.s                        0x00000000   Number         0  fpinit.o ABSOLUTE
    ../fplib/retnan.s                        0x00000000   Number         0  retnan.o ABSOLUTE
    ../fplib/scalbn.s                        0x00000000   Number         0  scalbn.o ABSOLUTE
    ../fplib/trapv.s                         0x00000000   Number         0  trapv.o ABSOLUTE
    ../fplib/usenofp.s                       0x00000000   Number         0  usenofp.o ABSOLUTE
    ../mathlib/cos.c                         0x00000000   Number         0  cos_x.o ABSOLUTE
    ../mathlib/cos.c                         0x00000000   Number         0  cos.o ABSOLUTE
    ../mathlib/cos_i.c                       0x00000000   Number         0  cos_i.o ABSOLUTE
    ../mathlib/dunder.c                      0x00000000   Number         0  dunder.o ABSOLUTE
    ../mathlib/fpclassify.c                  0x00000000   Number         0  fpclassify.o ABSOLUTE
    ../mathlib/poly.c                        0x00000000   Number         0  poly.o ABSOLUTE
    ../mathlib/round.c                       0x00000000   Number         0  round.o ABSOLUTE
    ../mathlib/rred.c                        0x00000000   Number         0  rred.o ABSOLUTE
    ../mathlib/sin.c                         0x00000000   Number         0  sin_x.o ABSOLUTE
    ../mathlib/sin.c                         0x00000000   Number         0  sin.o ABSOLUTE
    ../mathlib/sin_i.c                       0x00000000   Number         0  sin_i.o ABSOLUTE
    ../mathlib/sin_i.c                       0x00000000   Number         0  sin_i_x.o ABSOLUTE
    AlarmClockTestMain.c                     0x00000000   Number         0  alarmclocktestmain.o ABSOLUTE
    Heartbeat.c                              0x00000000   Number         0  heartbeat.o ABSOLUTE
    KeepTime.c                               0x00000000   Number         0  keeptime.o ABSOLUTE
    LCDInterface.c                           0x00000000   Number         0  lcdinterface.o ABSOLUTE
    PLL.c                                    0x00000000   Number         0  pll.o ABSOLUTE
    ST7735.c                                 0x00000000   Number         0  st7735.o ABSOLUTE
    Speaker.c                                0x00000000   Number         0  speaker.o ABSOLUTE
    Switch.c                                 0x00000000   Number         0  switch.o ABSOLUTE
    Timer1.c                                 0x00000000   Number         0  timer1.o ABSOLUTE
    Timer2.c                                 0x00000000   Number         0  timer2.o ABSOLUTE
    dc.s                                     0x00000000   Number         0  dc.o ABSOLUTE
    startup.s                                0x00000000   Number         0  startup.o ABSOLUTE
    !!!main                                  0x00000284   Section        8  __main.o(!!!main)
    !!!scatter                               0x0000028c   Section       52  __scatter.o(!!!scatter)
    !!dczerorl2                              0x000002c0   Section       90  __dczerorl2.o(!!dczerorl2)
    !!handler_zi                             0x0000031c   Section       28  __scatter_zi.o(!!handler_zi)
    .ARM.Collect$$libinit$$00000000          0x00000338   Section        2  libinit.o(.ARM.Collect$$libinit$$00000000)
    .ARM.Collect$$libinit$$00000002          0x0000033a   Section        0  libinit2.o(.ARM.Collect$$libinit$$00000002)
    .ARM.Collect$$libinit$$00000008          0x0000033a   Section        0  libinit2.o(.ARM.Collect$$libinit$$00000008)
    .ARM.Collect$$libinit$$0000000A          0x0000033a   Section        0  libinit2.o(.ARM.Collect$$libinit$$0000000A)
    .ARM.Collect$$libinit$$0000000C          0x0000033a   Section        0  libinit2.o(.ARM.Collect$$libinit$$0000000C)
    .ARM.Collect$$libinit$$0000000F          0x0000033a   Section        0  libinit2.o(.ARM.Collect$$libinit$$0000000F)
    .ARM.Collect$$libinit$$00000011          0x0000033a   Section        0  libinit2.o(.ARM.Collect$$libinit$$00000011)
    .ARM.Collect$$libinit$$00000013          0x0000033a   Section        0  libinit2.o(.ARM.Collect$$libinit$$00000013)
    .ARM.Collect$$libinit$$00000015          0x0000033a   Section        0  libinit2.o(.ARM.Collect$$libinit$$00000015)
    .ARM.Collect$$libinit$$00000017          0x0000033a   Section        0  libinit2.o(.ARM.Collect$$libinit$$00000017)
    .ARM.Collect$$libinit$$00000019          0x0000033a   Section        0  libinit2.o(.ARM.Collect$$libinit$$00000019)
    .ARM.Collect$$libinit$$0000001B          0x0000033a   Section        0  libinit2.o(.ARM.Collect$$libinit$$0000001B)
    .ARM.Collect$$libinit$$0000001D          0x0000033a   Section        0  libinit2.o(.ARM.Collect$$libinit$$0000001D)
    .ARM.Collect$$libinit$$0000001F          0x0000033a   Section        0  libinit2.o(.ARM.Collect$$libinit$$0000001F)
    .ARM.Collect$$libinit$$00000021          0x0000033a   Section        0  libinit2.o(.ARM.Collect$$libinit$$00000021)
    .ARM.Collect$$libinit$$00000023          0x0000033a   Section        0  libinit2.o(.ARM.Collect$$libinit$$00000023)
    .ARM.Collect$$libinit$$0000002A          0x0000033a   Section        0  libinit2.o(.ARM.Collect$$libinit$$0000002A)
    .ARM.Collect$$libinit$$0000002C          0x0000033a   Section        0  libinit2.o(.ARM.Collect$$libinit$$0000002C)
    .ARM.Collect$$libinit$$0000002E          0x0000033a   Section        0  libinit2.o(.ARM.Collect$$libinit$$0000002E)
    .ARM.Collect$$libinit$$00000030          0x0000033a   Section        0  libinit2.o(.ARM.Collect$$libinit$$00000030)
    .ARM.Collect$$libinit$$00000031          0x0000033a   Section        2  libinit2.o(.ARM.Collect$$libinit$$00000031)
    .ARM.Collect$$libshutdown$$00000000      0x0000033c   Section        2  libshutdown.o(.ARM.Collect$$libshutdown$$00000000)
    .ARM.Collect$$libshutdown$$00000003      0x0000033e   Section        0  libshutdown2.o(.ARM.Collect$$libshutdown$$00000003)
    .ARM.Collect$$libshutdown$$00000006      0x0000033e   Section        0  libshutdown2.o(.ARM.Collect$$libshutdown$$00000006)
    .ARM.Collect$$libshutdown$$00000009      0x0000033e   Section        0  libshutdown2.o(.ARM.Collect$$libshutdown$$00000009)
    .ARM.Collect$$libshutdown$$0000000B      0x0000033e   Section        0  libshutdown2.o(.ARM.Collect$$libshutdown$$0000000B)
    .ARM.Collect$$libshutdown$$0000000E      0x0000033e   Section        0  libshutdown2.o(.ARM.Collect$$libshutdown$$0000000E)
    .ARM.Collect$$libshutdown$$0000000F      0x0000033e   Section        2  libshutdown2.o(.ARM.Collect$$libshutdown$$0000000F)
    .ARM.Collect$$rtentry$$00000000          0x00000340   Section        0  rtentry.o(.ARM.Collect$$rtentry$$00000000)
    .ARM.Collect$$rtentry$$00000002          0x00000340   Section        0  rtentry2.o(.ARM.Collect$$rtentry$$00000002)
    .ARM.Collect$$rtentry$$00000004          0x00000340   Section        6  rtentry4.o(.ARM.Collect$$rtentry$$00000004)
    .ARM.Collect$$rtentry$$00000009          0x00000346   Section        0  rtentry2.o(.ARM.Collect$$rtentry$$00000009)
    .ARM.Collect$$rtentry$$0000000A          0x00000346   Section        4  rtentry2.o(.ARM.Collect$$rtentry$$0000000A)
    .ARM.Collect$$rtentry$$0000000C          0x0000034a   Section        0  rtentry2.o(.ARM.Collect$$rtentry$$0000000C)
    .ARM.Collect$$rtentry$$0000000D          0x0000034a   Section        8  rtentry2.o(.ARM.Collect$$rtentry$$0000000D)
    .ARM.Collect$$rtexit$$00000000           0x00000352   Section        2  rtexit.o(.ARM.Collect$$rtexit$$00000000)
    .ARM.Collect$$rtexit$$00000002           0x00000354   Section        0  rtexit2.o(.ARM.Collect$$rtexit$$00000002)
    .ARM.Collect$$rtexit$$00000003           0x00000354   Section        4  rtexit2.o(.ARM.Collect$$rtexit$$00000003)
    .ARM.Collect$$rtexit$$00000004           0x00000358   Section        6  rtexit2.o(.ARM.Collect$$rtexit$$00000004)
    .text                                    0x00000360   Section       48  startup.o(.text)
    .text                                    0x00000390   Section      100  rt_memcpy_w.o(.text)
    .text                                    0x000003f4   Section        0  heapauxi.o(.text)
    .text                                    0x000003fa   Section        0  _rserrno.o(.text)
    .text                                    0x00000410   Section        8  rt_errno_addr_intlibspace.o(.text)
    .text                                    0x00000418   Section        8  libspace.o(.text)
    .text                                    0x00000420   Section       74  sys_stackheap_outer.o(.text)
    .text                                    0x0000046a   Section        0  exit.o(.text)
    .text                                    0x00000478   Section        0  sys_exit.o(.text)
    .text                                    0x00000484   Section        2  use_no_semi.o(.text)
    .text                                    0x00000486   Section        0  indicate_semi.o(.text)
    i.Board_Init                             0x00000488   Section        0  switch.o(i.Board_Init)
    i.Board_Input                            0x0000051c   Section        0  switch.o(i.Board_Input)
    i.Button_Released                        0x00000528   Section        0  switch.o(i.Button_Released)
    i.Change_Alarm                           0x000005ac   Section        0  speaker.o(i.Change_Alarm)
    i.Change_Clock_Alarm                     0x00000610   Section        0  alarmclocktestmain.o(i.Change_Clock_Alarm)
    i.Change_Clock_Time                      0x00000644   Section        0  alarmclocktestmain.o(i.Change_Clock_Time)
    i.Check_Inputs                           0x00000678   Section        0  switch.o(i.Check_Inputs)
    i.Clock_Tick                             0x00000798   Section        0  alarmclocktestmain.o(i.Clock_Tick)
    i.Delay1ms                               0x000007c8   Section        0  st7735.o(i.Delay1ms)
    i.Format_Alarm                           0x000007e8   Section        0  keeptime.o(i.Format_Alarm)
    i.Format_Time                            0x00000800   Section        0  keeptime.o(i.Format_Time)
    i.Get_Alarm                              0x00000818   Section        0  keeptime.o(i.Get_Alarm)
    i.Get_Hours                              0x00000824   Section        0  keeptime.o(i.Get_Hours)
    i.Get_Minutes                            0x0000082c   Section        0  keeptime.o(i.Get_Minutes)
    i.Get_Time                               0x00000834   Section        0  keeptime.o(i.Get_Time)
    i.Get_Time_Format                        0x00000840   Section        0  keeptime.o(i.Get_Time_Format)
    i.Heartbeat_Init                         0x00000848   Section        0  heartbeat.o(i.Heartbeat_Init)
    i.KeepTime_Init                          0x000008a8   Section        0  keeptime.o(i.KeepTime_Init)
    i.LCD_Draw_Face                          0x000008e4   Section        0  lcdinterface.o(i.LCD_Draw_Face)
    i.LCD_Draw_Hand                          0x000008fc   Section        0  lcdinterface.o(i.LCD_Draw_Hand)
    i.LCD_Init                               0x000009d8   Section        0  lcdinterface.o(i.LCD_Init)
    i.LCD_Print_Instructions                 0x00000a14   Section        0  lcdinterface.o(i.LCD_Print_Instructions)
    i.LCD_Refresh_Alarm                      0x00000a60   Section        0  lcdinterface.o(i.LCD_Refresh_Alarm)
    i.LCD_Refresh_Analog                     0x00000aa0   Section        0  lcdinterface.o(i.LCD_Refresh_Analog)
    i.LCD_Refresh_Time                       0x00000ae8   Section        0  lcdinterface.o(i.LCD_Refresh_Time)
    i.PLL_Init                               0x00000b30   Section        0  pll.o(i.PLL_Init)
    i.PortF_Init                             0x00000bac   Section        0  switch.o(i.PortF_Init)
    i.ST7735_DrawBitmap                      0x00000c48   Section        0  st7735.o(i.ST7735_DrawBitmap)
    i.ST7735_DrawCharS                       0x00000d68   Section        0  st7735.o(i.ST7735_DrawCharS)
    i.ST7735_DrawPixel                       0x00000e5c   Section        0  st7735.o(i.ST7735_DrawPixel)
    i.ST7735_DrawString                      0x00000ea4   Section        0  st7735.o(i.ST7735_DrawString)
    i.ST7735_FillRect                        0x00000efc   Section        0  st7735.o(i.ST7735_FillRect)
    i.ST7735_FillScreen                      0x00000fa8   Section        0  st7735.o(i.ST7735_FillScreen)
    i.ST7735_InitR                           0x00000fcc   Section        0  st7735.o(i.ST7735_InitR)
    i.ST7735_Line                            0x00001048   Section        0  st7735.o(i.ST7735_Line)
    i.ST7735_OutChar                         0x00001144   Section        0  st7735.o(i.ST7735_OutChar)
    i.ST7735_OutString                       0x00001218   Section        0  st7735.o(i.ST7735_OutString)
    i.ST7735_SetCursor                       0x00001230   Section        0  st7735.o(i.ST7735_SetCursor)
    i.ST7735_SetRotation                     0x00001250   Section        0  st7735.o(i.ST7735_SetRotation)
    i.Set_Alarm                              0x00001324   Section        0  keeptime.o(i.Set_Alarm)
    i.Set_Mode                               0x00001330   Section        0  alarmclocktestmain.o(i.Set_Mode)
    i.Set_Mode_Customize                     0x0000137c   Section        0  alarmclocktestmain.o(i.Set_Mode_Customize)
    i.Set_Time                               0x00001388   Section        0  keeptime.o(i.Set_Time)
    i.Speaker_Init                           0x00001394   Section        0  speaker.o(i.Speaker_Init)
    i.Start_Alarm                            0x00001434   Section        0  speaker.o(i.Start_Alarm)
    i.Stop_Alarm                             0x00001478   Section        0  speaker.o(i.Stop_Alarm)
    i.Switch_Debounce                        0x00001484   Section        0  switch.o(i.Switch_Debounce)
    i.Switch_Init                            0x000014b6   Section        0  switch.o(i.Switch_Init)
    i.SysTick_Init                           0x000014c6   Section        0  switch.o(i.SysTick_Init)
    i.SysTick_Wait                           0x000014de   Section        0  switch.o(i.SysTick_Wait)
    i.Timer1A_Handler                        0x00001500   Section        0  timer1.o(i.Timer1A_Handler)
    i.Timer1_Handler                         0x00001518   Section        0  keeptime.o(i.Timer1_Handler)
    i.Timer1_Init                            0x0000157c   Section        0  timer1.o(i.Timer1_Init)
    i.Timer2A_Handler                        0x000015dc   Section        0  timer2.o(i.Timer2A_Handler)
    i.Timer2_Init                            0x000015f4   Section        0  timer2.o(i.Timer2_Init)
    i.Toggle_Heartbeat                       0x00001654   Section        0  heartbeat.o(i.Toggle_Heartbeat)
    i.__ARM_fpclassify                       0x00001688   Section        0  fpclassify.o(i.__ARM_fpclassify)
    i.__ieee754_rem_pio2                     0x000016b0   Section        0  rred.o(i.__ieee754_rem_pio2)
    i.__kernel_cos                           0x00001a38   Section        0  cos_i.o(i.__kernel_cos)
    i.__kernel_poly                          0x00001b34   Section        0  poly.o(i.__kernel_poly)
    i.__kernel_sin                           0x00001be0   Section        0  sin_i.o(i.__kernel_sin)
    i.__mathlib_dbl_underflow                0x00001ccc   Section        0  dunder.o(i.__mathlib_dbl_underflow)
    i.commandList                            0x00001cdc   Section        0  st7735.o(i.commandList)
    commandList                              0x00001cdd   Thumb Code    86  st7735.o(i.commandList)
    i.commonInit                             0x00001d34   Section        0  st7735.o(i.commonInit)
    commonInit                               0x00001d35   Thumb Code   340  st7735.o(i.commonInit)
    i.cos                                    0x00001eb8   Section        0  cos.o(i.cos)
    i.incrementTime                          0x00001f64   Section        0  keeptime.o(i.incrementTime)
    i.main                                   0x00001fb4   Section        0  alarmclocktestmain.o(i.main)
    i.portBInit                              0x00002000   Section        0  speaker.o(i.portBInit)
    i.pushColor                              0x00002044   Section        0  st7735.o(i.pushColor)
    pushColor                                0x00002045   Thumb Code    18  st7735.o(i.pushColor)
    i.round                                  0x00002058   Section        0  round.o(i.round)
    i.setAddrWindow                          0x000020f0   Section        0  st7735.o(i.setAddrWindow)
    setAddrWindow                            0x000020f1   Thumb Code   106  st7735.o(i.setAddrWindow)
    i.sin                                    0x00002164   Section        0  sin.o(i.sin)
    i.togglePB2                              0x00002214   Section        0  speaker.o(i.togglePB2)
    i.uint8ToString                          0x000022f8   Section        0  lcdinterface.o(i.uint8ToString)
    i.writecommand                           0x00002350   Section        0  st7735.o(i.writecommand)
    writecommand                             0x00002351   Thumb Code    40  st7735.o(i.writecommand)
    i.writedata                              0x00002380   Section        0  st7735.o(i.writedata)
    writedata                                0x00002381   Thumb Code    24  st7735.o(i.writedata)
    x$fpl$dadd                               0x000023a0   Section      336  daddsub_clz.o(x$fpl$dadd)
    _dadd1                                   0x000023b1   Thumb Code     0  daddsub_clz.o(x$fpl$dadd)
    x$fpl$dcheck1                            0x000024f0   Section       16  dcheck1.o(x$fpl$dcheck1)
    x$fpl$dcmpinf                            0x00002500   Section       24  dcmpi.o(x$fpl$dcmpinf)
    x$fpl$ddiv                               0x00002518   Section      688  ddiv.o(x$fpl$ddiv)
    ddiv_entry                               0x0000251f   Thumb Code     0  ddiv.o(x$fpl$ddiv)
    x$fpl$dfix                               0x000027c8   Section       94  dfix.o(x$fpl$dfix)
    x$fpl$dfixu                              0x00002828   Section       90  dfixu.o(x$fpl$dfixu)
    x$fpl$dflt                               0x00002882   Section       46  dflt_clz.o(x$fpl$dflt)
    x$fpl$dfltu                              0x000028b0   Section       38  dflt_clz.o(x$fpl$dfltu)
    x$fpl$dleqf                              0x000028d8   Section      120  dleqf.o(x$fpl$dleqf)
    x$fpl$dmul                               0x00002950   Section      340  dmul.o(x$fpl$dmul)
    x$fpl$dnaninf                            0x00002aa4   Section      156  dnaninf.o(x$fpl$dnaninf)
    x$fpl$dretinf                            0x00002b40   Section       12  dretinf.o(x$fpl$dretinf)
    x$fpl$drleqf                             0x00002b4c   Section      108  drleqf.o(x$fpl$drleqf)
    x$fpl$drnd                               0x00002bb8   Section      180  drnd.o(x$fpl$drnd)
    x$fpl$drsb                               0x00002c6c   Section       22  daddsub_clz.o(x$fpl$drsb)
    x$fpl$dsub                               0x00002c84   Section      468  daddsub_clz.o(x$fpl$dsub)
    _dsub1                                   0x00002c95   Thumb Code     0  daddsub_clz.o(x$fpl$dsub)
    x$fpl$retnan                             0x00002e58   Section      100  retnan.o(x$fpl$retnan)
    x$fpl$scalbn                             0x00002ebc   Section       92  scalbn.o(x$fpl$scalbn)
    x$fpl$trapveneer                         0x00002f18   Section       48  trapv.o(x$fpl$trapveneer)
    .constdata                               0x00002f48   Section     2018  st7735.o(.constdata)
    x$fpl$usenofp                            0x00002f48   Section        0  usenofp.o(x$fpl$usenofp)
    Font                                     0x00002f48   Data        1275  st7735.o(.constdata)
    Bcmd                                     0x00003443   Data         103  st7735.o(.constdata)
    Rcmd1                                    0x000034aa   Data          59  st7735.o(.constdata)
    Rcmd2green                               0x000034e5   Data          13  st7735.o(.constdata)
    Rcmd2red                                 0x000034f2   Data          13  st7735.o(.constdata)
    Rcmd3                                    0x000034ff   Data          43  st7735.o(.constdata)
    .constdata                               0x0000372a   Section    28800  lcdinterface.o(.constdata)
    .constdata                               0x0000a7b0   Section       48  cos_i.o(.constdata)
    C                                        0x0000a7b0   Data          48  cos_i.o(.constdata)
    .constdata                               0x0000a7e0   Section      200  rred.o(.constdata)
    pio2s                                    0x0000a7e0   Data          48  rred.o(.constdata)
    twooverpi                                0x0000a810   Data         152  rred.o(.constdata)
    .constdata                               0x0000a8a8   Section       40  sin_i.o(.constdata)
    S                                        0x0000a8a8   Data          40  sin_i.o(.constdata)
    .data                                    0x20000000   Section       44  st7735.o(.data)
    _width                                   0x2000000a   Data           2  st7735.o(.data)
    _height                                  0x2000000c   Data           2  st7735.o(.data)
    ColStart                                 0x20000014   Data           1  st7735.o(.data)
    RowStart                                 0x20000015   Data           1  st7735.o(.data)
    Rotation                                 0x20000016   Data           1  st7735.o(.data)
    TabColor                                 0x20000017   Data           1  st7735.o(.data)
    .data                                    0x2000002c   Section       12  alarmclocktestmain.o(.data)
    mode                                     0x2000002c   Data           4  alarmclocktestmain.o(.data)
    savedTime                                0x20000030   Data           4  alarmclocktestmain.o(.data)
    savedAlarm                               0x20000034   Data           4  alarmclocktestmain.o(.data)
    .data                                    0x20000038   Section        4  timer1.o(.data)
    .data                                    0x2000003c   Section       12  keeptime.o(.data)
    currentTime                              0x2000003c   Data           4  keeptime.o(.data)
    currentAlarm                             0x20000040   Data           4  keeptime.o(.data)
    secondsCounter                           0x20000044   Data           4  keeptime.o(.data)
    .data                                    0x20000048   Section      356  speaker.o(.data)
    currentAlarmType                         0x20000198   Data           4  speaker.o(.data)
    notePlaying                              0x2000019c   Data           4  speaker.o(.data)
    alarmOn                                  0x200001a0   Data           4  speaker.o(.data)
    alarmCounterIndex                        0x200001a4   Data           4  speaker.o(.data)
    alarmCounter                             0x200001a8   Data           4  speaker.o(.data)
    .data                                    0x200001ac   Section        4  timer2.o(.data)
    .data                                    0x200001b0   Section        4  lcdinterface.o(.data)
    ret                                      0x200001b0   Data           4  lcdinterface.o(.data)
    .data                                    0x200001b4   Section       24  switch.o(.data)
    bothPressed                              0x200001b4   Data           4  switch.o(.data)
    switchOneTimer                           0x200001b8   Data           4  switch.o(.data)
    switchTwoTimer                           0x200001bc   Data           4  switch.o(.data)
    switchBothTimer                          0x200001c0   Data           4  switch.o(.data)
    pressed                                  0x200001c4   Data           4  switch.o(.data)
    reset                                    0x200001c8   Data           4  switch.o(.data)
    .bss                                     0x200001cc   Section      336  speaker.o(.bss)
    .bss                                     0x2000031c   Section       96  libspace.o(.bss)
    HEAP                                     0x20000380   Section        0  startup.o(HEAP)
    STACK                                    0x20000380   Section     1024  startup.o(STACK)
    HeapMem                                  0x20000380   Data           0  startup.o(HEAP)
    StackMem                                 0x20000380   Data           0  startup.o(STACK)

    Global Symbols

    Symbol Name                              Value     Ov Type        Size  Object(Section)

    BuildAttributes$$THM_ISAv4$E$P$D$K$B$S$7EM$PE$A:L22UL41UL21$X:L11$S22US41US21$IEEE1$IW$USESV6$~STKCKD$USESV7$~SHL$OTIME$ROPI$IEEEX$EBA8$UX$STANDARDLIB$REQ8$PRES8$EABIv2 0x00000000   Number         0  anon$$obj.o ABSOLUTE
    __ARM_use_no_argv                        0x00000000   Number         0  alarmclocktestmain.o ABSOLUTE
    __Vectors                                0x00000000   Data           0  startup.o(RESET)
    __ARM_exceptions_init                     - Undefined Weak Reference
    __alloca_initialize                       - Undefined Weak Reference
    __cpp_initialize__aeabi_                  - Undefined Weak Reference
    __cxa_finalize                            - Undefined Weak Reference
    __rt_locale                               - Undefined Weak Reference
    __sigvec_lookup                           - Undefined Weak Reference
    _atexit_init                              - Undefined Weak Reference
    _call_atexit_fns                          - Undefined Weak Reference
    _clock_init                               - Undefined Weak Reference
    _fp_trap_init                             - Undefined Weak Reference
    _fp_trap_shutdown                         - Undefined Weak Reference
    _get_lc_collate                           - Undefined Weak Reference
    _get_lc_ctype                             - Undefined Weak Reference
    _get_lc_monetary                          - Undefined Weak Reference
    _get_lc_numeric                           - Undefined Weak Reference
    _get_lc_time                              - Undefined Weak Reference
    _getenv_init                              - Undefined Weak Reference
    _handle_redirection                       - Undefined Weak Reference
    _init_alloc                               - Undefined Weak Reference
    _init_user_alloc                          - Undefined Weak Reference
    _initio                                   - Undefined Weak Reference
    _rand_init                                - Undefined Weak Reference
    _signal_finish                            - Undefined Weak Reference
    _signal_init                              - Undefined Weak Reference
    _terminate_alloc                          - Undefined Weak Reference
    _terminate_user_alloc                     - Undefined Weak Reference
    _terminateio                              - Undefined Weak Reference
    Reset_Handler                            0x0000026d   Thumb Code     0  startup.o(RESET)
    NMI_Handler                              0x00000271   Thumb Code     2  startup.o(RESET)
    HardFault_Handler                        0x00000273   Thumb Code     2  startup.o(RESET)
    MemManage_Handler                        0x00000275   Thumb Code     2  startup.o(RESET)
    BusFault_Handler                         0x00000277   Thumb Code     2  startup.o(RESET)
    UsageFault_Handler                       0x00000279   Thumb Code     2  startup.o(RESET)
    SVC_Handler                              0x0000027b   Thumb Code     2  startup.o(RESET)
    DebugMon_Handler                         0x0000027d   Thumb Code     2  startup.o(RESET)
    PendSV_Handler                           0x0000027f   Thumb Code     2  startup.o(RESET)
    SysTick_Handler                          0x00000281   Thumb Code     2  startup.o(RESET)
    ADC0Seq0_Handler                         0x00000283   Thumb Code     0  startup.o(RESET)
    ADC0Seq1_Handler                         0x00000283   Thumb Code     0  startup.o(RESET)
    ADC0Seq2_Handler                         0x00000283   Thumb Code     0  startup.o(RESET)
    ADC0Seq3_Handler                         0x00000283   Thumb Code     0  startup.o(RESET)
    ADC1Seq0_Handler                         0x00000283   Thumb Code     0  startup.o(RESET)
    ADC1Seq1_Handler                         0x00000283   Thumb Code     0  startup.o(RESET)
    ADC1Seq2_Handler                         0x00000283   Thumb Code     0  startup.o(RESET)
    ADC1Seq3_Handler                         0x00000283   Thumb Code     0  startup.o(RESET)
    CAN0_Handler                             0x00000283   Thumb Code     0  startup.o(RESET)
    CAN1_Handler                             0x00000283   Thumb Code     0  startup.o(RESET)
    CAN2_Handler                             0x00000283   Thumb Code     0  startup.o(RESET)
    Comp0_Handler                            0x00000283   Thumb Code     0  startup.o(RESET)
    Comp1_Handler                            0x00000283   Thumb Code     0  startup.o(RESET)
    Comp2_Handler                            0x00000283   Thumb Code     0  startup.o(RESET)
    Ethernet_Handler                         0x00000283   Thumb Code     0  startup.o(RESET)
    ExtBus_Handler                           0x00000283   Thumb Code     0  startup.o(RESET)
    FPU_Handler                              0x00000283   Thumb Code     0  startup.o(RESET)
    Fan0_Handler                             0x00000283   Thumb Code     0  startup.o(RESET)
    FlashCtl_Handler                         0x00000283   Thumb Code     0  startup.o(RESET)
    GPIOPortA_Handler                        0x00000283   Thumb Code     0  startup.o(RESET)
    GPIOPortB_Handler                        0x00000283   Thumb Code     0  startup.o(RESET)
    GPIOPortC_Handler                        0x00000283   Thumb Code     0  startup.o(RESET)
    GPIOPortD_Handler                        0x00000283   Thumb Code     0  startup.o(RESET)
    GPIOPortE_Handler                        0x00000283   Thumb Code     0  startup.o(RESET)
    GPIOPortF_Handler                        0x00000283   Thumb Code     0  startup.o(RESET)
    GPIOPortG_Handler                        0x00000283   Thumb Code     0  startup.o(RESET)
    GPIOPortH_Handler                        0x00000283   Thumb Code     0  startup.o(RESET)
    GPIOPortJ_Handler                        0x00000283   Thumb Code     0  startup.o(RESET)
    GPIOPortK_Handler                        0x00000283   Thumb Code     0  startup.o(RESET)
    GPIOPortL_Handler                        0x00000283   Thumb Code     0  startup.o(RESET)
    GPIOPortM_Handler                        0x00000283   Thumb Code     0  startup.o(RESET)
    GPIOPortN_Handler                        0x00000283   Thumb Code     0  startup.o(RESET)
    GPIOPortP1_Handler                       0x00000283   Thumb Code     0  startup.o(RESET)
    GPIOPortP2_Handler                       0x00000283   Thumb Code     0  startup.o(RESET)
    GPIOPortP3_Handler                       0x00000283   Thumb Code     0  startup.o(RESET)
    GPIOPortP4_Handler                       0x00000283   Thumb Code     0  startup.o(RESET)
    GPIOPortP5_Handler                       0x00000283   Thumb Code     0  startup.o(RESET)
    GPIOPortP6_Handler                       0x00000283   Thumb Code     0  startup.o(RESET)
    GPIOPortP7_Handler                       0x00000283   Thumb Code     0  startup.o(RESET)
    GPIOPortP_Handler                        0x00000283   Thumb Code     0  startup.o(RESET)
    GPIOPortQ1_Handler                       0x00000283   Thumb Code     0  startup.o(RESET)
    GPIOPortQ2_Handler                       0x00000283   Thumb Code     0  startup.o(RESET)
    GPIOPortQ3_Handler                       0x00000283   Thumb Code     0  startup.o(RESET)
    GPIOPortQ4_Handler                       0x00000283   Thumb Code     0  startup.o(RESET)
    GPIOPortQ5_Handler                       0x00000283   Thumb Code     0  startup.o(RESET)
    GPIOPortQ6_Handler                       0x00000283   Thumb Code     0  startup.o(RESET)
    GPIOPortQ7_Handler                       0x00000283   Thumb Code     0  startup.o(RESET)
    GPIOPortQ_Handler                        0x00000283   Thumb Code     0  startup.o(RESET)
    GPIOPortR_Handler                        0x00000283   Thumb Code     0  startup.o(RESET)
    GPIOPortS_Handler                        0x00000283   Thumb Code     0  startup.o(RESET)
    Hibernate_Handler                        0x00000283   Thumb Code     0  startup.o(RESET)
    I2C0_Handler                             0x00000283   Thumb Code     0  startup.o(RESET)
    I2C1_Handler                             0x00000283   Thumb Code     0  startup.o(RESET)
    I2C2_Handler                             0x00000283   Thumb Code     0  startup.o(RESET)
    I2C3_Handler                             0x00000283   Thumb Code     0  startup.o(RESET)
    I2C4_Handler                             0x00000283   Thumb Code     0  startup.o(RESET)
    I2C5_Handler                             0x00000283   Thumb Code     0  startup.o(RESET)
    I2S0_Handler                             0x00000283   Thumb Code     0  startup.o(RESET)
    LPC0_Handler                             0x00000283   Thumb Code     0  startup.o(RESET)
    PECI0_Handler                            0x00000283   Thumb Code     0  startup.o(RESET)
    PWM0Fault_Handler                        0x00000283   Thumb Code     0  startup.o(RESET)
    PWM0Generator0_Handler                   0x00000283   Thumb Code     0  startup.o(RESET)
    PWM0Generator1_Handler                   0x00000283   Thumb Code     0  startup.o(RESET)
    PWM0Generator2_Handler                   0x00000283   Thumb Code     0  startup.o(RESET)
    PWM0Generator3_Handler                   0x00000283   Thumb Code     0  startup.o(RESET)
    PWM1Fault_Handler                        0x00000283   Thumb Code     0  startup.o(RESET)
    PWM1Generator0_Handler                   0x00000283   Thumb Code     0  startup.o(RESET)
    PWM1Generator1_Handler                   0x00000283   Thumb Code     0  startup.o(RESET)
    PWM1Generator2_Handler                   0x00000283   Thumb Code     0  startup.o(RESET)
    PWM1Generator3_Handler                   0x00000283   Thumb Code     0  startup.o(RESET)
    Quadrature0_Handler                      0x00000283   Thumb Code     0  startup.o(RESET)
    Quadrature1_Handler                      0x00000283   Thumb Code     0  startup.o(RESET)
    Quadrature2_Handler                      0x00000283   Thumb Code     0  startup.o(RESET)
    SSI0_Handler                             0x00000283   Thumb Code     0  startup.o(RESET)
    SSI1_Handler                             0x00000283   Thumb Code     0  startup.o(RESET)
    SSI2_Handler                             0x00000283   Thumb Code     0  startup.o(RESET)
    SSI3_Handler                             0x00000283   Thumb Code     0  startup.o(RESET)
    SysCtl_Handler                           0x00000283   Thumb Code     0  startup.o(RESET)
    Timer0A_Handler                          0x00000283   Thumb Code     0  startup.o(RESET)
    Timer0B_Handler                          0x00000283   Thumb Code     0  startup.o(RESET)
    Timer1B_Handler                          0x00000283   Thumb Code     0  startup.o(RESET)
    Timer2B_Handler                          0x00000283   Thumb Code     0  startup.o(RESET)
    Timer3A_Handler                          0x00000283   Thumb Code     0  startup.o(RESET)
    Timer3B_Handler                          0x00000283   Thumb Code     0  startup.o(RESET)
    Timer4A_Handler                          0x00000283   Thumb Code     0  startup.o(RESET)
    Timer4B_Handler                          0x00000283   Thumb Code     0  startup.o(RESET)
    Timer5A_Handler                          0x00000283   Thumb Code     0  startup.o(RESET)
    Timer5B_Handler                          0x00000283   Thumb Code     0  startup.o(RESET)
    UART0_Handler                            0x00000283   Thumb Code     0  startup.o(RESET)
    UART1_Handler                            0x00000283   Thumb Code     0  startup.o(RESET)
    UART2_Handler                            0x00000283   Thumb Code     0  startup.o(RESET)
    UART3_Handler                            0x00000283   Thumb Code     0  startup.o(RESET)
    UART4_Handler                            0x00000283   Thumb Code     0  startup.o(RESET)
    UART5_Handler                            0x00000283   Thumb Code     0  startup.o(RESET)
    UART6_Handler                            0x00000283   Thumb Code     0  startup.o(RESET)
    UART7_Handler                            0x00000283   Thumb Code     0  startup.o(RESET)
    USB0_Handler                             0x00000283   Thumb Code     0  startup.o(RESET)
    WDT_Handler                              0x00000283   Thumb Code     0  startup.o(RESET)
    WideTimer0A_Handler                      0x00000283   Thumb Code     0  startup.o(RESET)
    WideTimer0B_Handler                      0x00000283   Thumb Code     0  startup.o(RESET)
    WideTimer1A_Handler                      0x00000283   Thumb Code     0  startup.o(RESET)
    WideTimer1B_Handler                      0x00000283   Thumb Code     0  startup.o(RESET)
    WideTimer2A_Handler                      0x00000283   Thumb Code     0  startup.o(RESET)
    WideTimer2B_Handler                      0x00000283   Thumb Code     0  startup.o(RESET)
    WideTimer3A_Handler                      0x00000283   Thumb Code     0  startup.o(RESET)
    WideTimer3B_Handler                      0x00000283   Thumb Code     0  startup.o(RESET)
    WideTimer4A_Handler                      0x00000283   Thumb Code     0  startup.o(RESET)
    WideTimer4B_Handler                      0x00000283   Thumb Code     0  startup.o(RESET)
    WideTimer5A_Handler                      0x00000283   Thumb Code     0  startup.o(RESET)
    WideTimer5B_Handler                      0x00000283   Thumb Code     0  startup.o(RESET)
    uDMA_Error                               0x00000283   Thumb Code     0  startup.o(RESET)
    uDMA_Handler                             0x00000283   Thumb Code     0  startup.o(RESET)
    __main                                   0x00000285   Thumb Code     8  __main.o(!!!main)
    __scatterload                            0x0000028d   Thumb Code     0  __scatter.o(!!!scatter)
    __scatterload_rt2                        0x0000028d   Thumb Code    44  __scatter.o(!!!scatter)
    __scatterload_rt2_thumb_only             0x0000028d   Thumb Code     0  __scatter.o(!!!scatter)
    __scatterload_null                       0x0000029b   Thumb Code     0  __scatter.o(!!!scatter)
    __decompress                             0x000002c1   Thumb Code    90  __dczerorl2.o(!!dczerorl2)
    __decompress1                            0x000002c1   Thumb Code     0  __dczerorl2.o(!!dczerorl2)
    __scatterload_zeroinit                   0x0000031d   Thumb Code    28  __scatter_zi.o(!!handler_zi)
    __rt_lib_init                            0x00000339   Thumb Code     0  libinit.o(.ARM.Collect$$libinit$$00000000)
    __rt_lib_init_alloca_1                   0x0000033b   Thumb Code     0  libinit2.o(.ARM.Collect$$libinit$$0000002C)
    __rt_lib_init_argv_1                     0x0000033b   Thumb Code     0  libinit2.o(.ARM.Collect$$libinit$$0000002A)
    __rt_lib_init_atexit_1                   0x0000033b   Thumb Code     0  libinit2.o(.ARM.Collect$$libinit$$00000019)
    __rt_lib_init_clock_1                    0x0000033b   Thumb Code     0  libinit2.o(.ARM.Collect$$libinit$$0000001F)
    __rt_lib_init_cpp_1                      0x0000033b   Thumb Code     0  libinit2.o(.ARM.Collect$$libinit$$00000030)
    __rt_lib_init_exceptions_1               0x0000033b   Thumb Code     0  libinit2.o(.ARM.Collect$$libinit$$0000002E)
    __rt_lib_init_fp_1                       0x0000033b   Thumb Code     0  libinit2.o(.ARM.Collect$$libinit$$00000002)
    __rt_lib_init_fp_trap_1                  0x0000033b   Thumb Code     0  libinit2.o(.ARM.Collect$$libinit$$0000001D)
    __rt_lib_init_getenv_1                   0x0000033b   Thumb Code     0  libinit2.o(.ARM.Collect$$libinit$$00000021)
    __rt_lib_init_heap_1                     0x0000033b   Thumb Code     0  libinit2.o(.ARM.Collect$$libinit$$00000008)
    __rt_lib_init_lc_collate_1               0x0000033b   Thumb Code     0  libinit2.o(.ARM.Collect$$libinit$$0000000F)
    __rt_lib_init_lc_ctype_1                 0x0000033b   Thumb Code     0  libinit2.o(.ARM.Collect$$libinit$$00000011)
    __rt_lib_init_lc_monetary_1              0x0000033b   Thumb Code     0  libinit2.o(.ARM.Collect$$libinit$$00000013)
    __rt_lib_init_lc_numeric_1               0x0000033b   Thumb Code     0  libinit2.o(.ARM.Collect$$libinit$$00000015)
    __rt_lib_init_lc_time_1                  0x0000033b   Thumb Code     0  libinit2.o(.ARM.Collect$$libinit$$00000017)
    __rt_lib_init_rand_1                     0x0000033b   Thumb Code     0  libinit2.o(.ARM.Collect$$libinit$$0000000C)
    __rt_lib_init_return                     0x0000033b   Thumb Code     0  libinit2.o(.ARM.Collect$$libinit$$00000031)
    __rt_lib_init_signal_1                   0x0000033b   Thumb Code     0  libinit2.o(.ARM.Collect$$libinit$$0000001B)
    __rt_lib_init_stdio_1                    0x0000033b   Thumb Code     0  libinit2.o(.ARM.Collect$$libinit$$00000023)
    __rt_lib_init_user_alloc_1               0x0000033b   Thumb Code     0  libinit2.o(.ARM.Collect$$libinit$$0000000A)
    __rt_lib_shutdown                        0x0000033d   Thumb Code     0  libshutdown.o(.ARM.Collect$$libshutdown$$00000000)
    __rt_lib_shutdown_fp_trap_1              0x0000033f   Thumb Code     0  libshutdown2.o(.ARM.Collect$$libshutdown$$00000006)
    __rt_lib_shutdown_heap_1                 0x0000033f   Thumb Code     0  libshutdown2.o(.ARM.Collect$$libshutdown$$0000000E)
    __rt_lib_shutdown_return                 0x0000033f   Thumb Code     0  libshutdown2.o(.ARM.Collect$$libshutdown$$0000000F)
    __rt_lib_shutdown_signal_1               0x0000033f   Thumb Code     0  libshutdown2.o(.ARM.Collect$$libshutdown$$00000009)
    __rt_lib_shutdown_stdio_1                0x0000033f   Thumb Code     0  libshutdown2.o(.ARM.Collect$$libshutdown$$00000003)
    __rt_lib_shutdown_user_alloc_1           0x0000033f   Thumb Code     0  libshutdown2.o(.ARM.Collect$$libshutdown$$0000000B)
    __rt_entry                               0x00000341   Thumb Code     0  rtentry.o(.ARM.Collect$$rtentry$$00000000)
    __rt_entry_presh_1                       0x00000341   Thumb Code     0  rtentry2.o(.ARM.Collect$$rtentry$$00000002)
    __rt_entry_sh                            0x00000341   Thumb Code     0  rtentry4.o(.ARM.Collect$$rtentry$$00000004)
    __rt_entry_li                            0x00000347   Thumb Code     0  rtentry2.o(.ARM.Collect$$rtentry$$0000000A)
    __rt_entry_postsh_1                      0x00000347   Thumb Code     0  rtentry2.o(.ARM.Collect$$rtentry$$00000009)
    __rt_entry_main                          0x0000034b   Thumb Code     0  rtentry2.o(.ARM.Collect$$rtentry$$0000000D)
    __rt_entry_postli_1                      0x0000034b   Thumb Code     0  rtentry2.o(.ARM.Collect$$rtentry$$0000000C)
    __rt_exit                                0x00000353   Thumb Code     0  rtexit.o(.ARM.Collect$$rtexit$$00000000)
    __rt_exit_ls                             0x00000355   Thumb Code     0  rtexit2.o(.ARM.Collect$$rtexit$$00000003)
    __rt_exit_prels_1                        0x00000355   Thumb Code     0  rtexit2.o(.ARM.Collect$$rtexit$$00000002)
    __rt_exit_exit                           0x00000359   Thumb Code     0  rtexit2.o(.ARM.Collect$$rtexit$$00000004)
    DisableInterrupts                        0x00000361   Thumb Code     0  startup.o(.text)
    EnableInterrupts                         0x00000365   Thumb Code     0  startup.o(.text)
    StartCritical                            0x00000369   Thumb Code     0  startup.o(.text)
    EndCritical                              0x00000371   Thumb Code     0  startup.o(.text)
    WaitForInterrupt                         0x00000377   Thumb Code     0  startup.o(.text)
    __user_initial_stackheap                 0x0000037b   Thumb Code     0  startup.o(.text)
    __aeabi_memcpy4                          0x00000391   Thumb Code     0  rt_memcpy_w.o(.text)
    __aeabi_memcpy8                          0x00000391   Thumb Code     0  rt_memcpy_w.o(.text)
    __rt_memcpy_w                            0x00000391   Thumb Code   100  rt_memcpy_w.o(.text)
    _memcpy_lastbytes_aligned                0x000003d9   Thumb Code     0  rt_memcpy_w.o(.text)
    __use_two_region_memory                  0x000003f5   Thumb Code     2  heapauxi.o(.text)
    __rt_heap_escrow$2region                 0x000003f7   Thumb Code     2  heapauxi.o(.text)
    __rt_heap_expand$2region                 0x000003f9   Thumb Code     2  heapauxi.o(.text)
    __read_errno                             0x000003fb   Thumb Code    10  _rserrno.o(.text)
    __set_errno                              0x00000405   Thumb Code    12  _rserrno.o(.text)
    __aeabi_errno_addr                       0x00000411   Thumb Code     8  rt_errno_addr_intlibspace.o(.text)
    __errno$intlibspace                      0x00000411   Thumb Code     0  rt_errno_addr_intlibspace.o(.text)
    __rt_errno_addr$intlibspace              0x00000411   Thumb Code     0  rt_errno_addr_intlibspace.o(.text)
    __user_libspace                          0x00000419   Thumb Code     8  libspace.o(.text)
    __user_perproc_libspace                  0x00000419   Thumb Code     0  libspace.o(.text)
    __user_perthread_libspace                0x00000419   Thumb Code     0  libspace.o(.text)
    __user_setup_stackheap                   0x00000421   Thumb Code    74  sys_stackheap_outer.o(.text)
    exit                                     0x0000046b   Thumb Code    12  exit.o(.text)
    _sys_exit                                0x00000479   Thumb Code     8  sys_exit.o(.text)
    __I$use$semihosting                      0x00000485   Thumb Code     0  use_no_semi.o(.text)
    __use_no_semihosting_swi                 0x00000485   Thumb Code     2  use_no_semi.o(.text)
    __semihosting_library_function           0x00000487   Thumb Code     0  indicate_semi.o(.text)
    Board_Init                               0x00000489   Thumb Code   128  switch.o(i.Board_Init)
    Board_Input                              0x0000051d   Thumb Code     6  switch.o(i.Board_Input)
    Button_Released                          0x00000529   Thumb Code   132  switch.o(i.Button_Released)
    Change_Alarm                             0x000005ad   Thumb Code    80  speaker.o(i.Change_Alarm)
    Change_Clock_Alarm                       0x00000611   Thumb Code    48  alarmclocktestmain.o(i.Change_Clock_Alarm)
    Change_Clock_Time                        0x00000645   Thumb Code    48  alarmclocktestmain.o(i.Change_Clock_Time)
    Check_Inputs                             0x00000679   Thumb Code   264  switch.o(i.Check_Inputs)
    Clock_Tick                               0x00000799   Thumb Code    42  alarmclocktestmain.o(i.Clock_Tick)
    Delay1ms                                 0x000007c9   Thumb Code    32  st7735.o(i.Delay1ms)
    Format_Alarm                             0x000007e9   Thumb Code    20  keeptime.o(i.Format_Alarm)
    Format_Time                              0x00000801   Thumb Code    20  keeptime.o(i.Format_Time)
    Get_Alarm                                0x00000819   Thumb Code     6  keeptime.o(i.Get_Alarm)
    Get_Hours                                0x00000825   Thumb Code     8  keeptime.o(i.Get_Hours)
    Get_Minutes                              0x0000082d   Thumb Code     8  keeptime.o(i.Get_Minutes)
    Get_Time                                 0x00000835   Thumb Code     6  keeptime.o(i.Get_Time)
    Get_Time_Format                          0x00000841   Thumb Code     8  keeptime.o(i.Get_Time_Format)
    Heartbeat_Init                           0x00000849   Thumb Code    76  heartbeat.o(i.Heartbeat_Init)
    KeepTime_Init                            0x000008a9   Thumb Code    46  keeptime.o(i.KeepTime_Init)
    LCD_Draw_Face                            0x000008e5   Thumb Code    20  lcdinterface.o(i.LCD_Draw_Face)
    LCD_Draw_Hand                            0x000008fd   Thumb Code   198  lcdinterface.o(i.LCD_Draw_Hand)
    LCD_Init                                 0x000009d9   Thumb Code    58  lcdinterface.o(i.LCD_Init)
    LCD_Print_Instructions                   0x00000a15   Thumb Code    32  lcdinterface.o(i.LCD_Print_Instructions)
    LCD_Refresh_Alarm                        0x00000a61   Thumb Code    52  lcdinterface.o(i.LCD_Refresh_Alarm)
    LCD_Refresh_Analog                       0x00000aa1   Thumb Code    72  lcdinterface.o(i.LCD_Refresh_Analog)
    LCD_Refresh_Time                         0x00000ae9   Thumb Code    60  lcdinterface.o(i.LCD_Refresh_Time)
    PLL_Init                                 0x00000b31   Thumb Code   118  pll.o(i.PLL_Init)
    PortF_Init                               0x00000bad   Thumb Code   132  switch.o(i.PortF_Init)
    ST7735_DrawBitmap                        0x00000c49   Thumb Code   280  st7735.o(i.ST7735_DrawBitmap)
    ST7735_DrawCharS                         0x00000d69   Thumb Code   232  st7735.o(i.ST7735_DrawCharS)
    ST7735_DrawPixel                         0x00000e5d   Thumb Code    64  st7735.o(i.ST7735_DrawPixel)
    ST7735_DrawString                        0x00000ea5   Thumb Code    86  st7735.o(i.ST7735_DrawString)
    ST7735_FillRect                          0x00000efd   Thumb Code   164  st7735.o(i.ST7735_FillRect)
    ST7735_FillScreen                        0x00000fa9   Thumb Code    28  st7735.o(i.ST7735_FillScreen)
    ST7735_InitR                             0x00000fcd   Thumb Code    90  st7735.o(i.ST7735_InitR)
    ST7735_Line                              0x00001049   Thumb Code   250  st7735.o(i.ST7735_Line)
    ST7735_OutChar                           0x00001145   Thumb Code   176  st7735.o(i.ST7735_OutChar)
    ST7735_OutString                         0x00001219   Thumb Code    24  st7735.o(i.ST7735_OutString)
    ST7735_SetCursor                         0x00001231   Thumb Code    22  st7735.o(i.ST7735_SetCursor)
    ST7735_SetRotation                       0x00001251   Thumb Code   196  st7735.o(i.ST7735_SetRotation)
    Set_Alarm                                0x00001325   Thumb Code     6  keeptime.o(i.Set_Alarm)
    Set_Mode                                 0x00001331   Thumb Code    62  alarmclocktestmain.o(i.Set_Mode)
    Set_Mode_Customize                       0x0000137d   Thumb Code     6  alarmclocktestmain.o(i.Set_Mode_Customize)
    Set_Time                                 0x00001389   Thumb Code     6  keeptime.o(i.Set_Time)
    Speaker_Init                             0x00001395   Thumb Code   124  speaker.o(i.Speaker_Init)
    Start_Alarm                              0x00001435   Thumb Code    46  speaker.o(i.Start_Alarm)
    Stop_Alarm                               0x00001479   Thumb Code     8  speaker.o(i.Stop_Alarm)
    Switch_Debounce                          0x00001485   Thumb Code    50  switch.o(i.Switch_Debounce)
    Switch_Init                              0x000014b7   Thumb Code    16  switch.o(i.Switch_Init)
    SysTick_Init                             0x000014c7   Thumb Code    24  switch.o(i.SysTick_Init)
    SysTick_Wait                             0x000014df   Thumb Code    32  switch.o(i.SysTick_Wait)
    Timer1A_Handler                          0x00001501   Thumb Code    16  timer1.o(i.Timer1A_Handler)
    Timer1_Handler                           0x00001519   Thumb Code    88  keeptime.o(i.Timer1_Handler)
    Timer1_Init                              0x0000157d   Thumb Code    76  timer1.o(i.Timer1_Init)
    Timer2A_Handler                          0x000015dd   Thumb Code    16  timer2.o(i.Timer2A_Handler)
    Timer2_Init                              0x000015f5   Thumb Code    76  timer2.o(i.Timer2_Init)
    Toggle_Heartbeat                         0x00001655   Thumb Code    42  heartbeat.o(i.Toggle_Heartbeat)
    __ARM_fpclassify                         0x00001689   Thumb Code    40  fpclassify.o(i.__ARM_fpclassify)
    __ieee754_rem_pio2                       0x000016b1   Thumb Code   832  rred.o(i.__ieee754_rem_pio2)
    __kernel_cos                             0x00001a39   Thumb Code   230  cos_i.o(i.__kernel_cos)
    __kernel_poly                            0x00001b35   Thumb Code   170  poly.o(i.__kernel_poly)
    __kernel_sin                             0x00001be1   Thumb Code   224  sin_i.o(i.__kernel_sin)
    __mathlib_dbl_underflow                  0x00001ccd   Thumb Code    10  dunder.o(i.__mathlib_dbl_underflow)
    cos                                      0x00001eb9   Thumb Code   164  cos.o(i.cos)
    incrementTime                            0x00001f65   Thumb Code    80  keeptime.o(i.incrementTime)
    main                                     0x00001fb5   Thumb Code    72  alarmclocktestmain.o(i.main)
    portBInit                                0x00002001   Thumb Code    54  speaker.o(i.portBInit)
    round                                    0x00002059   Thumb Code   138  round.o(i.round)
    sin                                      0x00002165   Thumb Code   166  sin.o(i.sin)
    togglePB2                                0x00002215   Thumb Code   190  speaker.o(i.togglePB2)
    uint8ToString                            0x000022f9   Thumb Code    82  lcdinterface.o(i.uint8ToString)
    __aeabi_dadd                             0x000023a1   Thumb Code     0  daddsub_clz.o(x$fpl$dadd)
    _dadd                                    0x000023a1   Thumb Code   332  daddsub_clz.o(x$fpl$dadd)
    __fpl_dcheck_NaN1                        0x000024f1   Thumb Code    10  dcheck1.o(x$fpl$dcheck1)
    __fpl_dcmp_Inf                           0x00002501   Thumb Code    24  dcmpi.o(x$fpl$dcmpinf)
    __aeabi_ddiv                             0x00002519   Thumb Code     0  ddiv.o(x$fpl$ddiv)
    _ddiv                                    0x00002519   Thumb Code   552  ddiv.o(x$fpl$ddiv)
    __aeabi_d2iz                             0x000027c9   Thumb Code     0  dfix.o(x$fpl$dfix)
    _dfix                                    0x000027c9   Thumb Code    94  dfix.o(x$fpl$dfix)
    __aeabi_d2uiz                            0x00002829   Thumb Code     0  dfixu.o(x$fpl$dfixu)
    _dfixu                                   0x00002829   Thumb Code    90  dfixu.o(x$fpl$dfixu)
    __aeabi_i2d                              0x00002883   Thumb Code     0  dflt_clz.o(x$fpl$dflt)
    _dflt                                    0x00002883   Thumb Code    46  dflt_clz.o(x$fpl$dflt)
    __aeabi_ui2d                             0x000028b1   Thumb Code     0  dflt_clz.o(x$fpl$dfltu)
    _dfltu                                   0x000028b1   Thumb Code    38  dflt_clz.o(x$fpl$dfltu)
    __aeabi_cdcmple                          0x000028d9   Thumb Code     0  dleqf.o(x$fpl$dleqf)
    _dcmple                                  0x000028d9   Thumb Code   120  dleqf.o(x$fpl$dleqf)
    __fpl_dcmple_InfNaN                      0x0000293b   Thumb Code     0  dleqf.o(x$fpl$dleqf)
    __aeabi_dmul                             0x00002951   Thumb Code     0  dmul.o(x$fpl$dmul)
    _dmul                                    0x00002951   Thumb Code   332  dmul.o(x$fpl$dmul)
    __fpl_dnaninf                            0x00002aa5   Thumb Code   156  dnaninf.o(x$fpl$dnaninf)
    __fpl_dretinf                            0x00002b41   Thumb Code    12  dretinf.o(x$fpl$dretinf)
    __aeabi_cdrcmple                         0x00002b4d   Thumb Code     0  drleqf.o(x$fpl$drleqf)
    _drcmple                                 0x00002b4d   Thumb Code   108  drleqf.o(x$fpl$drleqf)
    _drnd                                    0x00002bb9   Thumb Code   180  drnd.o(x$fpl$drnd)
    __aeabi_drsub                            0x00002c6d   Thumb Code     0  daddsub_clz.o(x$fpl$drsb)
    _drsb                                    0x00002c6d   Thumb Code    22  daddsub_clz.o(x$fpl$drsb)
    __aeabi_dsub                             0x00002c85   Thumb Code     0  daddsub_clz.o(x$fpl$dsub)
    _dsub                                    0x00002c85   Thumb Code   464  daddsub_clz.o(x$fpl$dsub)
    __fpl_return_NaN                         0x00002e59   Thumb Code   100  retnan.o(x$fpl$retnan)
    __ARM_scalbn                             0x00002ebd   Thumb Code    92  scalbn.o(x$fpl$scalbn)
    __fpl_cmpreturn                          0x00002f19   Thumb Code    48  trapv.o(x$fpl$trapveneer)
    __I$use$fp                               0x00002f48   Number         0  usenofp.o(x$fpl$usenofp)
    dBfs                                     0x0000352a   Data         512  st7735.o(.constdata)
    WATCH_FACE                               0x0000372a   Data       28800  lcdinterface.o(.constdata)
    Region$$Table$$Base                      0x0000a8d0   Number         0  anon$$obj.o(Region$$Table)
    Region$$Table$$Limit                     0x0000a8f0   Number         0  anon$$obj.o(Region$$Table)
    StX                                      0x20000000   Data           4  st7735.o(.data)
    StY                                      0x20000004   Data           4  st7735.o(.data)
    StTextColor                              0x20000008   Data           2  st7735.o(.data)
    lastj                                    0x20000010   Data           4  st7735.o(.data)
    Messageindex                             0x20000018   Data           4  st7735.o(.data)
    Ymax                                     0x2000001c   Data           4  st7735.o(.data)
    Ymin                                     0x20000020   Data           4  st7735.o(.data)
    X                                        0x20000024   Data           4  st7735.o(.data)
    Yrange                                   0x20000028   Data           4  st7735.o(.data)
    PeriodicTask1                            0x20000038   Data           4  timer1.o(.data)
    alarmOne                                 0x20000048   Data          84  speaker.o(.data)
    alarmTwo                                 0x2000009c   Data          84  speaker.o(.data)
    alarmThree                               0x200000f0   Data          84  speaker.o(.data)
    alarmFour                                0x20000144   Data          84  speaker.o(.data)
    PeriodicTask2                            0x200001ac   Data           4  timer2.o(.data)
    alarms                                   0x200001cc   Data         336  speaker.o(.bss)
    __libspace_start                         0x2000031c   Data          96  libspace.o(.bss)
    __temporary_stack_top$libspace           0x2000037c   Data           0  libspace.o(.bss)



==============================================================================

Memory Map of the image

  Image Entry point : 0x0000026d

  Load Region LR_1 (Base: 0x00000000, Size: 0x0000aabc, Max: 0xffffffff, ABSOLUTE, COMPRESSED[0x0000a944])

    Execution Region ER_RO (Base: 0x00000000, Size: 0x0000a8f0, Max: 0xffffffff, ABSOLUTE)

    Base Addr    Size         Type   Attr      Idx    E Section Name        Object

    0x00000000   0x00000284   Code   RO            3  * RESET               startup.o
    0x00000284   0x00000008   Code   RO          697  * !!!main             c_w.l(__main.o)
    0x0000028c   0x00000034   Code   RO          945    !!!scatter          c_w.l(__scatter.o)
    0x000002c0   0x0000005a   Code   RO          943    !!dczerorl2         c_w.l(__dczerorl2.o)
    0x0000031a   0x00000002   PAD
    0x0000031c   0x0000001c   Code   RO          947    !!handler_zi        c_w.l(__scatter_zi.o)
    0x00000338   0x00000002   Code   RO          815    .ARM.Collect$$libinit$$00000000  c_w.l(libinit.o)
    0x0000033a   0x00000000   Code   RO          821    .ARM.Collect$$libinit$$00000002  c_w.l(libinit2.o)
    0x0000033a   0x00000000   Code   RO          824    .ARM.Collect$$libinit$$00000008  c_w.l(libinit2.o)
    0x0000033a   0x00000000   Code   RO          826    .ARM.Collect$$libinit$$0000000A  c_w.l(libinit2.o)
    0x0000033a   0x00000000   Code   RO          828    .ARM.Collect$$libinit$$0000000C  c_w.l(libinit2.o)
    0x0000033a   0x00000000   Code   RO          831    .ARM.Collect$$libinit$$0000000F  c_w.l(libinit2.o)
    0x0000033a   0x00000000   Code   RO          833    .ARM.Collect$$libinit$$00000011  c_w.l(libinit2.o)
    0x0000033a   0x00000000   Code   RO          835    .ARM.Collect$$libinit$$00000013  c_w.l(libinit2.o)
    0x0000033a   0x00000000   Code   RO          837    .ARM.Collect$$libinit$$00000015  c_w.l(libinit2.o)
    0x0000033a   0x00000000   Code   RO          839    .ARM.Collect$$libinit$$00000017  c_w.l(libinit2.o)
    0x0000033a   0x00000000   Code   RO          841    .ARM.Collect$$libinit$$00000019  c_w.l(libinit2.o)
    0x0000033a   0x00000000   Code   RO          843    .ARM.Collect$$libinit$$0000001B  c_w.l(libinit2.o)
    0x0000033a   0x00000000   Code   RO          845    .ARM.Collect$$libinit$$0000001D  c_w.l(libinit2.o)
    0x0000033a   0x00000000   Code   RO          847    .ARM.Collect$$libinit$$0000001F  c_w.l(libinit2.o)
    0x0000033a   0x00000000   Code   RO          849    .ARM.Collect$$libinit$$00000021  c_w.l(libinit2.o)
    0x0000033a   0x00000000   Code   RO          851    .ARM.Collect$$libinit$$00000023  c_w.l(libinit2.o)
    0x0000033a   0x00000000   Code   RO          855    .ARM.Collect$$libinit$$0000002A  c_w.l(libinit2.o)
    0x0000033a   0x00000000   Code   RO          857    .ARM.Collect$$libinit$$0000002C  c_w.l(libinit2.o)
    0x0000033a   0x00000000   Code   RO          859    .ARM.Collect$$libinit$$0000002E  c_w.l(libinit2.o)
    0x0000033a   0x00000000   Code   RO          861    .ARM.Collect$$libinit$$00000030  c_w.l(libinit2.o)
    0x0000033a   0x00000002   Code   RO          862    .ARM.Collect$$libinit$$00000031  c_w.l(libinit2.o)
    0x0000033c   0x00000002   Code   RO          884    .ARM.Collect$$libshutdown$$00000000  c_w.l(libshutdown.o)
    0x0000033e   0x00000000   Code   RO          898    .ARM.Collect$$libshutdown$$00000003  c_w.l(libshutdown2.o)
    0x0000033e   0x00000000   Code   RO          901    .ARM.Collect$$libshutdown$$00000006  c_w.l(libshutdown2.o)
    0x0000033e   0x00000000   Code   RO          904    .ARM.Collect$$libshutdown$$00000009  c_w.l(libshutdown2.o)
    0x0000033e   0x00000000   Code   RO          906    .ARM.Collect$$libshutdown$$0000000B  c_w.l(libshutdown2.o)
    0x0000033e   0x00000000   Code   RO          909    .ARM.Collect$$libshutdown$$0000000E  c_w.l(libshutdown2.o)
    0x0000033e   0x00000002   Code   RO          910    .ARM.Collect$$libshutdown$$0000000F  c_w.l(libshutdown2.o)
    0x00000340   0x00000000   Code   RO          739    .ARM.Collect$$rtentry$$00000000  c_w.l(rtentry.o)
    0x00000340   0x00000000   Code   RO          770    .ARM.Collect$$rtentry$$00000002  c_w.l(rtentry2.o)
    0x00000340   0x00000006   Code   RO          782    .ARM.Collect$$rtentry$$00000004  c_w.l(rtentry4.o)
    0x00000346   0x00000000   Code   RO          772    .ARM.Collect$$rtentry$$00000009  c_w.l(rtentry2.o)
    0x00000346   0x00000004   Code   RO          773    .ARM.Collect$$rtentry$$0000000A  c_w.l(rtentry2.o)
    0x0000034a   0x00000000   Code   RO          775    .ARM.Collect$$rtentry$$0000000C  c_w.l(rtentry2.o)
    0x0000034a   0x00000008   Code   RO          776    .ARM.Collect$$rtentry$$0000000D  c_w.l(rtentry2.o)
    0x00000352   0x00000002   Code   RO          818    .ARM.Collect$$rtexit$$00000000  c_w.l(rtexit.o)
    0x00000354   0x00000000   Code   RO          866    .ARM.Collect$$rtexit$$00000002  c_w.l(rtexit2.o)
    0x00000354   0x00000004   Code   RO          867    .ARM.Collect$$rtexit$$00000003  c_w.l(rtexit2.o)
    0x00000358   0x00000006   Code   RO          868    .ARM.Collect$$rtexit$$00000004  c_w.l(rtexit2.o)
    0x0000035e   0x00000002   PAD
    0x00000360   0x00000030   Code   RO            4    .text               startup.o
    0x00000390   0x00000064   Code   RO          693    .text               c_w.l(rt_memcpy_w.o)
    0x000003f4   0x00000006   Code   RO          695    .text               c_w.l(heapauxi.o)
    0x000003fa   0x00000016   Code   RO          740    .text               c_w.l(_rserrno.o)
    0x00000410   0x00000008   Code   RO          787    .text               c_w.l(rt_errno_addr_intlibspace.o)
    0x00000418   0x00000008   Code   RO          803    .text               c_w.l(libspace.o)
    0x00000420   0x0000004a   Code   RO          806    .text               c_w.l(sys_stackheap_outer.o)
    0x0000046a   0x0000000c   Code   RO          808    .text               c_w.l(exit.o)
    0x00000476   0x00000002   PAD
    0x00000478   0x0000000c   Code   RO          876    .text               c_w.l(sys_exit.o)
    0x00000484   0x00000002   Code   RO          887    .text               c_w.l(use_no_semi.o)
    0x00000486   0x00000000   Code   RO          889    .text               c_w.l(indicate_semi.o)
    0x00000486   0x00000002   PAD
    0x00000488   0x00000094   Code   RO          611    i.Board_Init        switch.o
    0x0000051c   0x0000000c   Code   RO          612    i.Board_Input       switch.o
    0x00000528   0x00000084   Code   RO          613    i.Button_Released   switch.o
    0x000005ac   0x00000064   Code   RO          471    i.Change_Alarm      speaker.o
    0x00000610   0x00000034   Code   RO          323    i.Change_Clock_Alarm  alarmclocktestmain.o
    0x00000644   0x00000034   Code   RO          324    i.Change_Clock_Time  alarmclocktestmain.o
    0x00000678   0x00000120   Code   RO          614    i.Check_Inputs      switch.o
    0x00000798   0x00000030   Code   RO          325    i.Clock_Tick        alarmclocktestmain.o
    0x000007c8   0x00000020   Code   RO           34    i.Delay1ms          st7735.o
    0x000007e8   0x00000018   Code   RO          391    i.Format_Alarm      keeptime.o
    0x00000800   0x00000018   Code   RO          392    i.Format_Time       keeptime.o
    0x00000818   0x0000000c   Code   RO          393    i.Get_Alarm         keeptime.o
    0x00000824   0x00000008   Code   RO          394    i.Get_Hours         keeptime.o
    0x0000082c   0x00000008   Code   RO          395    i.Get_Minutes       keeptime.o
    0x00000834   0x0000000c   Code   RO          396    i.Get_Time          keeptime.o
    0x00000840   0x00000008   Code   RO          397    i.Get_Time_Format   keeptime.o
    0x00000848   0x00000060   Code   RO          673    i.Heartbeat_Init    heartbeat.o
    0x000008a8   0x0000003c   Code   RO          398    i.KeepTime_Init     keeptime.o
    0x000008e4   0x00000018   Code   RO          542    i.LCD_Draw_Face     lcdinterface.o
    0x000008fc   0x000000dc   Code   RO          543    i.LCD_Draw_Hand     lcdinterface.o
    0x000009d8   0x0000003a   Code   RO          544    i.LCD_Init          lcdinterface.o
    0x00000a12   0x00000002   PAD
    0x00000a14   0x0000004c   Code   RO          546    i.LCD_Print_Instructions  lcdinterface.o
    0x00000a60   0x00000040   Code   RO          547    i.LCD_Refresh_Alarm  lcdinterface.o
    0x00000aa0   0x00000048   Code   RO          548    i.LCD_Refresh_Analog  lcdinterface.o
    0x00000ae8   0x00000048   Code   RO          549    i.LCD_Refresh_Time  lcdinterface.o
    0x00000b30   0x0000007c   Code   RO           12    i.PLL_Init          pll.o
    0x00000bac   0x0000009c   Code   RO          615    i.PortF_Init        switch.o
    0x00000c48   0x00000120   Code   RO           41    i.ST7735_DrawBitmap  st7735.o
    0x00000d68   0x000000f4   Code   RO           43    i.ST7735_DrawCharS  st7735.o
    0x00000e5c   0x00000048   Code   RO           46    i.ST7735_DrawPixel  st7735.o
    0x00000ea4   0x00000056   Code   RO           47    i.ST7735_DrawString  st7735.o
    0x00000efa   0x00000002   PAD
    0x00000efc   0x000000ac   Code   RO           48    i.ST7735_FillRect   st7735.o
    0x00000fa8   0x00000024   Code   RO           49    i.ST7735_FillScreen  st7735.o
    0x00000fcc   0x0000007c   Code   RO           51    i.ST7735_InitR      st7735.o
    0x00001048   0x000000fa   Code   RO           53    i.ST7735_Line       st7735.o
    0x00001142   0x00000002   PAD
    0x00001144   0x000000d4   Code   RO           54    i.ST7735_OutChar    st7735.o
    0x00001218   0x00000018   Code   RO           55    i.ST7735_OutString  st7735.o
    0x00001230   0x00000020   Code   RO           65    i.ST7735_SetCursor  st7735.o
    0x00001250   0x000000d4   Code   RO           66    i.ST7735_SetRotation  st7735.o
    0x00001324   0x0000000c   Code   RO          399    i.Set_Alarm         keeptime.o
    0x00001330   0x0000004c   Code   RO          326    i.Set_Mode          alarmclocktestmain.o
    0x0000137c   0x0000000c   Code   RO          327    i.Set_Mode_Customize  alarmclocktestmain.o
    0x00001388   0x0000000c   Code   RO          400    i.Set_Time          keeptime.o
    0x00001394   0x000000a0   Code   RO          472    i.Speaker_Init      speaker.o
    0x00001434   0x00000044   Code   RO          473    i.Start_Alarm       speaker.o
    0x00001478   0x0000000c   Code   RO          474    i.Stop_Alarm        speaker.o
    0x00001484   0x00000032   Code   RO          616    i.Switch_Debounce   switch.o
    0x000014b6   0x00000010   Code   RO          617    i.Switch_Init       switch.o
    0x000014c6   0x00000018   Code   RO          618    i.SysTick_Init      switch.o
    0x000014de   0x00000020   Code   RO          619    i.SysTick_Wait      switch.o
    0x000014fe   0x00000002   PAD
    0x00001500   0x00000018   Code   RO          370    i.Timer1A_Handler   timer1.o
    0x00001518   0x00000064   Code   RO          401    i.Timer1_Handler    keeptime.o
    0x0000157c   0x00000060   Code   RO          371    i.Timer1_Init       timer1.o
    0x000015dc   0x00000018   Code   RO          520    i.Timer2A_Handler   timer2.o
    0x000015f4   0x00000060   Code   RO          521    i.Timer2_Init       timer2.o
    0x00001654   0x00000034   Code   RO          674    i.Toggle_Heartbeat  heartbeat.o
    0x00001688   0x00000028   Code   RO          799    i.__ARM_fpclassify  m_ws.l(fpclassify.o)
    0x000016b0   0x00000388   Code   RO          758    i.__ieee754_rem_pio2  m_ws.l(rred.o)
    0x00001a38   0x000000fc   Code   RO          755    i.__kernel_cos      m_ws.l(cos_i.o)
    0x00001b34   0x000000aa   Code   RO          801    i.__kernel_poly     m_ws.l(poly.o)
    0x00001bde   0x00000002   PAD
    0x00001be0   0x000000ec   Code   RO          763    i.__kernel_sin      m_ws.l(sin_i.o)
    0x00001ccc   0x00000010   Code   RO          797    i.__mathlib_dbl_underflow  m_ws.l(dunder.o)
    0x00001cdc   0x00000056   Code   RO           69    i.commandList       st7735.o
    0x00001d32   0x00000002   PAD
    0x00001d34   0x00000184   Code   RO           70    i.commonInit        st7735.o
    0x00001eb8   0x000000ac   Code   RO          722    i.cos               m_ws.l(cos.o)
    0x00001f64   0x00000050   Code   RO          402    i.incrementTime     keeptime.o
    0x00001fb4   0x0000004c   Code   RO          328    i.main              alarmclocktestmain.o
    0x00002000   0x00000044   Code   RO          475    i.portBInit         speaker.o
    0x00002044   0x00000012   Code   RO           75    i.pushColor         st7735.o
    0x00002056   0x00000002   PAD
    0x00002058   0x00000098   Code   RO          729    i.round             m_ws.l(round.o)
    0x000020f0   0x00000074   Code   RO           76    i.setAddrWindow     st7735.o
    0x00002164   0x000000b0   Code   RO          732    i.sin               m_ws.l(sin.o)
    0x00002214   0x000000e4   Code   RO          476    i.togglePB2         speaker.o
    0x000022f8   0x00000058   Code   RO          550    i.uint8ToString     lcdinterface.o
    0x00002350   0x00000030   Code   RO           77    i.writecommand      st7735.o
    0x00002380   0x00000020   Code   RO           78    i.writedata         st7735.o
    0x000023a0   0x00000150   Code   RO          699    x$fpl$dadd          fz_ws.l(daddsub_clz.o)
    0x000024f0   0x00000010   Code   RO          789    x$fpl$dcheck1       fz_ws.l(dcheck1.o)
    0x00002500   0x00000018   Code   RO          791    x$fpl$dcmpinf       fz_ws.l(dcmpi.o)
    0x00002518   0x000002b0   Code   RO          706    x$fpl$ddiv          fz_ws.l(ddiv.o)
    0x000027c8   0x0000005e   Code   RO          793    x$fpl$dfix          fz_ws.l(dfix.o)
    0x00002826   0x00000002   PAD
    0x00002828   0x0000005a   Code   RO          709    x$fpl$dfixu         fz_ws.l(dfixu.o)
    0x00002882   0x0000002e   Code   RO          714    x$fpl$dflt          fz_ws.l(dflt_clz.o)
    0x000028b0   0x00000026   Code   RO          713    x$fpl$dfltu         fz_ws.l(dflt_clz.o)
    0x000028d6   0x00000002   PAD
    0x000028d8   0x00000078   Code   RO          742    x$fpl$dleqf         fz_ws.l(dleqf.o)
    0x00002950   0x00000154   Code   RO          719    x$fpl$dmul          fz_ws.l(dmul.o)
    0x00002aa4   0x0000009c   Code   RO          744    x$fpl$dnaninf       fz_ws.l(dnaninf.o)
    0x00002b40   0x0000000c   Code   RO          746    x$fpl$dretinf       fz_ws.l(dretinf.o)
    0x00002b4c   0x0000006c   Code   RO          748    x$fpl$drleqf        fz_ws.l(drleqf.o)
    0x00002bb8   0x000000b4   Code   RO          750    x$fpl$drnd          fz_ws.l(drnd.o)
    0x00002c6c   0x00000016   Code   RO          700    x$fpl$drsb          fz_ws.l(daddsub_clz.o)
    0x00002c82   0x00000002   PAD
    0x00002c84   0x000001d4   Code   RO          701    x$fpl$dsub          fz_ws.l(daddsub_clz.o)
    0x00002e58   0x00000064   Code   RO          816    x$fpl$retnan        fz_ws.l(retnan.o)
    0x00002ebc   0x0000005c   Code   RO          752    x$fpl$scalbn        fz_ws.l(scalbn.o)
    0x00002f18   0x00000030   Code   RO          863    x$fpl$trapveneer    fz_ws.l(trapv.o)
    0x00002f48   0x00000000   Code   RO          754    x$fpl$usenofp       fz_ws.l(usenofp.o)
    0x00002f48   0x000007e2   Data   RO           80    .constdata          st7735.o
    0x0000372a   0x00007080   Data   RO          551    .constdata          lcdinterface.o
    0x0000a7aa   0x00000006   PAD
    0x0000a7b0   0x00000030   Data   RO          756    .constdata          m_ws.l(cos_i.o)
    0x0000a7e0   0x000000c8   Data   RO          760    .constdata          m_ws.l(rred.o)
    0x0000a8a8   0x00000028   Data   RO          764    .constdata          m_ws.l(sin_i.o)
    0x0000a8d0   0x00000020   Data   RO          941    Region$$Table       anon$$obj.o


    Execution Region ER_RW (Base: 0x20000000, Size: 0x000001cc, Max: 0xffffffff, ABSOLUTE, COMPRESSED[0x00000054])

    Base Addr    Size         Type   Attr      Idx    E Section Name        Object

    0x20000000   0x0000002c   Data   RW           81    .data               st7735.o
    0x2000002c   0x0000000c   Data   RW          329    .data               alarmclocktestmain.o
    0x20000038   0x00000004   Data   RW          372    .data               timer1.o
    0x2000003c   0x0000000c   Data   RW          403    .data               keeptime.o
    0x20000048   0x00000164   Data   RW          478    .data               speaker.o
    0x200001ac   0x00000004   Data   RW          522    .data               timer2.o
    0x200001b0   0x00000004   Data   RW          552    .data               lcdinterface.o
    0x200001b4   0x00000018   Data   RW          620    .data               switch.o


    Execution Region ER_ZI (Base: 0x200001cc, Size: 0x000005b4, Max: 0xffffffff, ABSOLUTE)

    Base Addr    Size         Type   Attr      Idx    E Section Name        Object

    0x200001cc   0x00000150   Zero   RW          477    .bss                speaker.o
    0x2000031c   0x00000060   Zero   RW          804    .bss                c_w.l(libspace.o)
    0x2000037c   0x00000004   PAD
    0x20000380   0x00000000   Zero   RW            2    HEAP                startup.o
    0x20000380   0x00000400   Zero   RW            1    STACK               startup.o


==============================================================================

Image component sizes


      Code (inc. data)   RO Data    RW Data    ZI Data      Debug   Object Name

       316         38          0         12          0       3033   alarmclocktestmain.o
       148         30          0          0          0        772   heartbeat.o
       360         58          0         12          0       5324   keeptime.o
       674        100      28800          4          0       4473   lcdinterface.o
       124          6          0          0          0       4623   pll.o
       636        134          0        356        336       3061   speaker.o
      2472        214       2018         44          0      14361   st7735.o
       692        632          0          0       1024        892   startup.o
       858         74          0         24          0       4787   switch.o
       120         28          0          4          0       1260   timer1.o
       120         28          0          4          0       1300   timer2.o

    ----------------------------------------------------------------------
      6532       1342      30856        460       1360      43886   Object Totals
         0          0         32          0          0          0   (incl. Generated)
        12          0          6          0          0          0   (incl. Padding)

    ----------------------------------------------------------------------

      Code (inc. data)   RO Data    RW Data    ZI Data      Debug   Library Member Name

        90          0          0          0          0          0   __dczerorl2.o
         8          0          0          0          0         68   __main.o
        52          8          0          0          0          0   __scatter.o
        28          0          0          0          0          0   __scatter_zi.o
        22          0          0          0          0        100   _rserrno.o
        12          0          0          0          0         72   exit.o
         6          0          0          0          0        152   heapauxi.o
         0          0          0          0          0          0   indicate_semi.o
         2          0          0          0          0          0   libinit.o
         2          0          0          0          0          0   libinit2.o
         2          0          0          0          0          0   libshutdown.o
         2          0          0          0          0          0   libshutdown2.o
         8          4          0          0         96         68   libspace.o
         8          4          0          0          0         68   rt_errno_addr_intlibspace.o
       100          0          0          0          0         80   rt_memcpy_w.o
         0          0          0          0          0          0   rtentry.o
        12          0          0          0          0          0   rtentry2.o
         6          0          0          0          0          0   rtentry4.o
         2          0          0          0          0          0   rtexit.o
        10          0          0          0          0          0   rtexit2.o
        12          4          0          0          0         68   sys_exit.o
        74          0          0          0          0         80   sys_stackheap_outer.o
         2          0          0          0          0         68   use_no_semi.o
       826         16          0          0          0        348   daddsub_clz.o
        16          4          0          0          0         68   dcheck1.o
        24          0          0          0          0         68   dcmpi.o
       688        140          0          0          0        208   ddiv.o
        94          4          0          0          0         92   dfix.o
        90          4          0          0          0         92   dfixu.o
        84          0          0          0          0        136   dflt_clz.o
       120          4          0          0          0         92   dleqf.o
       340         12          0          0          0        104   dmul.o
       156          4          0          0          0         92   dnaninf.o
        12          0          0          0          0         68   dretinf.o
       108          0          0          0          0         80   drleqf.o
       180          4          0          0          0         80   drnd.o
       100          0          0          0          0         68   retnan.o
        92          0          0          0          0         68   scalbn.o
        48          0          0          0          0         68   trapv.o
         0          0          0          0          0          0   usenofp.o
       172          8          0          0          0        112   cos.o
       252         22         48          0          0        124   cos_i.o
        16          6          0          0          0         68   dunder.o
        40          0          0          0          0         68   fpclassify.o
       170          0          0          0          0         96   poly.o
       152         14          0          0          0         88   round.o
       904         72        200          0          0        140   rred.o
       176         10          0          0          0        116   sin.o
       236         12         40          0          0        128   sin_i.o

    ----------------------------------------------------------------------
      5572        356        288          0        100       3496   Library Totals
        16          0          0          0          4          0   (incl. Padding)

    ----------------------------------------------------------------------

      Code (inc. data)   RO Data    RW Data    ZI Data      Debug   Library Name

       460         20          0          0         96        824   c_w.l
      2978        192          0          0          0       1732   fz_ws.l
      2118        144        288          0          0        940   m_ws.l

    ----------------------------------------------------------------------
      5572        356        288          0        100       3496   Library Totals

    ----------------------------------------------------------------------

==============================================================================


      Code (inc. data)   RO Data    RW Data    ZI Data      Debug   

     12104       1698      31144        460       1460      42182   Grand Totals
     12104       1698      31144         84       1460      42182   ELF Image Totals (compressed)
     12104       1698      31144         84          0          0   ROM Totals

==============================================================================

    Total RO  Size (Code + RO Data)                43248 (  42.23kB)
    Total RW  Size (RW Data + ZI Data)              1920 (   1.88kB)
    Total ROM Size (Code + RO Data + RW Data)      43332 (  42.32kB)

==============================================================================

