<html>
<body>
<pre>
<h1>µVision Build Log</h1>
<h2>Project:</h2>
C:\Keil\ValvanoWareTM4C123\Lab 1\ST7735.uvproj
Project File Date:  08/30/2016

<h2>Output:</h2>
Rebuild target 'ST7735'
assembling startup.s...
compiling PLL.c...
compiling ST7735.c...
compiling ST7735TestMain.c...
compiling fixed.c...
linking...
Program Size: Code=8060 RO-data=17192 RW-data=64 ZI-data=1024  
".\ST7735.axf" - 0 Error(s), 0 Warning(s).
tc(' ', 0);
fixed.c: 1 warning, 0 errors
linking...
Program Size: Code=3016 RO-data=2052 RW-data=44 ZI-data=1028  
".\ST7735.axf" - 0 Error(s), 1 Warning(s).
 #2748-D: null argument provided for parameter marked with attribute "nonnull"
        fputc('\n', 0);
ST7735TestMain.c(771): warning:  #2748-D: null argument provided for parameter marked with attribute "nonnull"
        fputc('\n', 0);
ST7735TestMain.c: 4 warnings, 0 errors
compiling fixed.c...
fixed.c(21): warning:  #2748-D: null argument provided for parameter marked with attribute "nonnull"
                fputc(32, 0);
fixed.c(22): warning:  #2748-D: null argument provided for parameter marked with attribute "nonnull"
                fputc(42, 0);
fixed.c(23): warning:  #2748-D: null argument provided for parameter marked with attribute "nonnull"
                fputc(46, 0);
fixed.c(24): warning:  #2748-D: null argument provided for parameter marked with attribute "nonnull"
                fputc(42, 0);
fixed.c(25): warning:  #2748-D: null argument provided for parameter marked with attribute "nonnull"
                fputc(42, 0);
fixed.c(26): warning:  #2748-D: null argument provided for parameter marked with attribute "nonnull"
                fputc(42, 0);
fixed.c(41): warning:  #2748-D: null argument provided for parameter marked with attribute "nonnull"
                if(isNeg) fputc(45, 0); // Negative sign
fixed.c(42): warning:  #2748-D: null argument provided for parameter marked with attribute "nonnull"
                else fputc(32, 0);      // Space
fixed.c(46): warning:  #2748-D: null argument provided for parameter marked with attribute "nonnull"
                        if(i == 2) fputc(46, 0);
fixed.c(47): warning:  #2748-D: null argument provided for parameter marked with attribute "nonnull"
                        fputc(numbers[i] + 48, 0);
fixed.c(91): warning:  #2748-D: null argument provided for parameter marked with attribute "nonnull"
                fputc(' ', 0);
fixed.c: 11 warnings, 0 errors
linking...
Program Size: Code=3016 RO-data=2052 RW-data=44 ZI-data=1028  
".\ST7735.axf" - 0 Error(s), 15 Warning(s).
