<html>
<body>
<pre>
<h1>µVision Build Log</h1>
<h2>Project:</h2>
C:\Keil\ValvanoWareTM4C123\Lab 4\getWeather.uvproj
Project File Date:  08/26/2016

<h2>Output:</h2>
Rebuild target 'getWeather'
compiling main.c...
compiling board.c...
compiling Nokia5110.c...
compiling LED.c...
compiling device.c...
compiling driver.c...
compiling flowcont.c...
compiling fs.c...
compiling netapp.c...
compiling netcfg.c...
compiling nonos.c...
compiling socket.c...
compiling spawn.c...
compiling spi.c...
assembling startup_rvmdk.S...
compiling uart.c...
compiling wlan.c...
compiling uartstdio.c...
compiling ustdlib.c...
compiling adc.c...
linking...
Program Size: Code=19952 RO-data=2304 RW-data=56 ZI-data=19512  
After Build - User command #1: fromelf --bin --output .\rvmdk\cc31000_starter.bin .\rvmdk\cc31000_starter.axf
".\rvmdk\getWeather.axf" - 0 Error(s), 0 Warning(s).
Load "C:\\Keil\\ValvanoWareTM4C123\\Lab 4\\rvmdk\\getWeather.axf" 
Connecting: Mode=JTAG, Speed=1000000Hz
Erase Done.
Programming Done.
Verify OK.
compiling main.c...
"main.c" - 0 Error(s), 0 Warning(s).
Error: Could not load file 'C:\Keil\ValvanoWareTM4C123\Lab 4\rvmdk\getWeather.axf'. Debugger aborted !
Error: Could not load file 'C:\Keil\ValvanoWareTM4C123\Lab 4\rvmdk\getWeather.axf'. Debugger aborted !
.bin .\rvmdk\cc31000_starter.axf
".\rvmdk\getWeather.axf" - 0 Error(s), 3 Warning(s).
Load "C:\\Keil\\ValvanoWareTM4C123\\Lab 4\\rvmdk\\getWeather.axf" 
Connecting: Mode=JTAG, Speed=1000000Hz
Erase Done.
Programming Done.
Verify OK.
lf --bin --output .\rvmdk\cc31000_starter.bin .\rvmdk\cc31000_starter.axf
".\rvmdk\getWeather.axf" - 0 Error(s), 5 Warning(s).
Load "C:\\Keil\\ValvanoWareTM4C123\\Lab 4\\rvmdk\\getWeather.axf" 
Connecting: Mode=JTAG, Speed=1000000Hz
Erase Done.
Programming Done.
Verify OK.
K.
Hz
Erase Done.
Programming Done.
Verify OK.
ier "uint32_t" is undefined
    SYSCTL_RCGCADC_R |= 0x0001;   // 7) activate ADC0
adc.c(27): error:  #20: identifier "uint32_t" is undefined
    while((SYSCTL_PRADC_R&0x0001) != 0x0001){};    // good code, but not yet implemented in simulator
adc.c(29): error:  #20: identifier "uint32_t" is undefined
    ADC0_PC_R &= ~0xF;              // 7) clear max sample rate field
adc.c(30): error:  #20: identifier "uint32_t" is undefined
    ADC0_PC_R |= 0x1;               //    configure for 125K samples/sec
adc.c(31): error:  #20: identifier "uint32_t" is undefined
    ADC0_SSPRI_R = 0x0123;          // 8) Sequencer 3 is highest priority
adc.c(32): error:  #20: identifier "uint32_t" is undefined
    ADC0_ACTSS_R &= ~0x0008;        // 9) disable sample sequencer 3
adc.c(33): error:  #20: identifier "uint32_t" is undefined
    ADC0_EMUX_R &= ~0xF000;         // 10) seq3 is software trigger
adc.c(34): error:  #20: identifier "uint32_t" is undefined
    ADC0_SSMUX3_R &= ~0x000F;       // 11) clear SS3 field
adc.c(35): error:  #20: identifier "uint32_t" is undefined
    ADC0_SSMUX3_R += 9;             //    set channel
adc.c(36): error:  #20: identifier "uint32_t" is undefined
    ADC0_SSCTL3_R = 0x0006;         // 12) no TS0 D0, yes IE0 END0
adc.c(37): error:  #20: identifier "uint32_t" is undefined
    ADC0_IM_R &= ~0x0008;           // 13) disable SS3 interrupts
adc.c(38): error:  #20: identifier "uint32_t" is undefined
    ADC0_ACTSS_R |= 0x0008;         // 14) enable sample sequencer 3
adc.c(45): error:  #20: identifier "uint32_t" is undefined
  uint32_t ADC0_InSeq3(void){  uint32_t result;
adc.c(45): error:  #20: identifier "uint32_t" is undefined
  uint32_t ADC0_InSeq3(void){  uint32_t result;
adc.c(46): error:  #20: identifier "uint32_t" is undefined
    ADC0_PSSI_R = 0x0008;            // 1) initiate SS3
adc.c(47): error:  #20: identifier "uint32_t" is undefined
    while((ADC0_RIS_R&0x08)==0){};   // 2) wait for conversion done
adc.c(49): error:  #20: identifier "uint32_t" is undefined
    result = ADC0_SSFIFO3_R&0xFFF;   // 3) read result
adc.c(50): error:  #20: identifier "uint32_t" is undefined
    ADC0_ISC_R = 0x0008;             // 4) acknowledge completion
adc.c: 0 warnings, 24 errors
".\rvmdk\getWeather.axf" - 26 Error(s), 0 Warning(s).
Target not created
