ARM Linker, 5.03 [Build 76] [MDK-ARM Professional]

==============================================================================

Section Cross References

    main.o(i.Crash) refers to led.o(i.LED_RedToggle) for LED_RedToggle
    main.o(i.SimpleLinkGeneralEventHandler) refers to uartstdio.o(i.UARTprintf) for UARTprintf
    main.o(i.SimpleLinkHttpServerCallback) refers to uartstdio.o(i.UARTprintf) for UARTprintf
    main.o(i.SimpleLinkNetAppEventHandler) refers to uartstdio.o(i.UARTprintf) for UARTprintf
    main.o(i.SimpleLinkNetAppEventHandler) refers to main.o(.data) for g_Status
    main.o(i.SimpleLinkSockEventHandler) refers to uartstdio.o(i.UARTprintf) for UARTprintf
    main.o(i.SimpleLinkSockEventHandler) refers to main.o(.constdata) for .constdata
    main.o(i.SimpleLinkWlanEventHandler) refers to uartstdio.o(i.UARTprintf) for UARTprintf
    main.o(i.SimpleLinkWlanEventHandler) refers to main.o(.data) for g_Status
    main.o(i.UART_Init) refers to sysctl.o(i.SysCtlPeripheralEnable) for SysCtlPeripheralEnable
    main.o(i.UART_Init) refers to gpio.o(i.GPIOPinConfigure) for GPIOPinConfigure
    main.o(i.UART_Init) refers to gpio.o(i.GPIOPinTypeUART) for GPIOPinTypeUART
    main.o(i.UART_Init) refers to uartstdio.o(i.UARTStdioConfig) for UARTStdioConfig
    main.o(i.configureSimpleLinkToDefaultState) refers to memseta.o(.text) for __aeabi_memclr4
    main.o(i.configureSimpleLinkToDefaultState) refers to device.o(i.sl_Start) for sl_Start
    main.o(i.configureSimpleLinkToDefaultState) refers to wlan.o(i.sl_WlanSetMode) for sl_WlanSetMode
    main.o(i.configureSimpleLinkToDefaultState) refers to device.o(i.sl_Stop) for sl_Stop
    main.o(i.configureSimpleLinkToDefaultState) refers to device.o(i.sl_DevGet) for sl_DevGet
    main.o(i.configureSimpleLinkToDefaultState) refers to wlan.o(i.sl_WlanPolicySet) for sl_WlanPolicySet
    main.o(i.configureSimpleLinkToDefaultState) refers to wlan.o(i.sl_WlanProfileDel) for sl_WlanProfileDel
    main.o(i.configureSimpleLinkToDefaultState) refers to wlan.o(i.sl_WlanDisconnect) for sl_WlanDisconnect
    main.o(i.configureSimpleLinkToDefaultState) refers to netcfg.o(i.sl_NetCfgSet) for sl_NetCfgSet
    main.o(i.configureSimpleLinkToDefaultState) refers to wlan.o(i.sl_WlanSet) for sl_WlanSet
    main.o(i.configureSimpleLinkToDefaultState) refers to netapp.o(i.sl_NetAppMDNSUnRegisterService) for sl_NetAppMDNSUnRegisterService
    main.o(i.configureSimpleLinkToDefaultState) refers to main.o(.data) for g_Status
    main.o(i.configureSimpleLinkToDefaultState) refers to main.o(.bss) for Recvbuff
    main.o(i.main) refers to board.o(i.initClk) for initClk
    main.o(i.main) refers to main.o(i.UART_Init) for UART_Init
    main.o(i.main) refers to led.o(i.LED_Init) for LED_Init
    main.o(i.main) refers to uartstdio.o(i.UARTprintf) for UARTprintf
    main.o(i.main) refers to main.o(i.configureSimpleLinkToDefaultState) for configureSimpleLinkToDefaultState
    main.o(i.main) refers to main.o(i.Crash) for Crash
    main.o(i.main) refers to device.o(i.sl_Start) for sl_Start
    main.o(i.main) refers to wlan.o(i.sl_WlanConnect) for sl_WlanConnect
    main.o(i.main) refers to nonos.o(i._SlNonOsMainLoopTask) for _SlNonOsMainLoopTask
    main.o(i.main) refers to adc.o(i.ADC0_InitSWTriggerSeq3_Ch9) for ADC0_InitSWTriggerSeq3_Ch9
    main.o(i.main) refers to adc.o(i.ADC0_InSeq3) for ADC0_InSeq3
    main.o(i.main) refers to strcpy.o(.text) for strcpy
    main.o(i.main) refers to strlen.o(.text) for strlen
    main.o(i.main) refers to netapp.o(i.sl_NetAppDnsGetHostByName) for sl_NetAppDnsGetHostByName
    main.o(i.main) refers to socket.o(i.sl_Htons) for sl_Htons
    main.o(i.main) refers to socket.o(i.sl_Htonl) for sl_Htonl
    main.o(i.main) refers to socket.o(i.sl_Socket) for sl_Socket
    main.o(i.main) refers to socket.o(i.sl_Connect) for sl_Connect
    main.o(i.main) refers to socket.o(i.sl_Send) for sl_Send
    main.o(i.main) refers to socket.o(i.sl_Recv) for sl_Recv
    main.o(i.main) refers to socket.o(i.sl_Close) for sl_Close
    main.o(i.main) refers to led.o(i.LED_GreenOn) for LED_GreenOn
    main.o(i.main) refers to led.o(i.Board_Input) for Board_Input
    main.o(i.main) refers to led.o(i.LED_GreenOff) for LED_GreenOff
    main.o(i.main) refers to main.o(.data) for g_Status
    main.o(i.main) refers to main.o(.bss) for HostName
    main.o(i.main) refers to main.o(.constdata) for .constdata
    board.o(i.CC3100_InterruptDisable) refers to gpio.o(i.GPIOIntDisable) for GPIOIntDisable
    board.o(i.CC3100_InterruptEnable) refers to gpio.o(i.GPIOIntEnable) for GPIOIntEnable
    board.o(i.CC3100_disable) refers to gpio.o(i.GPIOPinWrite) for GPIOPinWrite
    board.o(i.CC3100_enable) refers to gpio.o(i.GPIOPinWrite) for GPIOPinWrite
    board.o(i.Delay) refers to sysctl.o(i.SysCtlClockGet) for SysCtlClockGet
    board.o(i.Delay) refers to sysctl.o(.emb_text) for SysCtlDelay
    board.o(i.GPIOB_intHandler) refers to gpio.o(i.GPIOIntStatus) for GPIOIntStatus
[...]
    Removing nokia5110.o(i.Nokia5110_OutUDec), (412 bytes).
    Removing nokia5110.o(i.Nokia5110_PrintBMP), (408 bytes).
    Removing nokia5110.o(i.Nokia5110_SetCursor), (64 bytes).
    Removing nokia5110.o(i.Nokia5110_SetPxl), (48 bytes).
    Removing nokia5110.o(i.lcdwrite), (76 bytes).
    Removing nokia5110.o(.bss), (504 bytes).
    Removing nokia5110.o(.constdata), (488 bytes).
    Removing nokia5110.o(.data), (8 bytes).
    Removing led.o(i.LED_BlueToggle), (20 bytes).
    Removing led.o(i.LED_GreenToggle), (20 bytes).
    Removing led.o(i.LED_RedOff), (12 bytes).
    Removing led.o(i.LED_RedOn), (12 bytes).
    Removing device.o(i.sl_DevSet), (84 bytes).
    Removing device.o(i.sl_EventMaskGet), (40 bytes).
    Removing device.o(i.sl_EventMaskSet), (40 bytes).
    Removing device.o(i.sl_Task), (8 bytes).
    Removing fs.o(i._GetCreateFsMode), (104 bytes).
    Removing fs.o(i.sl_FsClose), (128 bytes).
    Removing fs.o(i.sl_FsDel), (68 bytes).
    Removing fs.o(i.sl_FsGetInfo), (104 bytes).
    Removing fs.o(i.sl_FsOpen), (100 bytes).
    Removing fs.o(i.sl_FsRead), (168 bytes).
    Removing fs.o(i.sl_FsWrite), (164 bytes).
    Removing fs.o(i.sl_Strlen), (22 bytes).
    Removing fs.o(.constdata), (44 bytes).
    Removing netapp.o(i._sl_HandleAsync_DnsGetHostByAddr), (2 bytes).
    Removing netapp.o(i.sl_NetAppDnsGetHostByService), (288 bytes).
    Removing netapp.o(i.sl_NetAppGet), (124 bytes).
    Removing netapp.o(i.sl_NetAppGetServiceList), (156 bytes).
    Removing netapp.o(i.sl_NetAppMDNSRegisterService), (44 bytes).
    Removing netapp.o(i.sl_NetAppPingStart), (336 bytes).
    Removing netapp.o(i.sl_NetAppSet), (84 bytes).
    Removing netapp.o(i.sl_NetAppStart), (36 bytes).
    Removing netapp.o(i.sl_NetAppStop), (36 bytes).
    Removing netcfg.o(i.sl_NetCfgGet), (136 bytes).
    Removing socket.o(i.SL_FD_CLR), (18 bytes).
    Removing socket.o(i.SL_FD_ISSET), (26 bytes).
    Removing socket.o(i.SL_FD_SET), (18 bytes).
    Removing socket.o(i.SL_FD_ZERO), (6 bytes).
    Removing socket.o(i._sl_ParseAddress), (52 bytes).
    Removing socket.o(i.sl_Accept), (324 bytes).
    Removing socket.o(i.sl_Bind), (128 bytes).
    Removing socket.o(i.sl_GetSockOpt), (148 bytes).
    Removing socket.o(i.sl_Listen), (48 bytes).
    Removing socket.o(i.sl_RecvFrom), (232 bytes).
    Removing socket.o(i.sl_Select), (352 bytes).
    Removing socket.o(i.sl_SendTo), (222 bytes).
    Removing socket.o(i.sl_SetSockOpt), (100 bytes).
    Removing startup_rvmdk.o(HEAP), (0 bytes).
    Removing startup_rvmdk.o(.text), (0 bytes).
    Removing wlan.o(i.sl_WlanGet), (140 bytes).
    Removing wlan.o(i.sl_WlanGetNetworkList), (92 bytes).
    Removing wlan.o(i.sl_WlanPolicyGet), (136 bytes).
    Removing wlan.o(i.sl_WlanProfileAdd), (560 bytes).
    Removing wlan.o(i.sl_WlanProfileGet), (216 bytes).
    Removing wlan.o(i.sl_WlanRxFilterAdd), (108 bytes).
    Removing wlan.o(i.sl_WlanRxFilterGet), (96 bytes).
    Removing wlan.o(i.sl_WlanRxFilterSet), (64 bytes).
    Removing wlan.o(i.sl_WlanRxStatGet), (48 bytes).
    Removing wlan.o(i.sl_WlanRxStatStart), (12 bytes).
    Removing wlan.o(i.sl_WlanRxStatStop), (12 bytes).
    Removing wlan.o(i.sl_WlanSmartConfigStart), (128 bytes).
    Removing wlan.o(i.sl_WlanSmartConfigStop), (12 bytes).
    Removing uartstdio.o(i.GetBufferCount), (26 bytes).
    Removing uartstdio.o(i.UARTEchoSet), (16 bytes).
    Removing uartstdio.o(i.UARTOutString), (60 bytes).
    Removing uartstdio.o(i.UARTPeek), (72 bytes).
    Removing uartstdio.o(i.UARTRxBytesAvail), (24 bytes).
    Removing uartstdio.o(i.UARTTxBytesFree), (28 bytes).
    Removing uartstdio.o(i.UARTgetc), (56 bytes).
    Removing uartstdio.o(i.UARTgets), (108 bytes).
    Removing ustdlib.o(i.ucmptime), (162 bytes).
    Removing ustdlib.o(i.ulocaltime), (172 bytes).
    Removing ustdlib.o(i.umktime), (84 bytes).
    Removing ustdlib.o(i.urand), (36 bytes).
    Removing ustdlib.o(i.usnprintf), (38 bytes).
    Removing ustdlib.o(i.usprintf), (38 bytes).
    Removing ustdlib.o(i.usrand), (12 bytes).
    Removing ustdlib.o(i.ustrcasecmp), (20 bytes).
    Removing ustdlib.o(i.ustrcmp), (20 bytes).
    Removing ustdlib.o(i.ustrlen), (16 bytes).
    Removing ustdlib.o(i.ustrncasecmp), (94 bytes).
    Removing ustdlib.o(i.ustrncmp), (58 bytes).
    Removing ustdlib.o(i.ustrncpy), (42 bytes).
    Removing ustdlib.o(i.ustrstr), (44 bytes).
    Removing ustdlib.o(i.ustrtof), (512 bytes).
    Removing ustdlib.o(i.ustrtoul), (212 bytes).
    Removing ustdlib.o(i.uvsnprintf), (708 bytes).
    Removing ustdlib.o(.constdata), (76 bytes).
    Removing ustdlib.o(.conststring), (17 bytes).
    Removing ustdlib.o(.data), (4 bytes).
    Removing fpu.o(i.FPUDisable), (16 bytes).
    Removing fpu.o(i.FPUFlushToZeroModeSet), (20 bytes).
    Removing fpu.o(i.FPUHalfPrecisionModeSet), (20 bytes).
    Removing fpu.o(i.FPUNaNModeSet), (20 bytes).
    Removing fpu.o(i.FPURoundingModeSet), (20 bytes).
    Removing fpu.o(i.FPUStackingDisable), (16 bytes).
    Removing fpu.o(i.FPUStackingEnable), (20 bytes).
    Removing gpio.o(i.GPIOADCTriggerDisable), (14 bytes).
    Removing gpio.o(i.GPIOADCTriggerEnable), (14 bytes).
    Removing gpio.o(i.GPIODMATriggerDisable), (14 bytes).
    Removing gpio.o(i.GPIODMATriggerEnable), (14 bytes).
    Removing gpio.o(i.GPIODirModeGet), (34 bytes).
    Removing gpio.o(i.GPIOIntRegister), (88 bytes).
    Removing gpio.o(i.GPIOIntTypeGet), (68 bytes).
    Removing gpio.o(i.GPIOIntUnregister), (88 bytes).
    Removing gpio.o(i.GPIOPadConfigGet), (204 bytes).
    Removing gpio.o(i.GPIOPinRead), (6 bytes).
    Removing gpio.o(i.GPIOPinTypeADC), (28 bytes).
    Removing gpio.o(i.GPIOPinTypeCAN), (28 bytes).
    Removing gpio.o(i.GPIOPinTypeCIR), (28 bytes).
    Removing gpio.o(i.GPIOPinTypeComparator), (28 bytes).
    Removing gpio.o(i.GPIOPinTypeEPI), (28 bytes).
    Removing gpio.o(i.GPIOPinTypeEthernetLED), (28 bytes).
    Removing gpio.o(i.GPIOPinTypeEthernetMII), (28 bytes).
    Removing gpio.o(i.GPIOPinTypeGPIOOutputOD), (28 bytes).
    Removing gpio.o(i.GPIOPinTypeI2C), (28 bytes).
    Removing gpio.o(i.GPIOPinTypeI2CSCL), (28 bytes).
    Removing gpio.o(i.GPIOPinTypeKBColumn), (28 bytes).
    Removing gpio.o(i.GPIOPinTypeKBRow), (28 bytes).
    Removing gpio.o(i.GPIOPinTypeLCD), (28 bytes).
    Removing gpio.o(i.GPIOPinTypeLEDSeq), (28 bytes).
    Removing gpio.o(i.GPIOPinTypeLPC), (28 bytes).
    Removing gpio.o(i.GPIOPinTypePECIRx), (28 bytes).
    Removing gpio.o(i.GPIOPinTypePECITx), (28 bytes).
    Removing gpio.o(i.GPIOPinTypePWM), (28 bytes).
    Removing gpio.o(i.GPIOPinTypeQEI), (28 bytes).
    Removing gpio.o(i.GPIOPinTypeTimer), (28 bytes).
    Removing gpio.o(i.GPIOPinTypeUSBAnalog), (28 bytes).
    Removing gpio.o(i.GPIOPinTypeUSBDigital), (28 bytes).
    Removing gpio.o(i.GPIOPinTypeWakeHigh), (30 bytes).
    Removing gpio.o(i.GPIOPinTypeWakeLow), (30 bytes).
    Removing gpio.o(i.GPIOPinWakeStatus), (6 bytes).
    Removing interrupt.o(i.IntDisable), (100 bytes).
    Removing interrupt.o(i.IntIsEnabled), (96 bytes).
    Removing interrupt.o(i.IntMasterDisable), (14 bytes).
    Removing interrupt.o(i.IntPendClear), (68 bytes).
    Removing interrupt.o(i.IntPendSet), (84 bytes).
    Removing interrupt.o(i.IntPriorityGet), (28 bytes).
    Removing interrupt.o(i.IntPriorityGroupingGet), (36 bytes).
    Removing interrupt.o(i.IntPriorityGroupingSet), (28 bytes).
    Removing interrupt.o(i.IntPriorityMaskGet), (4 bytes).
    Removing interrupt.o(i.IntPriorityMaskSet), (4 bytes).
    Removing interrupt.o(i.IntPrioritySet), (40 bytes).
    Removing interrupt.o(i.IntRegister), (52 bytes).
    Removing interrupt.o(i.IntTrigger), (12 bytes).
    Removing interrupt.o(i.IntUnregister), (20 bytes).
    Removing interrupt.o(i._IntDefaultHandler), (2 bytes).
    Removing interrupt.o(vtable), (620 bytes).
    Removing ssi.o(i.SSIAdvDataPutFrameEnd), (20 bytes).
    Removing ssi.o(i.SSIAdvDataPutFrameEndNonBlocking), (26 bytes).
    Removing ssi.o(i.SSIAdvFrameHoldDisable), (10 bytes).
    Removing ssi.o(i.SSIAdvFrameHoldEnable), (10 bytes).
    Removing ssi.o(i.SSIAdvModeSet), (12 bytes).
    Removing ssi.o(i.SSIBusy), (8 bytes).
    Removing ssi.o(i.SSIClockSourceGet), (6 bytes).
    Removing ssi.o(i.SSIClockSourceSet), (6 bytes).
    Removing ssi.o(i.SSIDMADisable), (10 bytes).
    Removing ssi.o(i.SSIDMAEnable), (8 bytes).
    Removing ssi.o(i.SSIDataGet), (14 bytes).
    Removing ssi.o(i.SSIDataPut), (12 bytes).
    Removing ssi.o(i.SSIDisable), (10 bytes).
    Removing ssi.o(i.SSIIntClear), (4 bytes).
    Removing ssi.o(i.SSIIntDisable), (10 bytes).
    Removing ssi.o(i.SSIIntEnable), (8 bytes).
    Removing ssi.o(i.SSIIntRegister), (88 bytes).
    Removing ssi.o(i.SSIIntStatus), (10 bytes).
    Removing ssi.o(i.SSIIntUnregister), (88 bytes).
    Removing ssi.o(.constdata), (64 bytes).
    Removing sysctl.o(i.SysCtlAltClkConfig), (12 bytes).
    Removing sysctl.o(i.SysCtlClockFreqSet), (712 bytes).
    Removing sysctl.o(i.SysCtlClockOutConfig), (16 bytes).
    Removing sysctl.o(i.SysCtlDeepSleep), (32 bytes).
    Removing sysctl.o(i.SysCtlDeepSleepClockConfigSet), (112 bytes).
    Removing sysctl.o(i.SysCtlDeepSleepClockSet), (12 bytes).
    Removing sysctl.o(i.SysCtlDeepSleepPowerSet), (12 bytes).
    Removing sysctl.o(i.SysCtlFlashSectorSizeGet), (56 bytes).
    Removing sysctl.o(i.SysCtlFlashSizeGet), (56 bytes).
    Removing sysctl.o(i.SysCtlGPIOAHBDisable), (28 bytes).
    Removing sysctl.o(i.SysCtlGPIOAHBEnable), (24 bytes).
    Removing sysctl.o(i.SysCtlIntClear), (12 bytes).
    Removing sysctl.o(i.SysCtlIntDisable), (16 bytes).
    Removing sysctl.o(i.SysCtlIntEnable), (16 bytes).
    Removing sysctl.o(i.SysCtlIntRegister), (20 bytes).
    Removing sysctl.o(i.SysCtlIntStatus), (16 bytes).
    Removing sysctl.o(i.SysCtlIntUnregister), (18 bytes).
    Removing sysctl.o(i.SysCtlLDODeepSleepGet), (12 bytes).
    Removing sysctl.o(i.SysCtlLDODeepSleepSet), (12 bytes).
    Removing sysctl.o(i.SysCtlLDOSleepGet), (12 bytes).
    Removing sysctl.o(i.SysCtlLDOSleepSet), (12 bytes).
    Removing sysctl.o(i.SysCtlMOSCConfigSet), (12 bytes).
    Removing sysctl.o(i.SysCtlNMIClear), (16 bytes).
    Removing sysctl.o(i.SysCtlNMIStatus), (12 bytes).
    Removing sysctl.o(i.SysCtlPIOSCCalibrate), (76 bytes).
    Removing sysctl.o(i.SysCtlPWMClockGet), (24 bytes).
    Removing sysctl.o(i.SysCtlPWMClockSet), (20 bytes).
    Removing sysctl.o(i.SysCtlPeripheralClockGating), (68 bytes).
    Removing sysctl.o(i.SysCtlPeripheralDeepSleepDisable), (40 bytes).
    Removing sysctl.o(i.SysCtlPeripheralDeepSleepEnable), (40 bytes).
    Removing sysctl.o(i.SysCtlPeripheralDisable), (40 bytes).
    Removing sysctl.o(i.SysCtlPeripheralPowerOff), (40 bytes).
    Removing sysctl.o(i.SysCtlPeripheralPowerOn), (40 bytes).
    Removing sysctl.o(i.SysCtlPeripheralPresent), (44 bytes).
    Removing sysctl.o(i.SysCtlPeripheralReady), (44 bytes).
    Removing sysctl.o(i.SysCtlPeripheralReset), (60 bytes).
    Removing sysctl.o(i.SysCtlPeripheralSleepDisable), (40 bytes).
    Removing sysctl.o(i.SysCtlPeripheralSleepEnable), (40 bytes).
    Removing sysctl.o(i.SysCtlReset), (16 bytes).
    Removing sysctl.o(i.SysCtlResetBehaviorGet), (12 bytes).
    Removing sysctl.o(i.SysCtlResetBehaviorSet), (12 bytes).
    Removing sysctl.o(i.SysCtlResetCauseClear), (16 bytes).
    Removing sysctl.o(i.SysCtlResetCauseGet), (12 bytes).
    Removing sysctl.o(i.SysCtlSRAMSizeGet), (16 bytes).
    Removing sysctl.o(i.SysCtlSleep), (4 bytes).
    Removing sysctl.o(i.SysCtlSleepPowerSet), (12 bytes).
    Removing sysctl.o(i.SysCtlUSBPLLDisable), (16 bytes).
    Removing sysctl.o(i.SysCtlUSBPLLEnable), (16 bytes).
    Removing sysctl.o(i.SysCtlVoltageEventClear), (16 bytes).
    Removing sysctl.o(i.SysCtlVoltageEventConfig), (12 bytes).
    Removing sysctl.o(i.SysCtlVoltageEventStatus), (12 bytes).
    Removing uart.o(i.UART9BitAddrSend), (38 bytes).
    Removing uart.o(i.UART9BitAddrSet), (10 bytes).
    Removing uart.o(i.UART9BitDisable), (14 bytes).
    Removing uart.o(i.UART9BitEnable), (14 bytes).
    Removing uart.o(i.UARTBreakCtl), (18 bytes).
    Removing uart.o(i.UARTBusy), (8 bytes).
    Removing uart.o(i.UARTCharGet), (12 bytes).
    Removing uart.o(i.UARTCharGetNonBlocking), (16 bytes).
    Removing uart.o(i.UARTCharPut), (12 bytes).
    Removing uart.o(i.UARTCharPutNonBlocking), (16 bytes).
    Removing uart.o(i.UARTCharsAvail), (10 bytes).
    Removing uart.o(i.UARTClockSourceGet), (6 bytes).
    Removing uart.o(i.UARTClockSourceSet), (6 bytes).
    Removing uart.o(i.UARTConfigGetExpClk), (46 bytes).
    Removing uart.o(i.UARTConfigSetExpClk), (110 bytes).
    Removing uart.o(i.UARTDMADisable), (10 bytes).
    Removing uart.o(i.UARTDMAEnable), (8 bytes).
    Removing uart.o(i.UARTDisable), (30 bytes).
    Removing uart.o(i.UARTDisableSIR), (10 bytes).
    Removing uart.o(i.UARTEnable), (20 bytes).
    Removing uart.o(i.UARTEnableSIR), (18 bytes).
    Removing uart.o(i.UARTFIFODisable), (10 bytes).
    Removing uart.o(i.UARTFIFOEnable), (10 bytes).
    Removing uart.o(i.UARTFIFOLevelGet), (16 bytes).
    Removing uart.o(i.UARTFIFOLevelSet), (6 bytes).
    Removing uart.o(i.UARTFlowControlGet), (8 bytes).
    Removing uart.o(i.UARTFlowControlSet), (12 bytes).
    Removing uart.o(i.UARTIntClear), (4 bytes).
    Removing uart.o(i.UARTIntDisable), (10 bytes).
    Removing uart.o(i.UARTIntEnable), (8 bytes).
    Removing uart.o(i.UARTIntRegister), (88 bytes).
    Removing uart.o(i.UARTIntStatus), (10 bytes).
    Removing uart.o(i.UARTIntUnregister), (88 bytes).
    Removing uart.o(i.UARTModemControlClear), (14 bytes).
    Removing uart.o(i.UARTModemControlGet), (8 bytes).
    Removing uart.o(i.UARTModemControlSet), (12 bytes).
    Removing uart.o(i.UARTModemStatusGet), (10 bytes).
    Removing uart.o(i.UARTParityModeGet), (8 bytes).
    Removing uart.o(i.UARTParityModeSet), (12 bytes).
    Removing uart.o(i.UARTRxErrorClear), (6 bytes).
    Removing uart.o(i.UARTRxErrorGet), (8 bytes).
    Removing uart.o(i.UARTSmartCardDisable), (10 bytes).
    Removing uart.o(i.UARTSmartCardEnable), (22 bytes).
    Removing uart.o(i.UARTSpaceAvail), (10 bytes).
    Removing uart.o(i.UARTTxIntModeGet), (8 bytes).
    Removing uart.o(i.UARTTxIntModeSet), (12 bytes).
    Removing uart.o(.constdata), (128 bytes).
    Removing dadd.o(.text), (334 bytes).
    Removing ddiv.o(.text), (222 bytes).
    Removing dfixul.o(.text), (48 bytes).
    Removing cdrcmple.o(.text), (40 bytes).

286 unused section(s) (total 17997 bytes) removed from the image.

==============================================================================

Image Symbol Table

    Local Symbols

    Symbol Name                              Value     Ov Type        Size  Object(Section)

    RESET                                    0x00000000   Section      648  startup_rvmdk.o(RESET)
    ../clib/microlib/division.c              0x00000000   Number         0  uidiv.o ABSOLUTE
    ../clib/microlib/division.c              0x00000000   Number         0  uldiv.o ABSOLUTE
    ../clib/microlib/init/entry.s            0x00000000   Number         0  entry5.o ABSOLUTE
    ../clib/microlib/init/entry.s            0x00000000   Number         0  entry8b.o ABSOLUTE
    ../clib/microlib/init/entry.s            0x00000000   Number         0  entry7b.o ABSOLUTE
    ../clib/microlib/init/entry.s            0x00000000   Number         0  entry7a.o ABSOLUTE
    ../clib/microlib/init/entry.s            0x00000000   Number         0  entry10a.o ABSOLUTE
    ../clib/microlib/init/entry.s            0x00000000   Number         0  entry10b.o ABSOLUTE
    ../clib/microlib/init/entry.s            0x00000000   Number         0  entry.o ABSOLUTE
    ../clib/microlib/init/entry.s            0x00000000   Number         0  entry9a.o ABSOLUTE
    ../clib/microlib/init/entry.s            0x00000000   Number         0  entry2.o ABSOLUTE
    ../clib/microlib/init/entry.s            0x00000000   Number         0  entry9b.o ABSOLUTE
    ../clib/microlib/init/entry.s            0x00000000   Number         0  entry11b.o ABSOLUTE
    ../clib/microlib/init/entry.s            0x00000000   Number         0  entry8a.o ABSOLUTE
    ../clib/microlib/init/entry.s            0x00000000   Number         0  entry11a.o ABSOLUTE
    ../clib/microlib/longlong.c              0x00000000   Number         0  llushr.o ABSOLUTE
    ../clib/microlib/longlong.c              0x00000000   Number         0  llsshr.o ABSOLUTE
    ../clib/microlib/longlong.c              0x00000000   Number         0  llshl.o ABSOLUTE
    ../clib/microlib/printf/printf.c         0x00000000   Number         0  printf8.o ABSOLUTE
    ../clib/microlib/printf/printf.c         0x00000000   Number         0  printf7.o ABSOLUTE
    ../clib/microlib/printf/printf.c         0x00000000   Number         0  printf6.o ABSOLUTE
    ../clib/microlib/printf/printf.c         0x00000000   Number         0  printf4.o ABSOLUTE
    ../clib/microlib/printf/printf.c         0x00000000   Number         0  printf3.o ABSOLUTE
    ../clib/microlib/printf/printf.c         0x00000000   Number         0  printf2.o ABSOLUTE
    ../clib/microlib/printf/printf.c         0x00000000   Number         0  printf1.o ABSOLUTE
    ../clib/microlib/printf/printf.c         0x00000000   Number         0  printf0.o ABSOLUTE
    ../clib/microlib/printf/printf.c         0x00000000   Number         0  printfb.o ABSOLUTE
    ../clib/microlib/printf/printf.c         0x00000000   Number         0  printf5.o ABSOLUTE
    ../clib/microlib/printf/printf.c         0x00000000   Number         0  printfa.o ABSOLUTE
    ../clib/microlib/printf/stubs.s          0x00000000   Number         0  stubs.o ABSOLUTE
    ../clib/microlib/stdio/fputc.c           0x00000000   Number         0  fputc.o ABSOLUTE
    ../clib/microlib/stdio/semi.s            0x00000000   Number         0  semi.o ABSOLUTE
    ../clib/microlib/stdio/streams.c         0x00000000   Number         0  stdout.o ABSOLUTE
    ../clib/microlib/string/memcpy.c         0x00000000   Number         0  memcpya.o ABSOLUTE
    ../clib/microlib/string/memcpy.c         0x00000000   Number         0  memcpyb.o ABSOLUTE
    ../clib/microlib/string/memset.c         0x00000000   Number         0  memseta.o ABSOLUTE
    ../clib/microlib/string/strcpy.c         0x00000000   Number         0  strcpy.o ABSOLUTE
    ../clib/microlib/string/strlen.c         0x00000000   Number         0  strlen.o ABSOLUTE
    ../clib/microlib/stubs.s                 0x00000000   Number         0  iusesemip.o ABSOLUTE
    ../clib/microlib/stubs.s                 0x00000000   Number         0  iusefp.o ABSOLUTE
    ../fplib/microlib/fpadd.c                0x00000000   Number         0  dadd.o ABSOLUTE
    ../fplib/microlib/fpdiv.c                0x00000000   Number         0  ddiv.o ABSOLUTE
    ../fplib/microlib/fpepilogue.c           0x00000000   Number         0  depilogue.o ABSOLUTE
    ../fplib/microlib/fpfix.c                0x00000000   Number         0  dfixul.o ABSOLUTE
    ../fplib/microlib/fpfix.c                0x00000000   Number         0  dfixui.o ABSOLUTE
    ../fplib/microlib/fpflt.c                0x00000000   Number         0  dfltui.o ABSOLUTE
    ../fplib/microlib/fpmul.c                0x00000000   Number         0  dmul.o ABSOLUTE
    ..\cc3100\platform\ek-tm4c123gxl\board.c 0x00000000   Number         0  board.o ABSOLUTE
    ..\cc3100\platform\ek-tm4c123gxl\spi.c   0x00000000   Number         0  spi.o ABSOLUTE
    ..\cc3100\platform\ek-tm4c123gxl\uart.c  0x00000000   Number         0  uart.o ABSOLUTE
    ..\cc3100\simplelink\source\device.c     0x00000000   Number         0  device.o ABSOLUTE
    ..\cc3100\simplelink\source\driver.c     0x00000000   Number         0  driver.o ABSOLUTE
    ..\cc3100\simplelink\source\flowcont.c   0x00000000   Number         0  flowcont.o ABSOLUTE
    ..\cc3100\simplelink\source\fs.c         0x00000000   Number         0  fs.o ABSOLUTE
    ..\cc3100\simplelink\source\netapp.c     0x00000000   Number         0  netapp.o ABSOLUTE
    ..\cc3100\simplelink\source\netcfg.c     0x00000000   Number         0  netcfg.o ABSOLUTE
    ..\cc3100\simplelink\source\nonos.c      0x00000000   Number         0  nonos.o ABSOLUTE
    ..\cc3100\simplelink\source\socket.c     0x00000000   Number         0  socket.o ABSOLUTE
    ..\cc3100\simplelink\source\spawn.c      0x00000000   Number         0  spawn.o ABSOLUTE
    ..\cc3100\simplelink\source\wlan.c       0x00000000   Number         0  wlan.o ABSOLUTE
    ..\utils\uartstdio.c                     0x00000000   Number         0  uartstdio.o ABSOLUTE
    ..\utils\ustdlib.c                       0x00000000   Number         0  ustdlib.o ABSOLUTE
    LED.c                                    0x00000000   Number         0  led.o ABSOLUTE
    Nokia5110.c                              0x00000000   Number         0  nokia5110.o ABSOLUTE
    adc.c                                    0x00000000   Number         0  adc.o ABSOLUTE
    cdrcmple.s                               0x00000000   Number         0  cdrcmple.o ABSOLUTE
    cpu.c                                    0x00000000   Number         0  cpu.o ABSOLUTE
    cpu.c                                    0x00000000   Number         0  cpu.o ABSOLUTE
    dc.s                                     0x00000000   Number         0  dc.o ABSOLUTE
    fpu.c                                    0x00000000   Number         0  fpu.o ABSOLUTE
    gpio.c                                   0x00000000   Number         0  gpio.o ABSOLUTE
    handlers.s                               0x00000000   Number         0  handlers.o ABSOLUTE
    init.s                                   0x00000000   Number         0  init.o ABSOLUTE
    interrupt.c                              0x00000000   Number         0  interrupt.o ABSOLUTE
    main.c                                   0x00000000   Number         0  main.o ABSOLUTE
    ssi.c                                    0x00000000   Number         0  ssi.o ABSOLUTE
    startup_rvmdk.S                          0x00000000   Number         0  startup_rvmdk.o ABSOLUTE
    sysctl.c                                 0x00000000   Number         0  sysctl.o ABSOLUTE
    sysctl.c                                 0x00000000   Number         0  sysctl.o ABSOLUTE
    uart.c                                   0x00000000   Number         0  uart.o ABSOLUTE
    $v0                                      0x0000026c   Number         0  startup_rvmdk.o(RESET)
    NmiSR                                    0x00000281   Thumb Code     0  startup_rvmdk.o(RESET)
    FaultISR                                 0x00000283   Thumb Code     0  startup_rvmdk.o(RESET)
    IntDefaultHandler                        0x00000285   Thumb Code     0  startup_rvmdk.o(RESET)
    .ARM.Collect$$$$00000000                 0x00000288   Section        0  entry.o(.ARM.Collect$$$$00000000)
    .ARM.Collect$$$$00000001                 0x00000288   Section        4  entry2.o(.ARM.Collect$$$$00000001)
    .ARM.Collect$$$$00000004                 0x0000028c   Section        4  entry5.o(.ARM.Collect$$$$00000004)
    .ARM.Collect$$$$00000008                 0x00000290   Section        0  entry7b.o(.ARM.Collect$$$$00000008)
    .ARM.Collect$$$$0000000A                 0x00000290   Section        0  entry8b.o(.ARM.Collect$$$$0000000A)
    .ARM.Collect$$$$0000000B                 0x00000290   Section        8  entry9a.o(.ARM.Collect$$$$0000000B)
    .ARM.Collect$$$$0000000D                 0x00000298   Section        0  entry10a.o(.ARM.Collect$$$$0000000D)
    .ARM.Collect$$$$0000000F                 0x00000298   Section        0  entry11a.o(.ARM.Collect$$$$0000000F)
    .ARM.Collect$$$$00002712                 0x00000298   Section        4  entry2.o(.ARM.Collect$$$$00002712)
    __lit__00000000                          0x00000298   Data           4  entry2.o(.ARM.Collect$$$$00002712)
    .emb_text                                0x0000029c   Section        6  sysctl.o(.emb_text)
    $v0                                      0x0000029c   Number         0  sysctl.o(.emb_text)
    .emb_text                                0x000002a4   Section       38  cpu.o(.emb_text)
    $v0                                      0x000002a4   Number         0  cpu.o(.emb_text)
    .text                                    0x000002ca   Section        0  memcpya.o(.text)
    .text                                    0x000002ee   Section        0  memseta.o(.text)
    .text                                    0x00000312   Section        0  strlen.o(.text)
    .text                                    0x00000320   Section        0  strcpy.o(.text)
    .text                                    0x00000332   Section        0  dmul.o(.text)
    .text                                    0x00000416   Section        0  dfltui.o(.text)
    .text                                    0x00000430   Section        0  dfixui.o(.text)
    .text                                    0x00000462   Section        0  uidiv.o(.text)
    .text                                    0x0000048e   Section        0  llushr.o(.text)
    .text                                    0x000004ae   Section        0  depilogue.o(.text)
    .text                                    0x000004ae   Section        0  iusefp.o(.text)
    .text                                    0x0000056c   Section       36  init.o(.text)
    .text                                    0x00000590   Section        0  llshl.o(.text)
    i.ADC0_InSeq3                            0x000005b0   Section        0  adc.o(i.ADC0_InSeq3)
    i.ADC0_InitSWTriggerSeq3_Ch9             0x00000654   Section        0  adc.o(i.ADC0_InitSWTriggerSeq3_Ch9)
    i.Board_Input                            0x0000075c   Section        0  led.o(i.Board_Input)
    i.CC3100_InterruptDisable                0x00000774   Section        0  board.o(i.CC3100_InterruptDisable)
    i.CC3100_InterruptEnable                 0x00000784   Section        0  board.o(i.CC3100_InterruptEnable)
    i.CC3100_disable                         0x00000794   Section        0  board.o(i.CC3100_disable)
    i.CC3100_enable                          0x000007a8   Section        0  board.o(i.CC3100_enable)
    i.CopyPingResultsToReport                0x000007bc   Section        0  netapp.o(i.CopyPingResultsToReport)
    i.Crash                                  0x000007d6   Section        0  main.o(i.Crash)
    i.FPUEnable                              0x000007ec   Section        0  fpu.o(i.FPUEnable)
    i.FPULazyStackingEnable                  0x000007fc   Section        0  fpu.o(i.FPULazyStackingEnable)
    i.GPIOB_intHandler                       0x0000080c   Section        0  board.o(i.GPIOB_intHandler)
    i.GPIODirModeSet                         0x00000840   Section        0  gpio.o(i.GPIODirModeSet)
    i.GPIOIntClear                           0x00000868   Section        0  gpio.o(i.GPIOIntClear)
    i.GPIOIntDisable                         0x0000086e   Section        0  gpio.o(i.GPIOIntDisable)
    i.GPIOIntEnable                          0x0000087c   Section        0  gpio.o(i.GPIOIntEnable)
    i.GPIOIntStatus                          0x0000088a   Section        0  gpio.o(i.GPIOIntStatus)
    i.GPIOIntTypeSet                         0x00000898   Section        0  gpio.o(i.GPIOIntTypeSet)
    i.GPIOPadConfigSet                       0x000008e8   Section        0  gpio.o(i.GPIOPadConfigSet)
    i.GPIOPinConfigure                       0x00000a24   Section        0  gpio.o(i.GPIOPinConfigure)
    i.GPIOPinTypeGPIOInput                   0x00000a6c   Section        0  gpio.o(i.GPIOPinTypeGPIOInput)
    i.GPIOPinTypeGPIOOutput                  0x00000a88   Section        0  gpio.o(i.GPIOPinTypeGPIOOutput)
    i.GPIOPinTypeSSI                         0x00000aa4   Section        0  gpio.o(i.GPIOPinTypeSSI)
    i.GPIOPinTypeUART                        0x00000ac0   Section        0  gpio.o(i.GPIOPinTypeUART)
    i.GPIOPinWrite                           0x00000adc   Section        0  gpio.o(i.GPIOPinWrite)
    i.GetStartResponseConvert                0x00000ae2   Section        0  device.o(i.GetStartResponseConvert)
    i.IntEnable                              0x00000b30   Section        0  interrupt.o(i.IntEnable)
    i.IntMasterEnable                        0x00000b94   Section        0  interrupt.o(i.IntMasterEnable)
    i.IsBufferEmpty                          0x00000ba2   Section        0  uartstdio.o(i.IsBufferEmpty)
    IsBufferEmpty                            0x00000ba3   Thumb Code    20  uartstdio.o(i.IsBufferEmpty)
    i.IsBufferFull                           0x00000bb6   Section        0  uartstdio.o(i.IsBufferFull)
    IsBufferFull                             0x00000bb7   Thumb Code    30  uartstdio.o(i.IsBufferFull)
    i.LED_GreenOff                           0x00000bd4   Section        0  led.o(i.LED_GreenOff)
    i.LED_GreenOn                            0x00000be0   Section        0  led.o(i.LED_GreenOn)
    i.LED_Init                               0x00000bec   Section        0  led.o(i.LED_Init)
    i.LED_RedToggle                          0x00000c58   Section        0  led.o(i.LED_RedToggle)
    i.SSIConfigSetExpClk                     0x00000c6c   Section        0  ssi.o(i.SSIConfigSetExpClk)
    i.SSIDataGetNonBlocking                  0x00000cb6   Section        0  ssi.o(i.SSIDataGetNonBlocking)
    i.SSIDataPutNonBlocking                  0x00000cca   Section        0  ssi.o(i.SSIDataPutNonBlocking)
    i.SSIEnable                              0x00000cda   Section        0  ssi.o(i.SSIEnable)
    i.SimpleLinkHttpServerCallback           0x00000ce4   Section        0  main.o(i.SimpleLinkHttpServerCallback)
    i.SimpleLinkNetAppEventHandler           0x00000d18   Section        0  main.o(i.SimpleLinkNetAppEventHandler)
    i.SimpleLinkWlanEventHandler             0x00000d64   Section        0  main.o(i.SimpleLinkWlanEventHandler)
    i.SysCtlClockGet                         0x00000e5c   Section        0  sysctl.o(i.SysCtlClockGet)
    i.SysCtlClockSet                         0x00000fc0   Section        0  sysctl.o(i.SysCtlClockSet)
    i.SysCtlPeripheralEnable                 0x000010e0   Section        0  sysctl.o(i.SysCtlPeripheralEnable)
    i.UARTFlushRx                            0x00001108   Section        0  uartstdio.o(i.UARTFlushRx)
    i.UARTFlushTx                            0x00001138   Section        0  uartstdio.o(i.UARTFlushTx)
    i.UARTPrimeTransmit                      0x0000117c   Section        0  uartstdio.o(i.UARTPrimeTransmit)
    UARTPrimeTransmit                        0x0000117d   Thumb Code   118  uartstdio.o(i.UARTPrimeTransmit)
    i.UARTStdioConfig                        0x00001208   Section        0  uartstdio.o(i.UARTStdioConfig)
    i.UARTStdioIntHandler                    0x000012d0   Section        0  uartstdio.o(i.UARTStdioIntHandler)
    i.UART_Init                              0x00001444   Section        0  main.o(i.UART_Init)
    i.UARTprintf                             0x00001484   Section        0  uartstdio.o(i.UARTprintf)
    i.UARTvprintf                            0x000014a0   Section        0  uartstdio.o(i.UARTvprintf)
    i.UARTwrite                              0x000016f0   Section        0  uartstdio.o(i.UARTwrite)
    i._SlAsyncEventGenericHandler            0x00001794   Section        0  driver.o(i._SlAsyncEventGenericHandler)
    i._SlDrvBasicCmd                         0x00001bdc   Section        0  driver.o(i._SlDrvBasicCmd)
    i._SlDrvClassifyRxMsg                    0x00001c0c   Section        0  driver.o(i._SlDrvClassifyRxMsg)
    i._SlDrvCmdOp                            0x00001cd4   Section        0  driver.o(i._SlDrvCmdOp)
    i._SlDrvCmdSend                          0x00001d50   Section        0  driver.o(i._SlDrvCmdSend)
    i._SlDrvDataReadOp                       0x00001d8c   Section        0  driver.o(i._SlDrvDataReadOp)
    i._SlDrvDataWriteOp                      0x00001f5c   Section        0  driver.o(i._SlDrvDataWriteOp)
    i._SlDrvDeviceEventHandler               0x00002114   Section        0  device.o(i._SlDrvDeviceEventHandler)
    i._SlDrvDriverCBDeinit                   0x00002144   Section        0  driver.o(i._SlDrvDriverCBDeinit)
    i._SlDrvDriverCBInit                     0x000021c0   Section        0  driver.o(i._SlDrvDriverCBInit)
    i._SlDrvFlowContDeinit                   0x0000227c   Section        0  flowcont.o(i._SlDrvFlowContDeinit)
    i._SlDrvFlowContInit                     0x000022b8   Section        0  flowcont.o(i._SlDrvFlowContInit)
    i._SlDrvMsgRead                          0x000022f4   Section        0  driver.o(i._SlDrvMsgRead)
    i._SlDrvMsgReadCmdCtx                    0x000027e4   Section        0  driver.o(i._SlDrvMsgReadCmdCtx)
    i._SlDrvMsgReadSpawnCtx                  0x000028e0   Section        0  driver.o(i._SlDrvMsgReadSpawnCtx)
    i._SlDrvMsgWrite                         0x000029c8   Section        0  driver.o(i._SlDrvMsgWrite)
    i._SlDrvNetAppEventHandler               0x00002b88   Section        0  netapp.o(i._SlDrvNetAppEventHandler)
    i._SlDrvObjDeInit                        0x00002c6c   Section        0  driver.o(i._SlDrvObjDeInit)
    i._SlDrvObjInit                          0x00002c90   Section        0  driver.o(i._SlDrvObjInit)
    i._SlDrvReleasePoolObj                   0x00002cf4   Section        0  driver.o(i._SlDrvReleasePoolObj)
    i._SlDrvRxHdrRead                        0x00002ec0   Section        0  driver.o(i._SlDrvRxHdrRead)
    i._SlDrvRxIrqHandler                     0x00003058   Section        0  driver.o(i._SlDrvRxIrqHandler)
    i._SlDrvShiftDWord                       0x000030a4   Section        0  driver.o(i._SlDrvShiftDWord)
    i._SlDrvWaitForPoolObj                   0x000030bc   Section        0  driver.o(i._SlDrvWaitForPoolObj)
    i._SlFindAndSetActiveObj                 0x00003270   Section        0  driver.o(i._SlFindAndSetActiveObj)
    i._SlNonOsMainLoopTask                   0x00003384   Section        0  nonos.o(i._SlNonOsMainLoopTask)
    i._SlNonOsSemGet                         0x000033c4   Section        0  nonos.o(i._SlNonOsSemGet)
    i._SlNonOsSemSet                         0x000033fa   Section        0  nonos.o(i._SlNonOsSemSet)
    i._SlNonOsSpawn                          0x00003404   Section        0  nonos.o(i._SlNonOsSpawn)
    i._SlRemoveFromList                      0x00003430   Section        0  driver.o(i._SlRemoveFromList)
    i.__0sprintf$6                           0x000034bc   Section        0  printf6.o(i.__0sprintf$6)
    i.__scatterload_copy                     0x000034e4   Section       14  handlers.o(i.__scatterload_copy)
    i.__scatterload_null                     0x000034f2   Section        2  handlers.o(i.__scatterload_null)
    i.__scatterload_zeroinit                 0x000034f4   Section       14  handlers.o(i.__scatterload_zeroinit)
    i._printf_core                           0x00003504   Section        0  printf6.o(i._printf_core)
    _printf_core                             0x00003505   Thumb Code   750  printf6.o(i._printf_core)
    i._printf_post_padding                   0x000037f8   Section        0  printf6.o(i._printf_post_padding)
    _printf_post_padding                     0x000037f9   Thumb Code    38  printf6.o(i._printf_post_padding)
    i._printf_pre_padding                    0x0000381e   Section        0  printf6.o(i._printf_pre_padding)
    _printf_pre_padding                      0x0000381f   Thumb Code    48  printf6.o(i._printf_pre_padding)
    i._sl_BuildAddress                       0x0000384e   Section        0  socket.o(i._sl_BuildAddress)
    i._sl_HandleAsync_Accept                 0x0000387c   Section        0  socket.o(i._sl_HandleAsync_Accept)
    i._sl_HandleAsync_Connect                0x0000390c   Section        0  socket.o(i._sl_HandleAsync_Connect)
    i._sl_HandleAsync_DnsGetHostByName       0x000039b0   Section        0  netapp.o(i._sl_HandleAsync_DnsGetHostByName)
    i._sl_HandleAsync_DnsGetHostByService    0x00003a70   Section        0  netapp.o(i._sl_HandleAsync_DnsGetHostByService)
    i._sl_HandleAsync_InitComplete           0x00003b1c   Section        0  device.o(i._sl_HandleAsync_InitComplete)
    i._sl_HandleAsync_PingResponse           0x00003bc8   Section        0  netapp.o(i._sl_HandleAsync_PingResponse)
    i._sl_HandleAsync_Select                 0x00003c84   Section        0  socket.o(i._sl_HandleAsync_Select)
    i._sl_HandleAsync_Stop                   0x00003d04   Section        0  device.o(i._sl_HandleAsync_Stop)
    i._sl_TruncatePayloadByProtocol          0x00003d80   Section        0  socket.o(i._sl_TruncatePayloadByProtocol)
    i._sputc                                 0x00003df4   Section        0  printf6.o(i._sputc)
    _sputc                                   0x00003df5   Thumb Code    10  printf6.o(i._sputc)
    i.configureSimpleLinkToDefaultState      0x00003e00   Section        0  main.o(i.configureSimpleLinkToDefaultState)
    configureSimpleLinkToDefaultState        0x00003e01   Thumb Code   292  main.o(i.configureSimpleLinkToDefaultState)
    i.initClk                                0x00003f40   Section        0  board.o(i.initClk)
    i.main                                   0x00003f58   Section        0  main.o(i.main)
    i.registerInterruptHandler               0x00004130   Section        0  board.o(i.registerInterruptHandler)
    i.sl_Close                               0x00004140   Section        0  socket.o(i.sl_Close)
    i.sl_Connect                             0x00004168   Section        0  socket.o(i.sl_Connect)
    i.sl_DevGet                              0x0000429c   Section        0  device.o(i.sl_DevGet)
    i.sl_Htonl                               0x0000432c   Section        0  socket.o(i.sl_Htonl)
    i.sl_Htons                               0x0000435c   Section        0  socket.o(i.sl_Htons)
    i.sl_NetAppDnsGetHostByName              0x00004388   Section        0  netapp.o(i.sl_NetAppDnsGetHostByName)
    i.sl_NetAppMDNSRegisterUnregisterService 0x000044b0   Section        0  netapp.o(i.sl_NetAppMDNSRegisterUnregisterService)
    i.sl_NetAppMDNSUnRegisterService         0x00004544   Section        0  netapp.o(i.sl_NetAppMDNSUnRegisterService)
    i.sl_NetAppSendTokenValue                0x00004564   Section        0  netapp.o(i.sl_NetAppSendTokenValue)
    i.sl_NetCfgSet                           0x000045bc   Section        0  netcfg.o(i.sl_NetCfgSet)
    i.sl_Recv                                0x00004610   Section        0  socket.o(i.sl_Recv)
    i.sl_Send                                0x00004674   Section        0  socket.o(i.sl_Send)
    i.sl_Socket                              0x00004738   Section        0  socket.o(i.sl_Socket)
    i.sl_Start                               0x0000477c   Section        0  device.o(i.sl_Start)
    i.sl_Stop                                0x00004870   Section        0  device.o(i.sl_Stop)
    i.sl_WlanConnect                         0x00004960   Section        0  wlan.o(i.sl_WlanConnect)
    i.sl_WlanDisconnect                      0x00004b58   Section        0  wlan.o(i.sl_WlanDisconnect)
    i.sl_WlanPolicySet                       0x00004b64   Section        0  wlan.o(i.sl_WlanPolicySet)
    i.sl_WlanProfileDel                      0x00004bb0   Section        0  wlan.o(i.sl_WlanProfileDel)
    i.sl_WlanSet                             0x00004bd8   Section        0  wlan.o(i.sl_WlanSet)
    i.sl_WlanSetMode                         0x00004c2c   Section        0  wlan.o(i.sl_WlanSetMode)
    i.spi_Close                              0x00004c50   Section        0  spi.o(i.spi_Close)
    i.spi_Open                               0x00004c5c   Section        0  spi.o(i.spi_Open)
    i.spi_Read                               0x00004d4c   Section        0  spi.o(i.spi_Read)
    i.spi_Write                              0x00004da0   Section        0  spi.o(i.spi_Write)
    .constdata                               0x00004df0   Section      721  main.o(.constdata)
    ASCII                                    0x00004df0   Data         480  main.o(.constdata)
    .constdata                               0x000050c2   Section       20  device.o(.constdata)
    .constdata                               0x000050d8   Section       72  driver.o(.constdata)
    .constdata                               0x00005120   Section       40  netapp.o(.constdata)
    .constdata                               0x00005148   Section        8  netcfg.o(.constdata)
    .constdata                               0x00005150   Section       48  socket.o(.constdata)
    .constdata                               0x00005180   Section       52  wlan.o(.constdata)
    .constdata                               0x000051b4   Section       40  uartstdio.o(.constdata)
    g_pcHex                                  0x000051b4   Data           4  uartstdio.o(.constdata)
    g_ui32UARTBase                           0x000051b8   Data          12  uartstdio.o(.constdata)
    g_ui32UARTInt                            0x000051c4   Data          12  uartstdio.o(.constdata)
    g_ui32UARTPeriph                         0x000051d0   Data          12  uartstdio.o(.constdata)
    .constdata                               0x000051dc   Section      528  gpio.o(.constdata)
    g_ppui32GPIOIntMapBlizzard               0x000051dc   Data         192  gpio.o(.constdata)
    g_ppui32GPIOIntMapSnowflake              0x0000529c   Data         192  gpio.o(.constdata)
    g_pui32GPIOBaseAddrs                     0x0000535c   Data         144  gpio.o(.constdata)
    .constdata                               0x000053ec   Section      268  interrupt.o(.constdata)
    g_pui32Priority                          0x000053ec   Data          32  interrupt.o(.constdata)
    g_pui32Regs                              0x0000540c   Data         156  interrupt.o(.constdata)
    g_pui32EnRegs                            0x000054a8   Data          20  interrupt.o(.constdata)
    g_pui32Dii16Regs                         0x000054bc   Data          20  interrupt.o(.constdata)
    g_pui32PendRegs                          0x000054d0   Data          20  interrupt.o(.constdata)
    g_pui32UnpendRegs                        0x000054e4   Data          20  interrupt.o(.constdata)
    .constdata                               0x000054f8   Section      452  sysctl.o(.constdata)
    g_pui32VCOFrequencies                    0x000054f8   Data           8  sysctl.o(.constdata)
    g_pui32Xtals                             0x00005500   Data         108  sysctl.o(.constdata)
    g_pppui32XTALtoVCO                       0x0000556c   Data         288  sysctl.o(.constdata)
    g_sXTALtoMEMTIM                          0x0000568c   Data          48  sysctl.o(.constdata)
    .conststring                             0x000056bc   Section       17  uartstdio.o(.conststring)
    .data                                    0x20000000   Section       12  main.o(.data)
    .data                                    0x2000000c   Section        5  board.o(.data)
    .data                                    0x20000014   Section        8  driver.o(.data)
    .data                                    0x2000001c   Section       28  uartstdio.o(.data)
    g_ui32UARTTxWriteIndex                   0x2000001c   Data           4  uartstdio.o(.data)
    g_ui32UARTTxReadIndex                    0x20000020   Data           4  uartstdio.o(.data)
    g_ui32UARTRxWriteIndex                   0x20000024   Data           4  uartstdio.o(.data)
    g_ui32UARTRxReadIndex                    0x20000028   Data           4  uartstdio.o(.data)
    g_ui32Base                               0x2000002c   Data           4  uartstdio.o(.data)
    bLastWasCR                               0x20000030   Data           1  uartstdio.o(.data)
    g_bDisableEcho                           0x20000031   Data           1  uartstdio.o(.data)
    g_ui32PortNum                            0x20000034   Data           4  uartstdio.o(.data)
    .bss                                     0x20000038   Section     1576  main.o(.bss)
    .bss                                     0x20000660   Section      356  driver.o(.bss)
    .bss                                     0x200007c4   Section       40  nonos.o(.bss)
    .bss                                     0x200007ec   Section     1152  uartstdio.o(.bss)
    g_pcUARTTxBuffer                         0x200007ec   Data        1024  uartstdio.o(.bss)
    g_pcUARTRxBuffer                         0x20000bec   Data         128  uartstdio.o(.bss)
    STACK                                    0x20000c70   Section    16384  startup_rvmdk.o(STACK)
    StackMem                                 0x20000c70   Data           0  startup_rvmdk.o(STACK)

    Global Symbols

    Symbol Name                              Value     Ov Type        Size  Object(Section)

    BuildAttributes$$THM_ISAv4$E$P$D$K$B$S$7EM$VFPi3$EXTD16$VFPS$VFMA$PE$A:L22UL41UL21$X:L11$S22US41US21$IEEE1$IW$USESV6$~STKCKD$USESV7$~SHL$OTIME$ROPI$EBA8$MICROLIB$REQ8$PRES8$EABIv2 0x00000000   Number         0  anon$$obj.o ABSOLUTE
    __ARM_use_no_argv                        0x00000000   Number         0  main.o ABSOLUTE
    __Vectors                                0x00000000   Data           0  startup_rvmdk.o(RESET)
    _printf_a                                0x00000000   Number         0  stubs.o ABSOLUTE
    _printf_c                                0x00000000   Number         0  stubs.o ABSOLUTE
    _printf_charcount                        0x00000000   Number         0  stubs.o ABSOLUTE
    _printf_d                                0x00000000   Number         0  stubs.o ABSOLUTE
    _printf_e                                0x00000000   Number         0  stubs.o ABSOLUTE
    _printf_f                                0x00000000   Number         0  stubs.o ABSOLUTE
    _printf_flags                            0x00000000   Number         0  stubs.o ABSOLUTE
    _printf_fp_dec                           0x00000000   Number         0  stubs.o ABSOLUTE
    _printf_fp_hex                           0x00000000   Number         0  stubs.o ABSOLUTE
    _printf_g                                0x00000000   Number         0  stubs.o ABSOLUTE
    _printf_i                                0x00000000   Number         0  stubs.o ABSOLUTE
    _printf_int_dec                          0x00000000   Number         0  stubs.o ABSOLUTE
    _printf_l                                0x00000000   Number         0  stubs.o ABSOLUTE
    _printf_lc                               0x00000000   Number         0  stubs.o ABSOLUTE
    _printf_ll                               0x00000000   Number         0  stubs.o ABSOLUTE
    _printf_lld                              0x00000000   Number         0  stubs.o ABSOLUTE
    _printf_lli                              0x00000000   Number         0  stubs.o ABSOLUTE
    _printf_llo                              0x00000000   Number         0  stubs.o ABSOLUTE
    _printf_llu                              0x00000000   Number         0  stubs.o ABSOLUTE
    _printf_llx                              0x00000000   Number         0  stubs.o ABSOLUTE
    _printf_longlong_dec                     0x00000000   Number         0  stubs.o ABSOLUTE
    _printf_longlong_hex                     0x00000000   Number         0  stubs.o ABSOLUTE
    _printf_longlong_oct                     0x00000000   Number         0  stubs.o ABSOLUTE
    _printf_ls                               0x00000000   Number         0  stubs.o ABSOLUTE
    _printf_mbtowc                           0x00000000   Number         0  stubs.o ABSOLUTE
    _printf_n                                0x00000000   Number         0  stubs.o ABSOLUTE
    _printf_o                                0x00000000   Number         0  stubs.o ABSOLUTE
    _printf_p                                0x00000000   Number         0  stubs.o ABSOLUTE
    _printf_percent                          0x00000000   Number         0  stubs.o ABSOLUTE
    _printf_pre_padding                      0x00000000   Number         0  stubs.o ABSOLUTE
    _printf_return_value                     0x00000000   Number         0  stubs.o ABSOLUTE
    _printf_s                                0x00000000   Number         0  stubs.o ABSOLUTE
    _printf_sizespec                         0x00000000   Number         0  stubs.o ABSOLUTE
    _printf_str                              0x00000000   Number         0  stubs.o ABSOLUTE
    _printf_truncate_signed                  0x00000000   Number         0  stubs.o ABSOLUTE
    _printf_truncate_unsigned                0x00000000   Number         0  stubs.o ABSOLUTE
    _printf_u                                0x00000000   Number         0  stubs.o ABSOLUTE
    _printf_wc                               0x00000000   Number         0  stubs.o ABSOLUTE
    _printf_wctomb                           0x00000000   Number         0  stubs.o ABSOLUTE
    _printf_widthprec                        0x00000000   Number         0  stubs.o ABSOLUTE
    _printf_x                                0x00000000   Number         0  stubs.o ABSOLUTE
    __cpp_initialize__aeabi_                  - Undefined Weak Reference
    __cxa_finalize                            - Undefined Weak Reference
    __decompress                              - Undefined Weak Reference
    _clock_init                               - Undefined Weak Reference
    _microlib_exit                            - Undefined Weak Reference
    Reset_Handler                            0x0000026d   Thumb Code     0  startup_rvmdk.o(RESET)
    __main                                   0x00000289   Thumb Code     0  entry.o(.ARM.Collect$$$$00000000)
    _main_stk                                0x00000289   Thumb Code     0  entry2.o(.ARM.Collect$$$$00000001)
    _main_scatterload                        0x0000028d   Thumb Code     0  entry5.o(.ARM.Collect$$$$00000004)
    __main_after_scatterload                 0x00000291   Thumb Code     0  entry5.o(.ARM.Collect$$$$00000004)
    _main_clock                              0x00000291   Thumb Code     0  entry7b.o(.ARM.Collect$$$$00000008)
    _main_cpp_init                           0x00000291   Thumb Code     0  entry8b.o(.ARM.Collect$$$$0000000A)
    _main_init                               0x00000291   Thumb Code     0  entry9a.o(.ARM.Collect$$$$0000000B)
    __rt_final_cpp                           0x00000299   Thumb Code     0  entry10a.o(.ARM.Collect$$$$0000000D)
    __rt_final_exit                          0x00000299   Thumb Code     0  entry11a.o(.ARM.Collect$$$$0000000F)
    SysCtlDelay                              0x0000029d   Thumb Code     6  sysctl.o(.emb_text)
    CPUcpsid                                 0x000002a5   Thumb Code     8  cpu.o(.emb_text)
    CPUprimask                               0x000002ad   Thumb Code     6  cpu.o(.emb_text)
    CPUcpsie                                 0x000002b3   Thumb Code     8  cpu.o(.emb_text)
    CPUwfi                                   0x000002bb   Thumb Code     4  cpu.o(.emb_text)
    CPUbasepriSet                            0x000002bf   Thumb Code     6  cpu.o(.emb_text)
    CPUbasepriGet                            0x000002c5   Thumb Code     6  cpu.o(.emb_text)
    __aeabi_memcpy                           0x000002cb   Thumb Code    36  memcpya.o(.text)
    __aeabi_memcpy4                          0x000002cb   Thumb Code     0  memcpya.o(.text)
    __aeabi_memcpy8                          0x000002cb   Thumb Code     0  memcpya.o(.text)
    __aeabi_memset                           0x000002ef   Thumb Code    14  memseta.o(.text)
    __aeabi_memset4                          0x000002ef   Thumb Code     0  memseta.o(.text)
    __aeabi_memset8                          0x000002ef   Thumb Code     0  memseta.o(.text)
    __aeabi_memclr                           0x000002fd   Thumb Code     4  memseta.o(.text)
    __aeabi_memclr4                          0x000002fd   Thumb Code     0  memseta.o(.text)
    __aeabi_memclr8                          0x000002fd   Thumb Code     0  memseta.o(.text)
    _memset$wrapper                          0x00000301   Thumb Code    18  memseta.o(.text)
    strlen                                   0x00000313   Thumb Code    14  strlen.o(.text)
    strcpy                                   0x00000321   Thumb Code    18  strcpy.o(.text)
    __aeabi_dmul                             0x00000333   Thumb Code   228  dmul.o(.text)
    __aeabi_ui2d                             0x00000417   Thumb Code    26  dfltui.o(.text)
    __aeabi_d2uiz                            0x00000431   Thumb Code    50  dfixui.o(.text)
    __aeabi_uidiv                            0x00000463   Thumb Code     0  uidiv.o(.text)
    __aeabi_uidivmod                         0x00000463   Thumb Code    44  uidiv.o(.text)
    __aeabi_llsr                             0x0000048f   Thumb Code    32  llushr.o(.text)
    _ll_ushift_r                             0x0000048f   Thumb Code     0  llushr.o(.text)
    __I$use$fp                               0x000004af   Thumb Code     0  iusefp.o(.text)
    _double_round                            0x000004af   Thumb Code    26  depilogue.o(.text)
    _double_epilogue                         0x000004c9   Thumb Code   164  depilogue.o(.text)
    __scatterload                            0x0000056d   Thumb Code    28  init.o(.text)
    __scatterload_rt2                        0x0000056d   Thumb Code     0  init.o(.text)
    __aeabi_llsl                             0x00000591   Thumb Code    30  llshl.o(.text)
    _ll_shift_l                              0x00000591   Thumb Code     0  llshl.o(.text)
    ADC0_InSeq3                              0x000005b1   Thumb Code   132  adc.o(i.ADC0_InSeq3)
    ADC0_InitSWTriggerSeq3_Ch9               0x00000655   Thumb Code   234  adc.o(i.ADC0_InitSWTriggerSeq3_Ch9)
    Board_Input                              0x0000075d   Thumb Code    18  led.o(i.Board_Input)
    CC3100_InterruptDisable                  0x00000775   Thumb Code    12  board.o(i.CC3100_InterruptDisable)
    CC3100_InterruptEnable                   0x00000785   Thumb Code    12  board.o(i.CC3100_InterruptEnable)
    CC3100_disable                           0x00000795   Thumb Code    14  board.o(i.CC3100_disable)
    CC3100_enable                            0x000007a9   Thumb Code    14  board.o(i.CC3100_enable)
    CopyPingResultsToReport                  0x000007bd   Thumb Code    26  netapp.o(i.CopyPingResultsToReport)
    Crash                                    0x000007d7   Thumb Code    20  main.o(i.Crash)
    FPUEnable                                0x000007ed   Thumb Code    12  fpu.o(i.FPUEnable)
    FPULazyStackingEnable                    0x000007fd   Thumb Code    12  fpu.o(i.FPULazyStackingEnable)
    GPIOB_intHandler                         0x0000080d   Thumb Code    42  board.o(i.GPIOB_intHandler)
    GPIODirModeSet                           0x00000841   Thumb Code    40  gpio.o(i.GPIODirModeSet)
    GPIOIntClear                             0x00000869   Thumb Code     6  gpio.o(i.GPIOIntClear)
    GPIOIntDisable                           0x0000086f   Thumb Code    14  gpio.o(i.GPIOIntDisable)
    GPIOIntEnable                            0x0000087d   Thumb Code    14  gpio.o(i.GPIOIntEnable)
    GPIOIntStatus                            0x0000088b   Thumb Code    14  gpio.o(i.GPIOIntStatus)
    GPIOIntTypeSet                           0x00000899   Thumb Code    80  gpio.o(i.GPIOIntTypeSet)
    GPIOPadConfigSet                         0x000008e9   Thumb Code   314  gpio.o(i.GPIOPadConfigSet)
    GPIOPinConfigure                         0x00000a25   Thumb Code    64  gpio.o(i.GPIOPinConfigure)
    GPIOPinTypeGPIOInput                     0x00000a6d   Thumb Code    28  gpio.o(i.GPIOPinTypeGPIOInput)
    GPIOPinTypeGPIOOutput                    0x00000a89   Thumb Code    28  gpio.o(i.GPIOPinTypeGPIOOutput)
    GPIOPinTypeSSI                           0x00000aa5   Thumb Code    28  gpio.o(i.GPIOPinTypeSSI)
    GPIOPinTypeUART                          0x00000ac1   Thumb Code    28  gpio.o(i.GPIOPinTypeUART)
    GPIOPinWrite                             0x00000add   Thumb Code     6  gpio.o(i.GPIOPinWrite)
    GetStartResponseConvert                  0x00000ae3   Thumb Code    78  device.o(i.GetStartResponseConvert)
    IntEnable                                0x00000b31   Thumb Code    92  interrupt.o(i.IntEnable)
    IntMasterEnable                          0x00000b95   Thumb Code    14  interrupt.o(i.IntMasterEnable)
    LED_GreenOff                             0x00000bd5   Thumb Code     8  led.o(i.LED_GreenOff)
    LED_GreenOn                              0x00000be1   Thumb Code     8  led.o(i.LED_GreenOn)
    LED_Init                                 0x00000bed   Thumb Code    88  led.o(i.LED_Init)
    LED_RedToggle                            0x00000c59   Thumb Code    14  led.o(i.LED_RedToggle)
    SSIConfigSetExpClk                       0x00000c6d   Thumb Code    74  ssi.o(i.SSIConfigSetExpClk)
    SSIDataGetNonBlocking                    0x00000cb7   Thumb Code    20  ssi.o(i.SSIDataGetNonBlocking)
    SSIDataPutNonBlocking                    0x00000ccb   Thumb Code    16  ssi.o(i.SSIDataPutNonBlocking)
    SSIEnable                                0x00000cdb   Thumb Code    10  ssi.o(i.SSIEnable)
    SimpleLinkHttpServerCallback             0x00000ce5   Thumb Code    14  main.o(i.SimpleLinkHttpServerCallback)
    SimpleLinkNetAppEventHandler             0x00000d19   Thumb Code    36  main.o(i.SimpleLinkNetAppEventHandler)
    SimpleLinkWlanEventHandler               0x00000d65   Thumb Code    92  main.o(i.SimpleLinkWlanEventHandler)
    SysCtlClockGet                           0x00000e5d   Thumb Code   314  sysctl.o(i.SysCtlClockGet)
    SysCtlClockSet                           0x00000fc1   Thumb Code   270  sysctl.o(i.SysCtlClockSet)
    SysCtlPeripheralEnable                   0x000010e1   Thumb Code    36  sysctl.o(i.SysCtlPeripheralEnable)
    UARTFlushRx                              0x00001109   Thumb Code    38  uartstdio.o(i.UARTFlushRx)
    UARTFlushTx                              0x00001139   Thumb Code    58  uartstdio.o(i.UARTFlushTx)
    UARTStdioConfig                          0x00001209   Thumb Code   178  uartstdio.o(i.UARTStdioConfig)
    UARTStdioIntHandler                      0x000012d1   Thumb Code   330  uartstdio.o(i.UARTStdioIntHandler)
    UART_Init                                0x00001445   Thumb Code    52  main.o(i.UART_Init)
    UARTprintf                               0x00001485   Thumb Code    26  uartstdio.o(i.UARTprintf)
    UARTvprintf                              0x000014a1   Thumb Code   574  uartstdio.o(i.UARTvprintf)
    UARTwrite                                0x000016f1   Thumb Code   146  uartstdio.o(i.UARTwrite)
    _SlAsyncEventGenericHandler              0x00001795   Thumb Code  1090  driver.o(i._SlAsyncEventGenericHandler)
    _SlDrvBasicCmd                           0x00001bdd   Thumb Code    46  driver.o(i._SlDrvBasicCmd)
    _SlDrvClassifyRxMsg                      0x00001c0d   Thumb Code   180  driver.o(i._SlDrvClassifyRxMsg)
    _SlDrvCmdOp                              0x00001cd5   Thumb Code   120  driver.o(i._SlDrvCmdOp)
    _SlDrvCmdSend                            0x00001d51   Thumb Code    56  driver.o(i._SlDrvCmdSend)
    _SlDrvDataReadOp                         0x00001d8d   Thumb Code   454  driver.o(i._SlDrvDataReadOp)
    _SlDrvDataWriteOp                        0x00001f5d   Thumb Code   434  driver.o(i._SlDrvDataWriteOp)
    _SlDrvDeviceEventHandler                 0x00002115   Thumb Code    48  device.o(i._SlDrvDeviceEventHandler)
    _SlDrvDriverCBDeinit                     0x00002145   Thumb Code   120  driver.o(i._SlDrvDriverCBDeinit)
    _SlDrvDriverCBInit                       0x000021c1   Thumb Code   178  driver.o(i._SlDrvDriverCBInit)
    _SlDrvFlowContDeinit                     0x0000227d   Thumb Code    54  flowcont.o(i._SlDrvFlowContDeinit)
    _SlDrvFlowContInit                       0x000022b9   Thumb Code    54  flowcont.o(i._SlDrvFlowContInit)
    _SlDrvMsgRead                            0x000022f5   Thumb Code  1260  driver.o(i._SlDrvMsgRead)
    _SlDrvMsgReadCmdCtx                      0x000027e5   Thumb Code   242  driver.o(i._SlDrvMsgReadCmdCtx)
    _SlDrvMsgReadSpawnCtx                    0x000028e1   Thumb Code   228  driver.o(i._SlDrvMsgReadSpawnCtx)
    _SlDrvMsgWrite                           0x000029c9   Thumb Code   438  driver.o(i._SlDrvMsgWrite)
    _SlDrvNetAppEventHandler                 0x00002b89   Thumb Code   228  netapp.o(i._SlDrvNetAppEventHandler)
    _SlDrvObjDeInit                          0x00002c6d   Thumb Code    30  driver.o(i._SlDrvObjDeInit)
    _SlDrvObjInit                            0x00002c91   Thumb Code    94  driver.o(i._SlDrvObjInit)
    _SlDrvReleasePoolObj                     0x00002cf5   Thumb Code   454  driver.o(i._SlDrvReleasePoolObj)
    _SlDrvRxHdrRead                          0x00002ec1   Thumb Code   390  driver.o(i._SlDrvRxHdrRead)
    _SlDrvRxIrqHandler                       0x00003059   Thumb Code    68  driver.o(i._SlDrvRxIrqHandler)
    _SlDrvShiftDWord                         0x000030a5   Thumb Code    24  driver.o(i._SlDrvShiftDWord)
    _SlDrvWaitForPoolObj                     0x000030bd   Thumb Code   432  driver.o(i._SlDrvWaitForPoolObj)
    _SlFindAndSetActiveObj                   0x00003271   Thumb Code   266  driver.o(i._SlFindAndSetActiveObj)
    _SlNonOsMainLoopTask                     0x00003385   Thumb Code    56  nonos.o(i._SlNonOsMainLoopTask)
    _SlNonOsSemGet                           0x000033c5   Thumb Code    54  nonos.o(i._SlNonOsSemGet)
    _SlNonOsSemSet                           0x000033fb   Thumb Code     8  nonos.o(i._SlNonOsSemSet)
    _SlNonOsSpawn                            0x00003405   Thumb Code    38  nonos.o(i._SlNonOsSpawn)
    _SlRemoveFromList                        0x00003431   Thumb Code   136  driver.o(i._SlRemoveFromList)
    __0sprintf$6                             0x000034bd   Thumb Code    34  printf6.o(i.__0sprintf$6)
    __1sprintf$6                             0x000034bd   Thumb Code     0  printf6.o(i.__0sprintf$6)
    __2sprintf                               0x000034bd   Thumb Code     0  printf6.o(i.__0sprintf$6)
    __scatterload_copy                       0x000034e5   Thumb Code    14  handlers.o(i.__scatterload_copy)
    __scatterload_null                       0x000034f3   Thumb Code     2  handlers.o(i.__scatterload_null)
    __scatterload_zeroinit                   0x000034f5   Thumb Code    14  handlers.o(i.__scatterload_zeroinit)
    _sl_BuildAddress                         0x0000384f   Thumb Code    46  socket.o(i._sl_BuildAddress)
    _sl_HandleAsync_Accept                   0x0000387d   Thumb Code   140  socket.o(i._sl_HandleAsync_Accept)
    _sl_HandleAsync_Connect                  0x0000390d   Thumb Code   160  socket.o(i._sl_HandleAsync_Connect)
    _sl_HandleAsync_DnsGetHostByName         0x000039b1   Thumb Code   186  netapp.o(i._sl_HandleAsync_DnsGetHostByName)
    _sl_HandleAsync_DnsGetHostByService      0x00003a71   Thumb Code   166  netapp.o(i._sl_HandleAsync_DnsGetHostByService)
    _sl_HandleAsync_InitComplete             0x00003b1d   Thumb Code   168  device.o(i._sl_HandleAsync_InitComplete)
    _sl_HandleAsync_PingResponse             0x00003bc9   Thumb Code   180  netapp.o(i._sl_HandleAsync_PingResponse)
    _sl_HandleAsync_Select                   0x00003c85   Thumb Code   122  socket.o(i._sl_HandleAsync_Select)
    _sl_HandleAsync_Stop                     0x00003d05   Thumb Code   118  device.o(i._sl_HandleAsync_Stop)
    _sl_TruncatePayloadByProtocol            0x00003d81   Thumb Code   116  socket.o(i._sl_TruncatePayloadByProtocol)
    initClk                                  0x00003f41   Thumb Code    18  board.o(i.initClk)
    main                                     0x00003f59   Thumb Code   344  main.o(i.main)
    registerInterruptHandler                 0x00004131   Thumb Code    10  board.o(i.registerInterruptHandler)
    sl_Close                                 0x00004141   Thumb Code    34  socket.o(i.sl_Close)
    sl_Connect                               0x00004169   Thumb Code   296  socket.o(i.sl_Connect)
    sl_DevGet                                0x0000429d   Thumb Code   134  device.o(i.sl_DevGet)
    sl_Htonl                                 0x0000432d   Thumb Code    48  socket.o(i.sl_Htonl)
    sl_Htons                                 0x0000435d   Thumb Code    42  socket.o(i.sl_Htons)
    sl_NetAppDnsGetHostByName                0x00004389   Thumb Code   282  netapp.o(i.sl_NetAppDnsGetHostByName)
    sl_NetAppMDNSRegisterUnregisterService   0x000044b1   Thumb Code   142  netapp.o(i.sl_NetAppMDNSRegisterUnregisterService)
    sl_NetAppMDNSUnRegisterService           0x00004545   Thumb Code    32  netapp.o(i.sl_NetAppMDNSUnRegisterService)
    sl_NetAppSendTokenValue                  0x00004565   Thumb Code    84  netapp.o(i.sl_NetAppSendTokenValue)
    sl_NetCfgSet                             0x000045bd   Thumb Code    78  netcfg.o(i.sl_NetCfgSet)
    sl_Recv                                  0x00004611   Thumb Code    94  socket.o(i.sl_Recv)
    sl_Send                                  0x00004675   Thumb Code   188  socket.o(i.sl_Send)
    sl_Socket                                0x00004739   Thumb Code    64  socket.o(i.sl_Socket)
    sl_Start                                 0x0000477d   Thumb Code   230  device.o(i.sl_Start)
    sl_Stop                                  0x00004871   Thumb Code   228  device.o(i.sl_Stop)
    sl_WlanConnect                           0x00004961   Thumb Code   500  wlan.o(i.sl_WlanConnect)
    sl_WlanDisconnect                        0x00004b59   Thumb Code    12  wlan.o(i.sl_WlanDisconnect)
    sl_WlanPolicySet                         0x00004b65   Thumb Code    72  wlan.o(i.sl_WlanPolicySet)
    sl_WlanProfileDel                        0x00004bb1   Thumb Code    34  wlan.o(i.sl_WlanProfileDel)
    sl_WlanSet                               0x00004bd9   Thumb Code    80  wlan.o(i.sl_WlanSet)
    sl_WlanSetMode                           0x00004c2d   Thumb Code    32  wlan.o(i.sl_WlanSetMode)
    spi_Close                                0x00004c51   Thumb Code    12  spi.o(i.spi_Close)
    spi_Open                                 0x00004c5d   Thumb Code   200  spi.o(i.spi_Open)
    spi_Read                                 0x00004d4d   Thumb Code    76  spi.o(i.spi_Read)
    spi_Write                                0x00004da1   Thumb Code    72  spi.o(i.spi_Write)
    _SlStopCmdCtrl                           0x000050c2   Data           4  device.o(.constdata)
    _SlEventMaskSetCmdCtrl                   0x000050c6   Data           4  device.o(.constdata)
    _SlEventMaskGetCmdCtrl                   0x000050ca   Data           4  device.o(.constdata)
    _SlDeviceGetCmdCtrl                      0x000050ce   Data           4  device.o(.constdata)
    _SlDeviceSetCmdCtrl                      0x000050d2   Data           4  device.o(.constdata)
    g_H2NSyncPattern                         0x000050d8   Data           8  driver.o(.constdata)
    g_H2NCnysPattern                         0x000050e0   Data           8  driver.o(.constdata)
    _SlActionLookupTable                     0x000050e8   Data          56  driver.o(.constdata)
    _SlNetAppStartCtrl                       0x00005120   Data           4  netapp.o(.constdata)
    _SlNetAppStopCtrl                        0x00005124   Data           4  netapp.o(.constdata)
    _SlGetServiceListeCtrl                   0x00005128   Data           4  netapp.o(.constdata)
    _SlRegisterServiceCtrl                   0x0000512c   Data           4  netapp.o(.constdata)
    _SlGetHostByServiceCtrl                  0x00005130   Data           4  netapp.o(.constdata)
    _SlGetHostByNameCtrl                     0x00005134   Data           4  netapp.o(.constdata)
    _SlNetAppSetCmdCtrl                      0x00005138   Data           4  netapp.o(.constdata)
    _SlNetAppSendTokenValueCmdCtrl           0x0000513c   Data           4  netapp.o(.constdata)
    _SlNetAppGetCmdCtrl                      0x00005140   Data           4  netapp.o(.constdata)
    _SlNetCfgSetCmdCtrl                      0x00005148   Data           4  netcfg.o(.constdata)
    _SlNetCfgGetCmdCtrl                      0x0000514c   Data           4  netcfg.o(.constdata)
    _SlSockSocketCmdCtrl                     0x00005150   Data           4  socket.o(.constdata)
    _SlSockCloseCmdCtrl                      0x00005154   Data           4  socket.o(.constdata)
    _SlRecvfomCmdCtrl                        0x00005158   Data           4  socket.o(.constdata)
    _SlSendCmdCtrl                           0x0000515c   Data           4  socket.o(.constdata)
    _SlListenCmdCtrl                         0x00005160   Data           4  socket.o(.constdata)
    _SlAcceptCmdCtrl                         0x00005164   Data           4  socket.o(.constdata)
    _SlRecvCmdCtrl                           0x00005168   Data           4  socket.o(.constdata)
    _SlSetSockOptCmdCtrl                     0x0000516c   Data           4  socket.o(.constdata)
    _SlGetSockOptCmdCtrl                     0x00005170   Data           4  socket.o(.constdata)
    _SlSelectCmdCtrl                         0x00005174   Data           4  socket.o(.constdata)
    _SlPolicySetCmdCtrl                      0x00005180   Data           4  wlan.o(.constdata)
    _SlPolicyGetCmdCtrl                      0x00005184   Data           4  wlan.o(.constdata)
    _SlProfileGetCmdCtrl                     0x00005188   Data           4  wlan.o(.constdata)
    _SlProfileDelCmdCtrl                     0x0000518c   Data           4  wlan.o(.constdata)
    _SlWlanGetNetworkListCtrl                0x00005190   Data           4  wlan.o(.constdata)
    _SlRxFilterAddtCmdCtrl                   0x00005194   Data           4  wlan.o(.constdata)
    _SlRxFilterSetCmdCtrl                    0x00005198   Data           4  wlan.o(.constdata)
    _SlRxFilterGetCmdCtrl                    0x0000519c   Data           4  wlan.o(.constdata)
    _SlSmartConfigStartCmdCtrl               0x000051a0   Data           4  wlan.o(.constdata)
    _SlWlanSetModeCmdCtrl                    0x000051a4   Data           4  wlan.o(.constdata)
    _SlWlanCfgSetCmdCtrl                     0x000051a8   Data           4  wlan.o(.constdata)
    _SlWlanCfgGetCmdCtrl                     0x000051ac   Data           4  wlan.o(.constdata)
    Region$$Table$$Base                      0x000056d0   Number         0  anon$$obj.o(Region$$Table)
    Region$$Table$$Limit                     0x000056f0   Number         0  anon$$obj.o(Region$$Table)
    g_Status                                 0x20000000   Data           4  main.o(.data)
    DestinationIP                            0x20000004   Data           4  main.o(.data)
    SockID                                   0x20000008   Data           4  main.o(.data)
    pIrqEventHandler                         0x2000000c   Data           4  board.o(.data)
    IntIsMasked                              0x20000010   Data           1  board.o(.data)
    g_pCB                                    0x20000014   Data           4  driver.o(.data)
    pPingCallBackFunc                        0x20000018   Data           4  driver.o(.data)
    Recvbuff                                 0x20000038   Data        1024  main.o(.bss)
    SendBuff                                 0x20000438   Data         512  main.o(.bss)
    HostName                                 0x20000638   Data          40  main.o(.bss)
    g_StatMem                                0x20000660   Data         356  driver.o(.bss)
    g__SlNonOsCB                             0x200007c4   Data          40  nonos.o(.bss)
    __initial_sp                             0x20004c70   Data           0  startup_rvmdk.o(STACK)



==============================================================================

Memory Map of the image

  Image Entry point : 0x0000026d

  Load Region LR_IROM (Base: 0x00000000, Size: 0x00005728, Max: 0x00040000, ABSOLUTE)

    Execution Region ER_IROM (Base: 0x00000000, Size: 0x000056f0, Max: 0x00040000, ABSOLUTE)

    Base Addr    Size         Type   Attr      Idx    E Section Name        Object

    0x00000000   0x00000288   Code   RO         1127  * RESET               startup_rvmdk.o
    0x00000288   0x00000000   Code   RO         2813  * .ARM.Collect$$$$00000000  mc_w.l(entry.o)
    0x00000288   0x00000004   Code   RO         3093    .ARM.Collect$$$$00000001  mc_w.l(entry2.o)
    0x0000028c   0x00000004   Code   RO         3096    .ARM.Collect$$$$00000004  mc_w.l(entry5.o)
    0x00000290   0x00000000   Code   RO         3098    .ARM.Collect$$$$00000008  mc_w.l(entry7b.o)
    0x00000290   0x00000000   Code   RO         3100    .ARM.Collect$$$$0000000A  mc_w.l(entry8b.o)
    0x00000290   0x00000008   Code   RO         3101    .ARM.Collect$$$$0000000B  mc_w.l(entry9a.o)
    0x00000298   0x00000000   Code   RO         3103    .ARM.Collect$$$$0000000D  mc_w.l(entry10a.o)
    0x00000298   0x00000000   Code   RO         3105    .ARM.Collect$$$$0000000F  mc_w.l(entry11a.o)
    0x00000298   0x00000004   Code   RO         3094    .ARM.Collect$$$$00002712  mc_w.l(entry2.o)
    0x0000029c   0x00000006   Code   RO         2172    .emb_text           driverlib.lib(sysctl.o)
    0x000002a2   0x00000002   PAD
    0x000002a4   0x00000026   Code   RO         2803    .emb_text           driverlib.lib(cpu.o)
    0x000002ca   0x00000024   Code   RO         2816    .text               mc_w.l(memcpya.o)
    0x000002ee   0x00000024   Code   RO         2818    .text               mc_w.l(memseta.o)
    0x00000312   0x0000000e   Code   RO         2820    .text               mc_w.l(strlen.o)
    0x00000320   0x00000012   Code   RO         2822    .text               mc_w.l(strcpy.o)
    0x00000332   0x000000e4   Code   RO         3087    .text               mf_w.l(dmul.o)
    0x00000416   0x0000001a   Code   RO         3089    .text               mf_w.l(dfltui.o)
    0x00000430   0x00000032   Code   RO         3091    .text               mf_w.l(dfixui.o)
    0x00000462   0x0000002c   Code   RO         3110    .text               mc_w.l(uidiv.o)
    0x0000048e   0x00000020   Code   RO         3114    .text               mc_w.l(llushr.o)
    0x000004ae   0x00000000   Code   RO         3116    .text               mc_w.l(iusefp.o)
    0x000004ae   0x000000be   Code   RO         3117    .text               mf_w.l(depilogue.o)
    0x0000056c   0x00000024   Code   RO         3127    .text               mc_w.l(init.o)
    0x00000590   0x0000001e   Code   RO         3130    .text               mc_w.l(llshl.o)
    0x000005ae   0x00000002   PAD
    0x000005b0   0x000000a4   Code   RO         1499    i.ADC0_InSeq3       adc.o
    0x00000654   0x00000108   Code   RO         1500    i.ADC0_InitSWTriggerSeq3_Ch9  adc.o
    0x0000075c   0x00000018   Code   RO          345    i.Board_Input       led.o
    0x00000774   0x00000010   Code   RO          158    i.CC3100_InterruptDisable  board.o
    0x00000784   0x00000010   Code   RO          159    i.CC3100_InterruptEnable  board.o
    0x00000794   0x00000014   Code   RO          160    i.CC3100_disable    board.o
    0x000007a8   0x00000014   Code   RO          161    i.CC3100_enable     board.o
    0x000007bc   0x0000001a   Code   RO          750    i.CopyPingResultsToReport  netapp.o
    0x000007d6   0x00000014   Code   RO            1    i.Crash             main.o
    0x000007ea   0x00000002   PAD
    0x000007ec   0x00000010   Code   RO         1522    i.FPUEnable         driverlib.lib(fpu.o)
    0x000007fc   0x00000010   Code   RO         1525    i.FPULazyStackingEnable  driverlib.lib(fpu.o)
    0x0000080c   0x00000034   Code   RO          163    i.GPIOB_intHandler  board.o
    0x00000840   0x00000028   Code   RO         1595    i.GPIODirModeSet    driverlib.lib(gpio.o)
    0x00000868   0x00000006   Code   RO         1596    i.GPIOIntClear      driverlib.lib(gpio.o)
    0x0000086e   0x0000000e   Code   RO         1597    i.GPIOIntDisable    driverlib.lib(gpio.o)
    0x0000087c   0x0000000e   Code   RO         1598    i.GPIOIntEnable     driverlib.lib(gpio.o)
    0x0000088a   0x0000000e   Code   RO         1600    i.GPIOIntStatus     driverlib.lib(gpio.o)
    0x00000898   0x00000050   Code   RO         1602    i.GPIOIntTypeSet    driverlib.lib(gpio.o)
    0x000008e8   0x0000013a   Code   RO         1605    i.GPIOPadConfigSet  driverlib.lib(gpio.o)
    0x00000a22   0x00000002   PAD
    0x00000a24   0x00000048   Code   RO         1606    i.GPIOPinConfigure  driverlib.lib(gpio.o)
    0x00000a6c   0x0000001c   Code   RO         1615    i.GPIOPinTypeGPIOInput  driverlib.lib(gpio.o)
    0x00000a88   0x0000001c   Code   RO         1616    i.GPIOPinTypeGPIOOutput  driverlib.lib(gpio.o)
    0x00000aa4   0x0000001c   Code   RO         1629    i.GPIOPinTypeSSI    driverlib.lib(gpio.o)
    0x00000ac0   0x0000001c   Code   RO         1631    i.GPIOPinTypeUART   driverlib.lib(gpio.o)
    0x00000adc   0x00000006   Code   RO         1637    i.GPIOPinWrite      driverlib.lib(gpio.o)
    0x00000ae2   0x0000004e   Code   RO          405    i.GetStartResponseConvert  device.o
    0x00000b30   0x00000064   Code   RO         1908    i.IntEnable         driverlib.lib(interrupt.o)
    0x00000b94   0x0000000e   Code   RO         1911    i.IntMasterEnable   driverlib.lib(interrupt.o)
    0x00000ba2   0x00000014   Code   RO         1259    i.IsBufferEmpty     uartstdio.o
    0x00000bb6   0x0000001e   Code   RO         1260    i.IsBufferFull      uartstdio.o
    0x00000bd4   0x0000000c   Code   RO          347    i.LED_GreenOff      led.o
    0x00000be0   0x0000000c   Code   RO          348    i.LED_GreenOn       led.o
    0x00000bec   0x0000006c   Code   RO          350    i.LED_Init          led.o
    0x00000c58   0x00000014   Code   RO          353    i.LED_RedToggle     led.o
    0x00000c6c   0x0000004a   Code   RO         2028    i.SSIConfigSetExpClk  driverlib.lib(ssi.o)
    0x00000cb6   0x00000014   Code   RO         2032    i.SSIDataGetNonBlocking  driverlib.lib(ssi.o)
    0x00000cca   0x00000010   Code   RO         2034    i.SSIDataPutNonBlocking  driverlib.lib(ssi.o)
    0x00000cda   0x0000000a   Code   RO         2036    i.SSIEnable         driverlib.lib(ssi.o)
    0x00000ce4   0x00000034   Code   RO            3    i.SimpleLinkHttpServerCallback  main.o
    0x00000d18   0x0000004c   Code   RO            4    i.SimpleLinkNetAppEventHandler  main.o
    0x00000d64   0x000000f8   Code   RO            6    i.SimpleLinkWlanEventHandler  main.o
    0x00000e5c   0x00000164   Code   RO         2175    i.SysCtlClockGet    driverlib.lib(sysctl.o)
    0x00000fc0   0x00000120   Code   RO         2177    i.SysCtlClockSet    driverlib.lib(sysctl.o)
    0x000010e0   0x00000028   Code   RO         2206    i.SysCtlPeripheralEnable  driverlib.lib(sysctl.o)
    0x00001108   0x00000030   Code   RO         1262    i.UARTFlushRx       uartstdio.o
    0x00001138   0x00000044   Code   RO         1263    i.UARTFlushTx       uartstdio.o
    0x0000117c   0x0000008c   Code   RO         1266    i.UARTPrimeTransmit  uartstdio.o
    0x00001208   0x000000c8   Code   RO         1268    i.UARTStdioConfig   uartstdio.o
    0x000012d0   0x00000174   Code   RO         1269    i.UARTStdioIntHandler  uartstdio.o
    0x00001444   0x00000040   Code   RO            7    i.UART_Init         main.o
    0x00001484   0x0000001a   Code   RO         1273    i.UARTprintf        uartstdio.o
    0x0000149e   0x00000002   PAD
    0x000014a0   0x00000250   Code   RO         1274    i.UARTvprintf       uartstdio.o
    0x000016f0   0x000000a4   Code   RO         1275    i.UARTwrite         uartstdio.o
    0x00001794   0x00000448   Code   RO          529    i._SlAsyncEventGenericHandler  driver.o
    0x00001bdc   0x0000002e   Code   RO          530    i._SlDrvBasicCmd    driver.o
    0x00001c0a   0x00000002   PAD
    0x00001c0c   0x000000c8   Code   RO          531    i._SlDrvClassifyRxMsg  driver.o
    0x00001cd4   0x0000007c   Code   RO          532    i._SlDrvCmdOp       driver.o
    0x00001d50   0x0000003c   Code   RO          533    i._SlDrvCmdSend     driver.o
    0x00001d8c   0x000001d0   Code   RO          534    i._SlDrvDataReadOp  driver.o
    0x00001f5c   0x000001b8   Code   RO          535    i._SlDrvDataWriteOp  driver.o
    0x00002114   0x00000030   Code   RO          406    i._SlDrvDeviceEventHandler  device.o
    0x00002144   0x0000007c   Code   RO          536    i._SlDrvDriverCBDeinit  driver.o
    0x000021c0   0x000000bc   Code   RO          537    i._SlDrvDriverCBInit  driver.o
    0x0000227c   0x0000003c   Code   RO          675    i._SlDrvFlowContDeinit  flowcont.o
    0x000022b8   0x0000003c   Code   RO          676    i._SlDrvFlowContInit  flowcont.o
    0x000022f4   0x000004f0   Code   RO          538    i._SlDrvMsgRead     driver.o
    0x000027e4   0x000000fc   Code   RO          539    i._SlDrvMsgReadCmdCtx  driver.o
    0x000028e0   0x000000e8   Code   RO          540    i._SlDrvMsgReadSpawnCtx  driver.o
    0x000029c8   0x000001c0   Code   RO          541    i._SlDrvMsgWrite    driver.o
    0x00002b88   0x000000e4   Code   RO          751    i._SlDrvNetAppEventHandler  netapp.o
    0x00002c6c   0x00000024   Code   RO          542    i._SlDrvObjDeInit   driver.o
    0x00002c90   0x00000064   Code   RO          543    i._SlDrvObjInit     driver.o
    0x00002cf4   0x000001cc   Code   RO          544    i._SlDrvReleasePoolObj  driver.o
    0x00002ec0   0x00000198   Code   RO          545    i._SlDrvRxHdrRead   driver.o
    0x00003058   0x0000004c   Code   RO          546    i._SlDrvRxIrqHandler  driver.o
    0x000030a4   0x00000018   Code   RO          547    i._SlDrvShiftDWord  driver.o
    0x000030bc   0x000001b4   Code   RO          548    i._SlDrvWaitForPoolObj  driver.o
    0x00003270   0x00000114   Code   RO          549    i._SlFindAndSetActiveObj  driver.o
    0x00003384   0x00000040   Code   RO          888    i._SlNonOsMainLoopTask  nonos.o
    0x000033c4   0x00000036   Code   RO          889    i._SlNonOsSemGet    nonos.o
    0x000033fa   0x00000008   Code   RO          890    i._SlNonOsSemSet    nonos.o
    0x00003402   0x00000002   PAD
    0x00003404   0x0000002c   Code   RO          891    i._SlNonOsSpawn     nonos.o
    0x00003430   0x0000008c   Code   RO          550    i._SlRemoveFromList  driver.o
    0x000034bc   0x00000028   Code   RO         2983    i.__0sprintf$6      mc_w.l(printf6.o)
    0x000034e4   0x0000000e   Code   RO         3137    i.__scatterload_copy  mc_w.l(handlers.o)
    0x000034f2   0x00000002   Code   RO         3138    i.__scatterload_null  mc_w.l(handlers.o)
    0x000034f4   0x0000000e   Code   RO         3139    i.__scatterload_zeroinit  mc_w.l(handlers.o)
    0x00003502   0x00000002   PAD
    0x00003504   0x000002f4   Code   RO         2988    i._printf_core      mc_w.l(printf6.o)
    0x000037f8   0x00000026   Code   RO         2989    i._printf_post_padding  mc_w.l(printf6.o)
    0x0000381e   0x00000030   Code   RO         2990    i._printf_pre_padding  mc_w.l(printf6.o)
    0x0000384e   0x0000002e   Code   RO          925    i._sl_BuildAddress  socket.o
    0x0000387c   0x00000090   Code   RO          926    i._sl_HandleAsync_Accept  socket.o
    0x0000390c   0x000000a4   Code   RO          927    i._sl_HandleAsync_Connect  socket.o
    0x000039b0   0x000000c0   Code   RO          753    i._sl_HandleAsync_DnsGetHostByName  netapp.o
    0x00003a70   0x000000ac   Code   RO          754    i._sl_HandleAsync_DnsGetHostByService  netapp.o
    0x00003b1c   0x000000ac   Code   RO          407    i._sl_HandleAsync_InitComplete  device.o
    0x00003bc8   0x000000bc   Code   RO          755    i._sl_HandleAsync_PingResponse  netapp.o
    0x00003c84   0x00000080   Code   RO          928    i._sl_HandleAsync_Select  socket.o
    0x00003d04   0x0000007c   Code   RO          408    i._sl_HandleAsync_Stop  device.o
    0x00003d80   0x00000074   Code   RO          930    i._sl_TruncatePayloadByProtocol  socket.o
    0x00003df4   0x0000000a   Code   RO         2992    i._sputc            mc_w.l(printf6.o)
    0x00003dfe   0x00000002   PAD
    0x00003e00   0x00000140   Code   RO            8    i.configureSimpleLinkToDefaultState  main.o
    0x00003f40   0x00000018   Code   RO          167    i.initClk           board.o
    0x00003f58   0x000001d8   Code   RO            9    i.main              main.o
    0x00004130   0x00000010   Code   RO          168    i.registerInterruptHandler  board.o
    0x00004140   0x00000028   Code   RO          933    i.sl_Close          socket.o
    0x00004168   0x00000134   Code   RO          934    i.sl_Connect        socket.o
    0x0000429c   0x00000090   Code   RO          409    i.sl_DevGet         device.o
    0x0000432c   0x00000030   Code   RO          936    i.sl_Htonl          socket.o
    0x0000435c   0x0000002a   Code   RO          937    i.sl_Htons          socket.o
    0x00004386   0x00000002   PAD
    0x00004388   0x00000128   Code   RO          756    i.sl_NetAppDnsGetHostByName  netapp.o
    0x000044b0   0x00000094   Code   RO          761    i.sl_NetAppMDNSRegisterUnregisterService  netapp.o
    0x00004544   0x00000020   Code   RO          762    i.sl_NetAppMDNSUnRegisterService  netapp.o
    0x00004564   0x00000058   Code   RO          764    i.sl_NetAppSendTokenValue  netapp.o
    0x000045bc   0x00000054   Code   RO          868    i.sl_NetCfgSet      netcfg.o
    0x00004610   0x00000064   Code   RO          939    i.sl_Recv           socket.o
    0x00004674   0x000000c4   Code   RO          942    i.sl_Send           socket.o
    0x00004738   0x00000044   Code   RO          945    i.sl_Socket         socket.o
    0x0000477c   0x000000f4   Code   RO          413    i.sl_Start          device.o
    0x00004870   0x000000f0   Code   RO          414    i.sl_Stop           device.o
    0x00004960   0x000001f8   Code   RO         1135    i.sl_WlanConnect    wlan.o
    0x00004b58   0x0000000c   Code   RO         1136    i.sl_WlanDisconnect  wlan.o
    0x00004b64   0x0000004c   Code   RO         1140    i.sl_WlanPolicySet  wlan.o
    0x00004bb0   0x00000028   Code   RO         1142    i.sl_WlanProfileDel  wlan.o
    0x00004bd8   0x00000054   Code   RO         1150    i.sl_WlanSet        wlan.o
    0x00004c2c   0x00000024   Code   RO         1151    i.sl_WlanSetMode    wlan.o
    0x00004c50   0x0000000c   Code   RO         1086    i.spi_Close         spi.o
    0x00004c5c   0x000000f0   Code   RO         1087    i.spi_Open          spi.o
    0x00004d4c   0x00000054   Code   RO         1088    i.spi_Read          spi.o
    0x00004da0   0x00000050   Code   RO         1089    i.spi_Write         spi.o
    0x00004df0   0x000002d1   Data   RO           11    .constdata          main.o
    0x000050c1   0x00000001   PAD
    0x000050c2   0x00000014   Data   RO          416    .constdata          device.o
    0x000050d6   0x00000002   PAD
    0x000050d8   0x00000048   Data   RO          552    .constdata          driver.o
    0x00005120   0x00000028   Data   RO          768    .constdata          netapp.o
    0x00005148   0x00000008   Data   RO          869    .constdata          netcfg.o
    0x00005150   0x00000030   Data   RO          946    .constdata          socket.o
    0x00005180   0x00000034   Data   RO         1154    .constdata          wlan.o
    0x000051b4   0x00000028   Data   RO         1277    .constdata          uartstdio.o
    0x000051dc   0x00000210   Data   RO         1638    .constdata          driverlib.lib(gpio.o)
    0x000053ec   0x0000010c   Data   RO         1924    .constdata          driverlib.lib(interrupt.o)
    0x000054f8   0x000001c4   Data   RO         2227    .constdata          driverlib.lib(sysctl.o)
    0x000056bc   0x00000011   Data   RO         1278    .conststring        uartstdio.o
    0x000056cd   0x00000003   PAD
    0x000056d0   0x00000020   Data   RO         3135    Region$$Table       anon$$obj.o


    Execution Region RW_IRAM (Base: 0x20000000, Size: 0x00004c70, Max: 0x00008000, ABSOLUTE)

    Base Addr    Size         Type   Attr      Idx    E Section Name        Object

    0x20000000   0x0000000c   Data   RW           12    .data               main.o
    0x2000000c   0x00000005   Data   RW          170    .data               board.o
    0x20000011   0x00000003   PAD
    0x20000014   0x00000008   Data   RW          553    .data               driver.o
    0x2000001c   0x0000001c   Data   RW         1279    .data               uartstdio.o
    0x20000038   0x00000628   Zero   RW           10    .bss                main.o
    0x20000660   0x00000164   Zero   RW          551    .bss                driver.o
    0x200007c4   0x00000028   Zero   RW          892    .bss                nonos.o
    0x200007ec   0x00000480   Zero   RW         1276    .bss                uartstdio.o
    0x20000c6c   0x00000004   PAD
    0x20000c70   0x00004000   Zero   RW         1125    STACK               startup_rvmdk.o


==============================================================================

Image component sizes


      Code (inc. data)   RO Data    RW Data    ZI Data      Debug   Object Name

       428         62          0          0          0       1031   adc.o
       164         42          0          5          0       3763   board.o
      1050         46         20          0          0      74029   device.o
      6894        166         72          8        356      25203   driver.o
       120         12          0          0          0       1176   flowcont.o
       176         40          0          0          0       1914   led.o
      1252        402        721         12       1576      39609   main.o
      1370         44         40          0          0      10518   netapp.o
        84          6          8          0          0       1557   netcfg.o
         0          0          0          0          0       2768   nokia5110.o
       170         14          0          0         40       3364   nonos.o
      1400         62         48          0          0      10997   socket.o
       416         56          0          0          0       2606   spi.o
       648        622          0          0      16384        220   startup_rvmdk.o
      1660        142         57         28       1152       8523   uartstdio.o
       752         22         52          0          0       6986   wlan.o

    ----------------------------------------------------------------------
     16594       1738       1056         56      19512     194264   Object Totals
         0          0         32          0          0          0   (incl. Generated)
        10          0          6          3          4          0   (incl. Padding)

    ----------------------------------------------------------------------

      Code (inc. data)   RO Data    RW Data    ZI Data      Debug   Library Member Name

        38          0          0          0          0        504   cpu.o
        32          8          0          0          0        780   fpu.o
       672          8        528          0          0       7285   gpio.o
       114          8        268          0          0       1774   interrupt.o
       120          0          0          0          0       2749   ssi.o
       690         64        452          0          0       3951   sysctl.o
         0          0          0          0          0          0   entry.o
         0          0          0          0          0          0   entry10a.o
         0          0          0          0          0          0   entry11a.o
         8          4          0          0          0          0   entry2.o
         4          0          0          0          0          0   entry5.o
         0          0          0          0          0          0   entry7b.o
         0          0          0          0          0          0   entry8b.o
         8          4          0          0          0          0   entry9a.o
        30          0          0          0          0          0   handlers.o
        36          8          0          0          0         68   init.o
         0          0          0          0          0          0   iusefp.o
        30          0          0          0          0         68   llshl.o
        32          0          0          0          0         68   llushr.o
        36          0          0          0          0         68   memcpya.o
        36          0          0          0          0        108   memseta.o
       892         12          0          0          0        420   printf6.o
        18          0          0          0          0         68   strcpy.o
        14          0          0          0          0         68   strlen.o
        44          0          0          0          0         80   uidiv.o
       190          0          0          0          0        176   depilogue.o
        50          0          0          0          0         76   dfixui.o
        26          0          0          0          0         76   dfltui.o
       228          0          0          0          0         96   dmul.o

    ----------------------------------------------------------------------
      3358        116       1248          0          0      18483   Library Totals
        10          0          0          0          0          0   (incl. Padding)

    ----------------------------------------------------------------------

      Code (inc. data)   RO Data    RW Data    ZI Data      Debug   Library Name

      1666         88       1248          0          0      17043   driverlib.lib
      1188         28          0          0          0       1016   mc_w.l
       494          0          0          0          0        424   mf_w.l

    ----------------------------------------------------------------------
      3358        116       1248          0          0      18483   Library Totals

    ----------------------------------------------------------------------

==============================================================================


      Code (inc. data)   RO Data    RW Data    ZI Data      Debug   

     19952       1854       2304         56      19512     200419   Grand Totals
     19952       1854       2304         56      19512     200419   ELF Image Totals
     19952       1854       2304         56          0          0   ROM Totals

==============================================================================

    Total RO  Size (Code + RO Data)                22256 (  21.73kB)
    Total RW  Size (RW Data + ZI Data)             19568 (  19.11kB)
    Total ROM Size (Code + RO Data + RW Data)      22312 (  21.79kB)

==============================================================================

