<html>
<body>
<pre>
<h1>µVision Build Log</h1>
<h2>Project:</h2>
C:\Keil\ValvanoWareTM4C123\Lab 3 - Ryan\AlarmClock.uvproj
Project File Date:  09/14/2016

<h2>Output:</h2>
Rebuild target 'AlarmClock'
assembling startup.s...
compiling PLL.c...
compiling ST7735.c...
compiling AlarmClockTestMain.c...
compiling Timer1.c...
compiling KeepTime.c...
compiling Speaker.c...
compiling Timer2.c...
linking...
Program Size: Code=1332 RO-data=32 RW-data=12 ZI-data=1124  
".\AlarmClock.axf" - 0 Error(s), 0 Warning(s).
information to list image symbols.
Not enough information to list the image map.
Finished: 2 information, 0 warning and 1 error messages.
".\AlarmClock.axf" - 1 Error(s), 0 Warning(s).
Target not created
AlarmClock.axf" 
Connecting: Mode=JTAG, Speed=1000000Hz
Erase Done.
Programming Done.
Verify OK.
