<html>
<body>
<pre>
<h1>µVision Build Log</h1>
<h2>Project:</h2>
C:\Keil\ValvanoWareTM4C123\Lab 3 - Ryan\AlarmClock.uvproj
Project File Date:  09/15/2016

<h2>Output:</h2>
Rebuild target 'AlarmClock'
assembling startup.s...
compiling PLL.c...
compiling ST7735.c...
compiling AlarmClockTestMain.c...
compiling Timer1.c...
compiling KeepTime.c...
compiling Speaker.c...
compiling Timer2.c...
compiling LCDInterface.c...
compiling Switch.c...
compiling Heartbeat.c...
linking...
Program Size: Code=10524 RO-data=2340 RW-data=92 ZI-data=1124  
".\AlarmClock.axf" - 0 Error(s), 0 Warning(s).
ing...
Program Size: Code=10532 RO-data=2340 RW-data=92 ZI-data=1124  
".\AlarmClock.axf" - 0 Error(s), 1 Warning(s).
Load "C:\\Keil\\ValvanoWareTM4C123\\Lab 3 - Ryan\\AlarmClock.axf" 
Connecting: Mode=JTAG, Speed=1000000Hz
Erase Done.
Programming Done.
Verify OK.
AlarmClock.axf" 
Connecting: Mode=JTAG, Speed=1000000Hz
Erase Done.
Programming Done.
Verify OK.
areTM4C123\\Lab 3 - Ryan\\AlarmClock.axf" 
Connecting: Mode=JTAG, Speed=1000000Hz
Erase Done.
Programming Done.
Verify OK.
Error: Target DLL has been cancelled. Debugger aborted !
 "C:\\Keil\\ValvanoWareTM4C123\\Lab 3 - Ryan\\AlarmClock.axf" 
Connecting: Mode=JTAG, Speed=1000000Hz
Erase Done.
Programming Done.
Verify OK.
iling Heartbeat.c...
linking...
.\AlarmClock.axf: Error: L6218E: Undefined symbol getHours (referred from keeptime.o).
.\AlarmClock.axf: Error: L6218E: Undefined symbol getMinutes (referred from keeptime.o).
Not enough information to list image symbols.
Finished: 1 information, 0 warning and 2 error messages.
".\AlarmClock.axf" - 2 Error(s), 7 Warning(s).
Target not created
