<html>
<body>
<pre>
<h1>µVision Build Log</h1>
<h2>Project:</h2>
C:\Keil\ValvanoWareTM4C123\Lab 2 - Fixed\ADCSWTrigger.uvproj
Project File Date:  09/07/2016

<h2>Output:</h2>
Rebuild target 'ADCSWTrigger'
assembling startup.s...
compiling ADCSWTrigger.c...
compiling ADCTestMain.c...
compiling PLL.c...
compiling Timer1.c...
compiling ST7735.c...
linking...
Program Size: Code=4260 RO-data=2052 RW-data=56 ZI-data=25504  
".\ADCSWTrigger.axf" - 0 Error(s), 0 Warning(s).
Load "C:\\Keil\\ValvanoWareTM4C123\\Lab 2 - Fixed\\ADCSWTrigger.axf" 
Connecting: Mode=JTAG, Speed=1000000Hz
Connection failed!, error code=&d
Error: Flash Download failed  -  Target DLL has been cancelled
Load "C:\\Keil\\ValvanoWareTM4C123\\Lab 2 - Fixed\\ADCSWTrigger.axf" 
Connecting: Mode=JTAG, Speed=1000000Hz
Erase Done.
Programming Done.
Verify OK.
</pre>
</body>
</html>
Error(s), 3 Warning(s).
Load "C:\\Keil\\ValvanoWareTM4C123\\Lab 2 - Fixed\\ADCSWTrigger.axf" 
Connecting: Mode=JTAG, Speed=1000000Hz
Erase Done.
Programming Done.
Verify OK.
Fixed\\ADCSWTrigger.axf" 
Connecting: Mode=JTAG, Speed=1000000Hz
Erase Done.
Programming Done.
Verify OK.

TM4C123\\Lab 2 - Fixed\\ADCSWTrigger.axf" 
Connecting: Mode=JTAG, Speed=1000000Hz
Erase Done.
Programming Done.
Verify OK.
0000Hz
Erase Done.
Programming Done.
Verify OK.
