<html>
<body>
<pre>
<h1>µVision Build Log</h1>
<h2>Project:</h2>
C:\Keil\ValvanoWareTM4C123\Lab 1\ST7735.uvproj
Project File Date:  08/31/2016

<h2>Output:</h2>
Rebuild target 'ST7735'
assembling startup.s...
compiling PLL.c...
compiling ST7735.c...
compiling Lab1.c...
compiling fixed.c...
fixed.c(28): warning:  #223-D: function "printf" declared implicitly
                printf("-");
fixed.c(30): warning:  #223-D: function "printf" declared implicitly
                printf(" ");
fixed.c(31): warning:  #223-D: function "abs" declared implicitly
        int32_t absN = abs(n);
fixed.c(34): warning:  #223-D: function "printf" declared implicitly
                printf("*.***");
fixed.c(36): warning:  #223-D: function "printf" declared implicitly
                printf("%1d.%0.3d", absN/1000, absN%1000);
fixed.c(63): warning:  #223-D: function "printf" declared implicitly
                printf("***.**");
fixed.c(65): warning:  #223-D: function "printf" declared implicitly
                printf("%3d.%0.2d", n/256, ((n%256)*100)/256);
fixed.c: 7 warnings, 0 errors
linking...
Program Size: Code=4428 RO-data=4324 RW-data=64 ZI-data=1024  
".\ST7735.axf" - 0 Error(s), 7 Warning(s).
Load "C:\\Keil\\ValvanoWareTM4C123\\Lab 1\\ST7735.axf" 
Connecting: Mode=JTAG, Speed=1000000Hz
Erase Done.
Programming Done.
Verify OK.
Load "C:\\Keil\\ValvanoWareTM4C123\\Lab 1\\ST7735.axf" 
Connecting: Mode=JTAG, Speed=1000000Hz
Erase Done.
Programming Done.
Verify OK.
